Archive member included to satisfy reference by file (symbol)

C:\Users\AGATSUMA\Documents\MCUXpressoIDE_10.1.0_589\workspace\TestProject_ver7.0_kakinaosi\mbed\TARGET_LPC1768\TOOLCHAIN_GCC_CR\libmbed.a(pwmout_api.o)
                              ./main.o (pwmout_write)
C:\Users\AGATSUMA\Documents\MCUXpressoIDE_10.1.0_589\workspace\TestProject_ver7.0_kakinaosi\mbed\TARGET_LPC1768\TOOLCHAIN_GCC_CR\libmbed.a(serial_api.o)
                              C:/Users/AGATSUMA/Documents/MCUXpressoIDE_10.1.0_589/workspace/TestProject_ver7.0_kakinaosi/mbed/TARGET_LPC1768/TOOLCHAIN_GCC_CR/retarget.o (serial_getc)
C:\Users\AGATSUMA\Documents\MCUXpressoIDE_10.1.0_589\workspace\TestProject_ver7.0_kakinaosi\mbed\TARGET_LPC1768\TOOLCHAIN_GCC_CR\libmbed.a(FilePath.o)
                              C:/Users/AGATSUMA/Documents/MCUXpressoIDE_10.1.0_589/workspace/TestProject_ver7.0_kakinaosi/mbed/TARGET_LPC1768/TOOLCHAIN_GCC_CR/retarget.o (mbed::FilePath::FilePath(char const*))
C:\Users\AGATSUMA\Documents\MCUXpressoIDE_10.1.0_589\workspace\TestProject_ver7.0_kakinaosi\mbed\TARGET_LPC1768\TOOLCHAIN_GCC_CR\libmbed.a(FileSystemLike.o)
                              C:/Users/AGATSUMA/Documents/MCUXpressoIDE_10.1.0_589/workspace/TestProject_ver7.0_kakinaosi/mbed/TARGET_LPC1768/TOOLCHAIN_GCC_CR/retarget.o (mbed::FileSystemLike::opendir())
C:\Users\AGATSUMA\Documents\MCUXpressoIDE_10.1.0_589\workspace\TestProject_ver7.0_kakinaosi\mbed\TARGET_LPC1768\TOOLCHAIN_GCC_CR\libmbed.a(Serial.o)
                              ./main.o (mbed::Serial::Serial(PinName, PinName, char const*))
C:\Users\AGATSUMA\Documents\MCUXpressoIDE_10.1.0_589\workspace\TestProject_ver7.0_kakinaosi\mbed\TARGET_LPC1768\TOOLCHAIN_GCC_CR\libmbed.a(SerialBase.o)
                              C:\Users\AGATSUMA\Documents\MCUXpressoIDE_10.1.0_589\workspace\TestProject_ver7.0_kakinaosi\mbed\TARGET_LPC1768\TOOLCHAIN_GCC_CR\libmbed.a(Serial.o) (mbed::SerialBase::SerialBase(PinName, PinName))
C:\Users\AGATSUMA\Documents\MCUXpressoIDE_10.1.0_589\workspace\TestProject_ver7.0_kakinaosi\mbed\TARGET_LPC1768\TOOLCHAIN_GCC_CR\libmbed.a(Stream.o)
                              C:\Users\AGATSUMA\Documents\MCUXpressoIDE_10.1.0_589\workspace\TestProject_ver7.0_kakinaosi\mbed\TARGET_LPC1768\TOOLCHAIN_GCC_CR\libmbed.a(Serial.o) (mbed::Stream::close())
C:\Users\AGATSUMA\Documents\MCUXpressoIDE_10.1.0_589\workspace\TestProject_ver7.0_kakinaosi\mbed\TARGET_LPC1768\TOOLCHAIN_GCC_CR\libmbed.a(assert.o)
                              ./main.o (mbed_assert_internal)
C:\Users\AGATSUMA\Documents\MCUXpressoIDE_10.1.0_589\workspace\TestProject_ver7.0_kakinaosi\mbed\TARGET_LPC1768\TOOLCHAIN_GCC_CR\libmbed.a(error.o)
                              C:/Users/AGATSUMA/Documents/MCUXpressoIDE_10.1.0_589/workspace/TestProject_ver7.0_kakinaosi/mbed/TARGET_LPC1768/TOOLCHAIN_GCC_CR/retarget.o (error)
C:\Users\AGATSUMA\Documents\MCUXpressoIDE_10.1.0_589\workspace\TestProject_ver7.0_kakinaosi\mbed\TARGET_LPC1768\TOOLCHAIN_GCC_CR\libmbed.a(gpio.o)
                              C:\Users\AGATSUMA\Documents\MCUXpressoIDE_10.1.0_589\workspace\TestProject_ver7.0_kakinaosi\mbed\TARGET_LPC1768\TOOLCHAIN_GCC_CR\libmbed.a(serial_api.o) (gpio_init_in)
C:\Users\AGATSUMA\Documents\MCUXpressoIDE_10.1.0_589\workspace\TestProject_ver7.0_kakinaosi\mbed\TARGET_LPC1768\TOOLCHAIN_GCC_CR\libmbed.a(mbed_interface.o)
                              C:/Users/AGATSUMA/Documents/MCUXpressoIDE_10.1.0_589/workspace/TestProject_ver7.0_kakinaosi/mbed/TARGET_LPC1768/TOOLCHAIN_GCC_CR/retarget.o (mbed_interface_connected)
C:\Users\AGATSUMA\Documents\MCUXpressoIDE_10.1.0_589\workspace\TestProject_ver7.0_kakinaosi\mbed\TARGET_LPC1768\TOOLCHAIN_GCC_CR\libmbed.a(pinmap_common.o)
                              C:\Users\AGATSUMA\Documents\MCUXpressoIDE_10.1.0_589\workspace\TestProject_ver7.0_kakinaosi\mbed\TARGET_LPC1768\TOOLCHAIN_GCC_CR\libmbed.a(pwmout_api.o) (pinmap_pinout)
C:\Users\AGATSUMA\Documents\MCUXpressoIDE_10.1.0_589\workspace\TestProject_ver7.0_kakinaosi\mbed\TARGET_LPC1768\TOOLCHAIN_GCC_CR\libmbed.a(semihost_api.o)
                              C:/Users/AGATSUMA/Documents/MCUXpressoIDE_10.1.0_589/workspace/TestProject_ver7.0_kakinaosi/mbed/TARGET_LPC1768/TOOLCHAIN_GCC_CR/retarget.o (semihost_exit)
C:\Users\AGATSUMA\Documents\MCUXpressoIDE_10.1.0_589\workspace\TestProject_ver7.0_kakinaosi\mbed\TARGET_LPC1768\TOOLCHAIN_GCC_CR\libmbed.a(wait_api.o)
                              C:\Users\AGATSUMA\Documents\MCUXpressoIDE_10.1.0_589\workspace\TestProject_ver7.0_kakinaosi\mbed\TARGET_LPC1768\TOOLCHAIN_GCC_CR\libmbed.a(SerialBase.o) (wait_us)
C:\Users\AGATSUMA\Documents\MCUXpressoIDE_10.1.0_589\workspace\TestProject_ver7.0_kakinaosi\mbed\TARGET_LPC1768\TOOLCHAIN_GCC_CR\libmbed.a(gpio_api.o)
                              C:\Users\AGATSUMA\Documents\MCUXpressoIDE_10.1.0_589\workspace\TestProject_ver7.0_kakinaosi\mbed\TARGET_LPC1768\TOOLCHAIN_GCC_CR\libmbed.a(gpio.o) (gpio_init)
[...]
Memory Configuration

Name             Origin             Length             Attributes
MFlash512        0x00000000         0x00080000         xr
RamLoc32         0x100000c8         0x00007f38         xrw
RamAHB_USB       0x2007c000         0x00004000         xrw
RamAHB_Eth       0x20080000         0x00004000         xrw
*default*        0x00000000         0xffffffff

Linker script and memory map

LOAD ./main.o
LOAD C:/Users/AGATSUMA/Documents/MCUXpressoIDE_10.1.0_589/workspace/TestProject_ver7.0_kakinaosi/mbed/TARGET_LPC1768/TOOLCHAIN_GCC_CR/board.o
LOAD C:/Users/AGATSUMA/Documents/MCUXpressoIDE_10.1.0_589/workspace/TestProject_ver7.0_kakinaosi/mbed/TARGET_LPC1768/TOOLCHAIN_GCC_CR/cmsis_nvic.o
LOAD C:/Users/AGATSUMA/Documents/MCUXpressoIDE_10.1.0_589/workspace/TestProject_ver7.0_kakinaosi/mbed/TARGET_LPC1768/TOOLCHAIN_GCC_CR/retarget.o
LOAD C:/Users/AGATSUMA/Documents/MCUXpressoIDE_10.1.0_589/workspace/TestProject_ver7.0_kakinaosi/mbed/TARGET_LPC1768/TOOLCHAIN_GCC_CR/startup_LPC17xx.o
LOAD C:/Users/AGATSUMA/Documents/MCUXpressoIDE_10.1.0_589/workspace/TestProject_ver7.0_kakinaosi/mbed/TARGET_LPC1768/TOOLCHAIN_GCC_CR/system_LPC17xx.o
LOAD C:\Users\AGATSUMA\Documents\MCUXpressoIDE_10.1.0_589\workspace\TestProject_ver7.0_kakinaosi\mbed\TARGET_LPC1768\TOOLCHAIN_GCC_CR\libmbed.a
START GROUP
LOAD c:/nxp/mcuxpressoide_10.1.0_589/ide/tools/bin/../lib/gcc/arm-none-eabi/6.3.1/thumb/v7-m\libgcc.a
LOAD c:/nxp/mcuxpressoide_10.1.0_589/ide/tools/bin/../lib/gcc/arm-none-eabi/6.3.1/../../../../arm-none-eabi/lib/thumb/v7-m\libc.a
LOAD c:/nxp/mcuxpressoide_10.1.0_589/ide/tools/bin/../lib/gcc/arm-none-eabi/6.3.1/../../../../arm-none-eabi/lib/thumb/v7-m\libstdc++.a
LOAD c:/nxp/mcuxpressoide_10.1.0_589/ide/tools/bin/../lib/gcc/arm-none-eabi/6.3.1/../../../../arm-none-eabi/lib/thumb/v7-m\libm.a
LOAD c:/nxp/mcuxpressoide_10.1.0_589/ide/tools/bin/../lib/gcc/arm-none-eabi/6.3.1/../../../../arm-none-eabi/lib/thumb/v7-m\libcr_newlib_nohost.a
LOAD c:/nxp/mcuxpressoide_10.1.0_589/ide/tools/bin/../lib/gcc/arm-none-eabi/6.3.1/thumb/v7-m\crti.o
LOAD c:/nxp/mcuxpressoide_10.1.0_589/ide/tools/bin/../lib/gcc/arm-none-eabi/6.3.1/thumb/v7-m\crtn.o
LOAD c:/nxp/mcuxpressoide_10.1.0_589/ide/tools/bin/../lib/gcc/arm-none-eabi/6.3.1/thumb/v7-m\crtbegin.o
LOAD c:/nxp/mcuxpressoide_10.1.0_589/ide/tools/bin/../lib/gcc/arm-none-eabi/6.3.1/thumb/v7-m\crtend.o
END GROUP
                0x00080000                __top_MFlash512 = 0x80000
                0x10008000                __top_RamLoc32 = 0x10008000
                0x20084000                __top_RamAHB32 = 0x20084000

.text           0x00000000     0xd8fc
 FILL mask 0xff
 *(.isr_vector)
 .isr_vector    0x00000000       0xcc C:/Users/AGATSUMA/Documents/MCUXpressoIDE_10.1.0_589/workspace/TestProject_ver7.0_kakinaosi/mbed/TARGET_LPC1768/TOOLCHAIN_GCC_CR/startup_LPC17xx.o
                0x00000000                g_pfnVectors
                0x000000cc                . = ALIGN (0x4)
                0x000000cc                __section_table_start = .
                0x000000cc                __data_section_table = .
                0x000000cc        0x4 LONG 0xd904 LOADADDR (.data)
                0x000000d0        0x4 LONG 0x100000c8 ADDR (.data)
                0x000000d4        0x4 LONG 0x9d0 SIZEOF (.data)
                0x000000d8        0x4 LONG 0xd904 LOADADDR (.data_RAM2)
                0x000000dc        0x4 LONG 0x2007c000 ADDR (.data_RAM2)
                0x000000e0        0x4 LONG 0x0 SIZEOF (.data_RAM2)
                0x000000e4                __data_section_table_end = .
                0x000000e4                __bss_section_table = .
                0x000000e4        0x4 LONG 0x10000a98 ADDR (.bss)
                0x000000e8        0x4 LONG 0x3a0 SIZEOF (.bss)
                0x000000ec        0x4 LONG 0x2007c000 ADDR (.bss_RAM2)
                0x000000f0        0x4 LONG 0x0 SIZEOF (.bss_RAM2)
                0x000000f4                __bss_section_table_end = .
                0x000000f4                __section_table_end = .
 *(.after_vectors*)
 .after_vectors
                0x000000f4       0xd0 C:/Users/AGATSUMA/Documents/MCUXpressoIDE_10.1.0_589/workspace/TestProject_ver7.0_kakinaosi/mbed/TARGET_LPC1768/TOOLCHAIN_GCC_CR/startup_LPC17xx.o
                0x000000f4                NMI_Handler
                0x000000f8                HardFault_Handler
                0x000000fc                MemManage_Handler
                0x00000100                BusFault_Handler
                0x00000104                UsageFault_Handler
                0x00000108                SVC_Handler
                0x0000010c                DebugMon_Handler
                0x00000110                PendSV_Handler
                0x00000114                SysTick_Handler
                0x00000118                PWM1_IRQHandler
                0x00000118                I2C1_IRQHandler
                0x00000118                EINT2_IRQHandler
                0x00000118                UART1_IRQHandler
                0x00000118                EINT3_IRQHandler
                0x00000118                CANActivity_IRQHandler
                0x00000118                TIMER3_IRQHandler
                0x00000118                UART0_IRQHandler
                0x00000118                MCPWM_IRQHandler
                0x00000118                I2C0_IRQHandler
                0x00000118                IntDefaultHandler
                0x00000118                RIT_IRQHandler
                0x00000118                CAN_IRQHandler
                0x00000118                PLL1_IRQHandler
                0x00000118                SSP0_IRQHandler
                0x00000118                I2S_IRQHandler
                0x00000118                I2C2_IRQHandler
                0x00000118                RTC_IRQHandler
                0x00000118                TIMER0_IRQHandler
                0x00000118                SPI_IRQHandler
                0x00000118                UART3_IRQHandler
                0x00000118                EINT1_IRQHandler
                0x00000118                TIMER1_IRQHandler
                0x00000118                UART2_IRQHandler
                0x00000118                ADC_IRQHandler
                0x00000118                SSP1_IRQHandler
                0x00000118                USB_IRQHandler
                0x00000118                BOD_IRQHandler
                0x00000118                USBActivity_IRQHandler
                0x00000118                WDT_IRQHandler
                0x00000118                PLL0_IRQHandler
                0x00000118                QEI_IRQHandler
                0x00000118                EINT0_IRQHandler
                0x00000118                TIMER2_IRQHandler
                0x00000118                DMA_IRQHandler
                0x00000118                ENET_IRQHandler
                0x0000011c                ResetISR
                0x0000019c                data_init
                0x000001b4                bss_init
 *(.text*)
 .text.gpio_write
                0x000001c4       0x2c ./main.o
 .text._ZN4mbed6SerialD2Ev
                0x000001f0       0x30 ./main.o
                0x000001f0                mbed::Serial::~Serial()
                0x000001f0                mbed::Serial::~Serial()
                0x00000214                non-virtual thunk to mbed::Serial::~Serial()
                0x0000021a                non-virtual thunk to mbed::Serial::~Serial()
 .text._ZN4mbed10DigitalOutC2E7PinName
                0x00000220       0x1a ./main.o
                0x00000220                mbed::DigitalOut::DigitalOut(PinName)
                0x00000220                mbed::DigitalOut::DigitalOut(PinName)
 *fill*         0x0000023a        0x2 ff
 .text._ZN4mbed10DigitalOutaSERS0_
                0x0000023c       0x38 ./main.o
                0x0000023c                mbed::DigitalOut::operator=(mbed::DigitalOut&)
 .text._Z5setUpv
                0x00000274       0x6c ./main.o
                0x00000274                setUp()
 .text._Z4stopv
                0x000002e0       0x50 ./main.o
                0x000002e0                stop()
 .text._Z4hashv
                0x00000330       0x44 ./main.o
                0x00000330                hash()
 .text._Z6serialv
                0x00000374       0x70 ./main.o
                0x00000374                serial()
 .text._Z6actionv
                0x000003e4       0x38 ./main.o
                0x000003e4                action()
 .text._Z4loopv
                0x0000041c       0x40 ./main.o
                0x0000041c                loop()
 .text.startup.main
                0x0000045c        0xa ./main.o
                0x0000045c                main
 .text._ZN4mbed6SerialD0Ev
                0x00000466       0x1e ./main.o
                0x00000466                mbed::Serial::~Serial()
                0x00000478                non-virtual thunk to mbed::Serial::~Serial()
                0x0000047e                non-virtual thunk to mbed::Serial::~Serial()
 .text.startup._GLOBAL__sub_I_ch1
                0x00000484       0xc4 ./main.o
 .text.mbed_die
                0x00000548      0x10c C:/Users/AGATSUMA/Documents/MCUXpressoIDE_10.1.0_589/workspace/TestProject_ver7.0_kakinaosi/mbed/TARGET_LPC1768/TOOLCHAIN_GCC_CR/board.o
                0x00000548                mbed_die
 .text.NVIC_SetVector
                0x00000654       0x3c C:/Users/AGATSUMA/Documents/MCUXpressoIDE_10.1.0_589/workspace/TestProject_ver7.0_kakinaosi/mbed/TARGET_LPC1768/TOOLCHAIN_GCC_CR/cmsis_nvic.o
                0x00000654                NVIC_SetVector
 .text._ZN4mbed10FileHandle4flenEv
                0x00000690       0x34 C:/Users/AGATSUMA/Documents/MCUXpressoIDE_10.1.0_589/workspace/TestProject_ver7.0_kakinaosi/mbed/TARGET_LPC1768/TOOLCHAIN_GCC_CR/retarget.o
                0x00000690                mbed::FileHandle::flen()
 .text._ZN4mbed10FileHandleD2Ev
                0x000006c4       0x2c C:/Users/AGATSUMA/Documents/MCUXpressoIDE_10.1.0_589/workspace/TestProject_ver7.0_kakinaosi/mbed/TARGET_LPC1768/TOOLCHAIN_GCC_CR/retarget.o
                0x000006c4                mbed::FileHandle::~FileHandle()
                0x000006c4                mbed::FileHandle::~FileHandle()
 .text._ZN4mbed10FileHandleD0Ev
                0x000006f0       0x34 C:/Users/AGATSUMA/Documents/MCUXpressoIDE_10.1.0_589/workspace/TestProject_ver7.0_kakinaosi/mbed/TARGET_LPC1768/TOOLCHAIN_GCC_CR/retarget.o
                0x000006f0                mbed::FileHandle::~FileHandle()
 .text._ZL11init_serialv.part.0
                0x00000724       0x18 C:/Users/AGATSUMA/Documents/MCUXpressoIDE_10.1.0_589/workspace/TestProject_ver7.0_kakinaosi/mbed/TARGET_LPC1768/TOOLCHAIN_GCC_CR/retarget.o
 .text._open    0x0000073c       0xfc C:/Users/AGATSUMA/Documents/MCUXpressoIDE_10.1.0_589/workspace/TestProject_ver7.0_kakinaosi/mbed/TARGET_LPC1768/TOOLCHAIN_GCC_CR/retarget.o
                0x0000073c                _open
 .text._close   0x00000838       0x2c C:/Users/AGATSUMA/Documents/MCUXpressoIDE_10.1.0_589/workspace/TestProject_ver7.0_kakinaosi/mbed/TARGET_LPC1768/TOOLCHAIN_GCC_CR/retarget.o
                0x00000838                _close
 .text._write   0x00000864       0x50 C:/Users/AGATSUMA/Documents/MCUXpressoIDE_10.1.0_589/workspace/TestProject_ver7.0_kakinaosi/mbed/TARGET_LPC1768/TOOLCHAIN_GCC_CR/retarget.o
                0x00000864                _write
 .text._read    0x000008b4       0x4c C:/Users/AGATSUMA/Documents/MCUXpressoIDE_10.1.0_589/workspace/TestProject_ver7.0_kakinaosi/mbed/TARGET_LPC1768/TOOLCHAIN_GCC_CR/retarget.o
                0x000008b4                _read
 .text._isatty  0x00000900       0x28 C:/Users/AGATSUMA/Documents/MCUXpressoIDE_10.1.0_589/workspace/TestProject_ver7.0_kakinaosi/mbed/TARGET_LPC1768/TOOLCHAIN_GCC_CR/retarget.o
                0x00000900                _isatty
 .text._lseek   0x00000928       0x28 C:/Users/AGATSUMA/Documents/MCUXpressoIDE_10.1.0_589/workspace/TestProject_ver7.0_kakinaosi/mbed/TARGET_LPC1768/TOOLCHAIN_GCC_CR/retarget.o
                0x00000928                _lseek
 .text._fstat   0x00000950       0x20 C:/Users/AGATSUMA/Documents/MCUXpressoIDE_10.1.0_589/workspace/TestProject_ver7.0_kakinaosi/mbed/TARGET_LPC1768/TOOLCHAIN_GCC_CR/retarget.o
                0x00000950                _fstat
 .text.exit     0x00000970       0x30 C:/Users/AGATSUMA/Documents/MCUXpressoIDE_10.1.0_589/workspace/TestProject_ver7.0_kakinaosi/mbed/TARGET_LPC1768/TOOLCHAIN_GCC_CR/retarget.o
                0x00000970                exit
 .text.__cxa_pure_virtual
                0x000009a0        0x8 C:/Users/AGATSUMA/Documents/MCUXpressoIDE_10.1.0_589/workspace/TestProject_ver7.0_kakinaosi/mbed/TARGET_LPC1768/TOOLCHAIN_GCC_CR/retarget.o
                0x000009a0                __cxa_pure_virtual
 .text._ZN4mbed26mbed_set_unbuffered_streamEP7__sFILE
                0x000009a8        0x8 C:/Users/AGATSUMA/Documents/MCUXpressoIDE_10.1.0_589/workspace/TestProject_ver7.0_kakinaosi/mbed/TARGET_LPC1768/TOOLCHAIN_GCC_CR/retarget.o
                0x000009a8                mbed::mbed_set_unbuffered_stream(__sFILE*)
 .text._ZN4mbed9mbed_getcEP7__sFILE
                0x000009b0        0x4 C:/Users/AGATSUMA/Documents/MCUXpressoIDE_10.1.0_589/workspace/TestProject_ver7.0_kakinaosi/mbed/TARGET_LPC1768/TOOLCHAIN_GCC_CR/retarget.o
                0x000009b0                mbed::mbed_getc(__sFILE*)
 .text.__aeabi_atexit
                0x000009b4        0x4 C:/Users/AGATSUMA/Documents/MCUXpressoIDE_10.1.0_589/workspace/TestProject_ver7.0_kakinaosi/mbed/TARGET_LPC1768/TOOLCHAIN_GCC_CR/startup_LPC17xx.o
                0x000009b4                __aeabi_atexit
 .text._ZdlPv   0x000009b8        0x4 C:/Users/AGATSUMA/Documents/MCUXpressoIDE_10.1.0_589/workspace/TestProject_ver7.0_kakinaosi/mbed/TARGET_LPC1768/TOOLCHAIN_GCC_CR/startup_LPC17xx.o
                0x000009b8                operator delete(void*)
 .text.SystemInit
                0x000009bc       0xb8 C:/Users/AGATSUMA/Documents/MCUXpressoIDE_10.1.0_589/workspace/TestProject_ver7.0_kakinaosi/mbed/TARGET_LPC1768/TOOLCHAIN_GCC_CR/system_LPC17xx.o
                0x000009bc                SystemInit
 .text.pwmout_write
                0x00000a74       0x5c C:\Users\AGATSUMA\Documents\MCUXpressoIDE_10.1.0_589\workspace\TestProject_ver7.0_kakinaosi\mbed\TARGET_LPC1768\TOOLCHAIN_GCC_CR\libmbed.a(pwmout_api.o)
                0x00000a74                pwmout_write
 .text.pwmout_period_us
                0x00000ad0       0x44 C:\Users\AGATSUMA\Documents\MCUXpressoIDE_10.1.0_589\workspace\TestProject_ver7.0_kakinaosi\mbed\TARGET_LPC1768\TOOLCHAIN_GCC_CR\libmbed.a(pwmout_api.o)
                0x00000ad0                pwmout_period_us
 .text.pwmout_init
                0x00000b14       0xd8 C:\Users\AGATSUMA\Documents\MCUXpressoIDE_10.1.0_589\workspace\TestProject_ver7.0_kakinaosi\mbed\TARGET_LPC1768\TOOLCHAIN_GCC_CR\libmbed.a(pwmout_api.o)
                0x00000b14                pwmout_init
 .text.uart2_irq
                0x00000bec       0x64 C:\Users\AGATSUMA\Documents\MCUXpressoIDE_10.1.0_589\workspace\TestProject_ver7.0_kakinaosi\mbed\TARGET_LPC1768\TOOLCHAIN_GCC_CR\libmbed.a(serial_api.o)
                0x00000bec                uart2_irq
 .text.serial_irq_set_internal
                0x00000c50       0xcc C:\Users\AGATSUMA\Documents\MCUXpressoIDE_10.1.0_589\workspace\TestProject_ver7.0_kakinaosi\mbed\TARGET_LPC1768\TOOLCHAIN_GCC_CR\libmbed.a(serial_api.o)
 .text.uart0_irq
                0x00000d1c       0x64 C:\Users\AGATSUMA\Documents\MCUXpressoIDE_10.1.0_589\workspace\TestProject_ver7.0_kakinaosi\mbed\TARGET_LPC1768\TOOLCHAIN_GCC_CR\libmbed.a(serial_api.o)
                0x00000d1c                uart0_irq
 .text.uart3_irq
                0x00000d80       0x6c C:\Users\AGATSUMA\Documents\MCUXpressoIDE_10.1.0_589\workspace\TestProject_ver7.0_kakinaosi\mbed\TARGET_LPC1768\TOOLCHAIN_GCC_CR\libmbed.a(serial_api.o)
                0x00000d80                uart3_irq
 .text.uart1_irq
                0x00000dec       0x64 C:\Users\AGATSUMA\Documents\MCUXpressoIDE_10.1.0_589\workspace\TestProject_ver7.0_kakinaosi\mbed\TARGET_LPC1768\TOOLCHAIN_GCC_CR\libmbed.a(serial_api.o)
                0x00000dec                uart1_irq
 .text.serial_baud
                0x00000e50      0x244 C:\Users\AGATSUMA\Documents\MCUXpressoIDE_10.1.0_589\workspace\TestProject_ver7.0_kakinaosi\mbed\TARGET_LPC1768\TOOLCHAIN_GCC_CR\libmbed.a(serial_api.o)
                0x00000e50                serial_baud
 .text.serial_format
                0x00001094       0x78 C:\Users\AGATSUMA\Documents\MCUXpressoIDE_10.1.0_589\workspace\TestProject_ver7.0_kakinaosi\mbed\TARGET_LPC1768\TOOLCHAIN_GCC_CR\libmbed.a(serial_api.o)
                0x00001094                serial_format
 .text.serial_irq_handler
                0x0000110c       0x20 C:\Users\AGATSUMA\Documents\MCUXpressoIDE_10.1.0_589\workspace\TestProject_ver7.0_kakinaosi\mbed\TARGET_LPC1768\TOOLCHAIN_GCC_CR\libmbed.a(serial_api.o)
                0x0000110c                serial_irq_handler
 .text.serial_getc
                0x0000112c       0x38 C:\Users\AGATSUMA\Documents\MCUXpressoIDE_10.1.0_589\workspace\TestProject_ver7.0_kakinaosi\mbed\TARGET_LPC1768\TOOLCHAIN_GCC_CR\libmbed.a(serial_api.o)
                0x0000112c                serial_getc
 .text.serial_readable
                0x00001164        0xc C:\Users\AGATSUMA\Documents\MCUXpressoIDE_10.1.0_589\workspace\TestProject_ver7.0_kakinaosi\mbed\TARGET_LPC1768\TOOLCHAIN_GCC_CR\libmbed.a(serial_api.o)
                0x00001164                serial_readable
 .text.serial_writable
                0x00001170       0x74 C:\Users\AGATSUMA\Documents\MCUXpressoIDE_10.1.0_589\workspace\TestProject_ver7.0_kakinaosi\mbed\TARGET_LPC1768\TOOLCHAIN_GCC_CR\libmbed.a(serial_api.o)
                0x00001170                serial_writable
 .text.serial_putc
                0x000011e4       0x34 C:\Users\AGATSUMA\Documents\MCUXpressoIDE_10.1.0_589\workspace\TestProject_ver7.0_kakinaosi\mbed\TARGET_LPC1768\TOOLCHAIN_GCC_CR\libmbed.a(serial_api.o)
                0x000011e4                serial_putc
 .text.serial_set_flow_control
                0x00001218      0x12c C:\Users\AGATSUMA\Documents\MCUXpressoIDE_10.1.0_589\workspace\TestProject_ver7.0_kakinaosi\mbed\TARGET_LPC1768\TOOLCHAIN_GCC_CR\libmbed.a(serial_api.o)
                0x00001218                serial_set_flow_control
 .text.serial_init
                0x00001344      0x1bc C:\Users\AGATSUMA\Documents\MCUXpressoIDE_10.1.0_589\workspace\TestProject_ver7.0_kakinaosi\mbed\TARGET_LPC1768\TOOLCHAIN_GCC_CR\libmbed.a(serial_api.o)
                0x00001344                serial_init
 .text._ZN4mbed8FilePathC2EPKc
                0x00001500       0x58 C:\Users\AGATSUMA\Documents\MCUXpressoIDE_10.1.0_589\workspace\TestProject_ver7.0_kakinaosi\mbed\TARGET_LPC1768\TOOLCHAIN_GCC_CR\libmbed.a(FilePath.o)
                0x00001500                mbed::FilePath::FilePath(char const*)
                0x00001500                mbed::FilePath::FilePath(char const*)
 .text._ZN4mbed8FilePath8fileNameEv
                0x00001558        0x4 C:\Users\AGATSUMA\Documents\MCUXpressoIDE_10.1.0_589\workspace\TestProject_ver7.0_kakinaosi\mbed\TARGET_LPC1768\TOOLCHAIN_GCC_CR\libmbed.a(FilePath.o)
                0x00001558                mbed::FilePath::fileName()
 .text._ZN4mbed8FilePath10fileSystemEv
                0x0000155c       0x18 C:\Users\AGATSUMA\Documents\MCUXpressoIDE_10.1.0_589\workspace\TestProject_ver7.0_kakinaosi\mbed\TARGET_LPC1768\TOOLCHAIN_GCC_CR\libmbed.a(FilePath.o)
                0x0000155c                mbed::FilePath::fileSystem()
 .text._ZN4mbed8FilePath6isFileEv
                0x00001574       0x14 C:\Users\AGATSUMA\Documents\MCUXpressoIDE_10.1.0_589\workspace\TestProject_ver7.0_kakinaosi\mbed\TARGET_LPC1768\TOOLCHAIN_GCC_CR\libmbed.a(FilePath.o)
                0x00001574                mbed::FilePath::isFile()
 .text._ZN4mbed8FilePath4fileEv
                0x00001588       0x1c C:\Users\AGATSUMA\Documents\MCUXpressoIDE_10.1.0_589\workspace\TestProject_ver7.0_kakinaosi\mbed\TARGET_LPC1768\TOOLCHAIN_GCC_CR\libmbed.a(FilePath.o)
                0x00001588                mbed::FilePath::file()
 .text._ZN4mbed8FilePath6existsEv
                0x000015a4        0xc C:\Users\AGATSUMA\Documents\MCUXpressoIDE_10.1.0_589\workspace\TestProject_ver7.0_kakinaosi\mbed\TARGET_LPC1768\TOOLCHAIN_GCC_CR\libmbed.a(FilePath.o)
                0x000015a4                mbed::FilePath::exists()
 .text._ZN4mbed10SerialBaseD2Ev
                0x000015b0        0xc C:\Users\AGATSUMA\Documents\MCUXpressoIDE_10.1.0_589\workspace\TestProject_ver7.0_kakinaosi\mbed\TARGET_LPC1768\TOOLCHAIN_GCC_CR\libmbed.a(Serial.o)
                0x000015b0                mbed::SerialBase::~SerialBase()
                0x000015b0                mbed::SerialBase::~SerialBase()
 .text._ZN4mbed10SerialBaseD0Ev
                0x000015bc       0x14 C:\Users\AGATSUMA\Documents\MCUXpressoIDE_10.1.0_589\workspace\TestProject_ver7.0_kakinaosi\mbed\TARGET_LPC1768\TOOLCHAIN_GCC_CR\libmbed.a(Serial.o)
                0x000015bc                mbed::SerialBase::~SerialBase()
 .text._ZN4mbed6Serial5_getcEv
                0x000015d0        0x4 C:\Users\AGATSUMA\Documents\MCUXpressoIDE_10.1.0_589\workspace\TestProject_ver7.0_kakinaosi\mbed\TARGET_LPC1768\TOOLCHAIN_GCC_CR\libmbed.a(Serial.o)
                0x000015d0                mbed::Serial::_getc()
 .text._ZThn64_N4mbed6Serial5_getcEv
                0x000015d4        0x8 C:\Users\AGATSUMA\Documents\MCUXpressoIDE_10.1.0_589\workspace\TestProject_ver7.0_kakinaosi\mbed\TARGET_LPC1768\TOOLCHAIN_GCC_CR\libmbed.a(Serial.o)
                0x000015d4                non-virtual thunk to mbed::Serial::_getc()
 .text._ZN4mbed6Serial5_putcEi
                0x000015dc        0x4 C:\Users\AGATSUMA\Documents\MCUXpressoIDE_10.1.0_589\workspace\TestProject_ver7.0_kakinaosi\mbed\TARGET_LPC1768\TOOLCHAIN_GCC_CR\libmbed.a(Serial.o)
                0x000015dc                mbed::Serial::_putc(int)
 .text._ZThn64_N4mbed6Serial5_putcEi
                0x000015e0        0x8 C:\Users\AGATSUMA\Documents\MCUXpressoIDE_10.1.0_589\workspace\TestProject_ver7.0_kakinaosi\mbed\TARGET_LPC1768\TOOLCHAIN_GCC_CR\libmbed.a(Serial.o)
                0x000015e0                non-virtual thunk to mbed::Serial::_putc(int)
 .text._ZN4mbed6SerialC2E7PinNameS1_PKc
                0x000015e8       0x30 C:\Users\AGATSUMA\Documents\MCUXpressoIDE_10.1.0_589\workspace\TestProject_ver7.0_kakinaosi\mbed\TARGET_LPC1768\TOOLCHAIN_GCC_CR\libmbed.a(Serial.o)
                0x000015e8                mbed::Serial::Serial(PinName, PinName, char const*)
                0x000015e8                mbed::Serial::Serial(PinName, PinName, char const*)
 .text._ZN4mbed10SerialBase12_irq_handlerEm9SerialIrq
                0x00001618       0x28 C:\Users\AGATSUMA\Documents\MCUXpressoIDE_10.1.0_589\workspace\TestProject_ver7.0_kakinaosi\mbed\TARGET_LPC1768\TOOLCHAIN_GCC_CR\libmbed.a(SerialBase.o)
                0x00001618                mbed::SerialBase::_irq_handler(unsigned long, SerialIrq)
 .text._ZN4mbed10SerialBaseC2E7PinNameS1_
                0x00001640       0x3c C:\Users\AGATSUMA\Documents\MCUXpressoIDE_10.1.0_589\workspace\TestProject_ver7.0_kakinaosi\mbed\TARGET_LPC1768\TOOLCHAIN_GCC_CR\libmbed.a(SerialBase.o)
                0x00001640                mbed::SerialBase::SerialBase(PinName, PinName)
                0x00001640                mbed::SerialBase::SerialBase(PinName, PinName)
 .text._ZN4mbed10SerialBase4baudEi
                0x0000167c       0x10 C:\Users\AGATSUMA\Documents\MCUXpressoIDE_10.1.0_589\workspace\TestProject_ver7.0_kakinaosi\mbed\TARGET_LPC1768\TOOLCHAIN_GCC_CR\libmbed.a(SerialBase.o)
                0x0000167c                mbed::SerialBase::baud(int)
 .text._ZN4mbed10SerialBase8readableEv
                0x0000168c        0x8 C:\Users\AGATSUMA\Documents\MCUXpressoIDE_10.1.0_589\workspace\TestProject_ver7.0_kakinaosi\mbed\TARGET_LPC1768\TOOLCHAIN_GCC_CR\libmbed.a(SerialBase.o)
                0x0000168c                mbed::SerialBase::readable()
 .text._ZN4mbed10SerialBase10_base_getcEv
                0x00001694        0x8 C:\Users\AGATSUMA\Documents\MCUXpressoIDE_10.1.0_589\workspace\TestProject_ver7.0_kakinaosi\mbed\TARGET_LPC1768\TOOLCHAIN_GCC_CR\libmbed.a(SerialBase.o)
                0x00001694                mbed::SerialBase::_base_getc()
 .text._ZN4mbed10SerialBase10_base_putcEi
                0x0000169c       0x10 C:\Users\AGATSUMA\Documents\MCUXpressoIDE_10.1.0_589\workspace\TestProject_ver7.0_kakinaosi\mbed\TARGET_LPC1768\TOOLCHAIN_GCC_CR\libmbed.a(SerialBase.o)
                0x0000169c                mbed::SerialBase::_base_putc(int)
 .text._ZN4mbed6Stream5closeEv
                0x000016ac        0x4 C:\Users\AGATSUMA\Documents\MCUXpressoIDE_10.1.0_589\workspace\TestProject_ver7.0_kakinaosi\mbed\TARGET_LPC1768\TOOLCHAIN_GCC_CR\libmbed.a(Stream.o)
                0x000016ac                mbed::Stream::close()
 .text._ZN4mbed6Stream5writeEPKvj
                0x000016b0       0x30 C:\Users\AGATSUMA\Documents\MCUXpressoIDE_10.1.0_589\workspace\TestProject_ver7.0_kakinaosi\mbed\TARGET_LPC1768\TOOLCHAIN_GCC_CR\libmbed.a(Stream.o)
                0x000016b0                mbed::Stream::write(void const*, unsigned int)
 .text._ZN4mbed6Stream4readEPvj
                0x000016e0       0x30 C:\Users\AGATSUMA\Documents\MCUXpressoIDE_10.1.0_589\workspace\TestProject_ver7.0_kakinaosi\mbed\TARGET_LPC1768\TOOLCHAIN_GCC_CR\libmbed.a(Stream.o)
                0x000016e0                mbed::Stream::read(void*, unsigned int)
 .text._ZN4mbed6Stream5lseekEli
                0x00001710        0x4 C:\Users\AGATSUMA\Documents\MCUXpressoIDE_10.1.0_589\workspace\TestProject_ver7.0_kakinaosi\mbed\TARGET_LPC1768\TOOLCHAIN_GCC_CR\libmbed.a(Stream.o)
                0x00001710                mbed::Stream::lseek(long, int)
 .text._ZN4mbed6Stream6isattyEv
                0x00001714        0x4 C:\Users\AGATSUMA\Documents\MCUXpressoIDE_10.1.0_589\workspace\TestProject_ver7.0_kakinaosi\mbed\TARGET_LPC1768\TOOLCHAIN_GCC_CR\libmbed.a(Stream.o)
                0x00001714                mbed::Stream::isatty()
 .text._ZN4mbed6Stream5fsyncEv
                0x00001718        0x4 C:\Users\AGATSUMA\Documents\MCUXpressoIDE_10.1.0_589\workspace\TestProject_ver7.0_kakinaosi\mbed\TARGET_LPC1768\TOOLCHAIN_GCC_CR\libmbed.a(Stream.o)
                0x00001718                mbed::Stream::fsync()
 .text._ZN4mbed6Stream4flenEv
                0x0000171c        0x4 C:\Users\AGATSUMA\Documents\MCUXpressoIDE_10.1.0_589\workspace\TestProject_ver7.0_kakinaosi\mbed\TARGET_LPC1768\TOOLCHAIN_GCC_CR\libmbed.a(Stream.o)
                0x0000171c                mbed::Stream::flen()
 .text._ZN4mbed6StreamD2Ev
                0x00001720       0x24 C:\Users\AGATSUMA\Documents\MCUXpressoIDE_10.1.0_589\workspace\TestProject_ver7.0_kakinaosi\mbed\TARGET_LPC1768\TOOLCHAIN_GCC_CR\libmbed.a(Stream.o)
                0x00001720                mbed::Stream::~Stream()
                0x00001720                mbed::Stream::~Stream()
 .text._ZThn4_N4mbed6StreamD1Ev
                0x00001744        0x8 C:\Users\AGATSUMA\Documents\MCUXpressoIDE_10.1.0_589\workspace\TestProject_ver7.0_kakinaosi\mbed\TARGET_LPC1768\TOOLCHAIN_GCC_CR\libmbed.a(Stream.o)
                0x00001744                non-virtual thunk to mbed::Stream::~Stream()
 .text._ZN4mbed6StreamD0Ev
                0x0000174c       0x14 C:\Users\AGATSUMA\Documents\MCUXpressoIDE_10.1.0_589\workspace\TestProject_ver7.0_kakinaosi\mbed\TARGET_LPC1768\TOOLCHAIN_GCC_CR\libmbed.a(Stream.o)
                0x0000174c                mbed::Stream::~Stream()
 .text._ZThn4_N4mbed6StreamD0Ev
                0x00001760        0x8 C:\Users\AGATSUMA\Documents\MCUXpressoIDE_10.1.0_589\workspace\TestProject_ver7.0_kakinaosi\mbed\TARGET_LPC1768\TOOLCHAIN_GCC_CR\libmbed.a(Stream.o)
                0x00001760                non-virtual thunk to mbed::Stream::~Stream()
 .text._ZN4mbed6StreamC2EPKc
                0x00001768       0x44 C:\Users\AGATSUMA\Documents\MCUXpressoIDE_10.1.0_589\workspace\TestProject_ver7.0_kakinaosi\mbed\TARGET_LPC1768\TOOLCHAIN_GCC_CR\libmbed.a(Stream.o)
                0x00001768                mbed::Stream::Stream(char const*)
                0x00001768                mbed::Stream::Stream(char const*)
 .text._ZN4mbed6Stream4getcEv
                0x000017ac       0x14 C:\Users\AGATSUMA\Documents\MCUXpressoIDE_10.1.0_589\workspace\TestProject_ver7.0_kakinaosi\mbed\TARGET_LPC1768\TOOLCHAIN_GCC_CR\libmbed.a(Stream.o)
                0x000017ac                mbed::Stream::getc()
 .text.mbed_assert_internal
                0x000017c0       0x18 C:\Users\AGATSUMA\Documents\MCUXpressoIDE_10.1.0_589\workspace\TestProject_ver7.0_kakinaosi\mbed\TARGET_LPC1768\TOOLCHAIN_GCC_CR\libmbed.a(assert.o)
                0x000017c0                mbed_assert_internal
 .text.error    0x000017d8       0x24 C:\Users\AGATSUMA\Documents\MCUXpressoIDE_10.1.0_589\workspace\TestProject_ver7.0_kakinaosi\mbed\TARGET_LPC1768\TOOLCHAIN_GCC_CR\libmbed.a(error.o)
                0x000017d8                error
 .text.gpio_init_in
                0x000017fc       0x24 C:\Users\AGATSUMA\Documents\MCUXpressoIDE_10.1.0_589\workspace\TestProject_ver7.0_kakinaosi\mbed\TARGET_LPC1768\TOOLCHAIN_GCC_CR\libmbed.a(gpio.o)
                0x000017fc                gpio_init_in
 .text.gpio_init_out
                0x00001820       0x44 C:\Users\AGATSUMA\Documents\MCUXpressoIDE_10.1.0_589\workspace\TestProject_ver7.0_kakinaosi\mbed\TARGET_LPC1768\TOOLCHAIN_GCC_CR\libmbed.a(gpio.o)
                0x00001820                gpio_init_out
 .text.gpio_init_out_ex
                0x00001864       0x54 C:\Users\AGATSUMA\Documents\MCUXpressoIDE_10.1.0_589\workspace\TestProject_ver7.0_kakinaosi\mbed\TARGET_LPC1768\TOOLCHAIN_GCC_CR\libmbed.a(gpio.o)
                0x00001864                gpio_init_out_ex
 .text.mbed_interface_connected
                0x000018b8        0x4 C:\Users\AGATSUMA\Documents\MCUXpressoIDE_10.1.0_589\workspace\TestProject_ver7.0_kakinaosi\mbed\TARGET_LPC1768\TOOLCHAIN_GCC_CR\libmbed.a(mbed_interface.o)
                0x000018b8                mbed_interface_connected
 .text.pinmap_pinout
                0x000018bc       0x40 C:\Users\AGATSUMA\Documents\MCUXpressoIDE_10.1.0_589\workspace\TestProject_ver7.0_kakinaosi\mbed\TARGET_LPC1768\TOOLCHAIN_GCC_CR\libmbed.a(pinmap_common.o)
                0x000018bc                pinmap_pinout
 .text.pinmap_merge
                0x000018fc       0x24 C:\Users\AGATSUMA\Documents\MCUXpressoIDE_10.1.0_589\workspace\TestProject_ver7.0_kakinaosi\mbed\TARGET_LPC1768\TOOLCHAIN_GCC_CR\libmbed.a(pinmap_common.o)
                0x000018fc                pinmap_merge
 .text.pinmap_find_peripheral
                0x00001920       0x1c C:\Users\AGATSUMA\Documents\MCUXpressoIDE_10.1.0_589\workspace\TestProject_ver7.0_kakinaosi\mbed\TARGET_LPC1768\TOOLCHAIN_GCC_CR\libmbed.a(pinmap_common.o)
                0x00001920                pinmap_find_peripheral
 .text.pinmap_peripheral
                0x0000193c       0x34 C:\Users\AGATSUMA\Documents\MCUXpressoIDE_10.1.0_589\workspace\TestProject_ver7.0_kakinaosi\mbed\TARGET_LPC1768\TOOLCHAIN_GCC_CR\libmbed.a(pinmap_common.o)
                0x0000193c                pinmap_peripheral
 .text.semihost_exit
                0x00001970       0x18 C:\Users\AGATSUMA\Documents\MCUXpressoIDE_10.1.0_589\workspace\TestProject_ver7.0_kakinaosi\mbed\TARGET_LPC1768\TOOLCHAIN_GCC_CR\libmbed.a(semihost_api.o)
                0x00001970                semihost_exit
 .text.semihost_connected
                0x00001988       0x10 C:\Users\AGATSUMA\Documents\MCUXpressoIDE_10.1.0_589\workspace\TestProject_ver7.0_kakinaosi\mbed\TARGET_LPC1768\TOOLCHAIN_GCC_CR\libmbed.a(semihost_api.o)
                0x00001988                semihost_connected
 .text.wait_us  0x00001998       0x18 C:\Users\AGATSUMA\Documents\MCUXpressoIDE_10.1.0_589\workspace\TestProject_ver7.0_kakinaosi\mbed\TARGET_LPC1768\TOOLCHAIN_GCC_CR\libmbed.a(wait_api.o)
                0x00001998                wait_us
 .text.wait_ms  0x000019b0        0xc C:\Users\AGATSUMA\Documents\MCUXpressoIDE_10.1.0_589\workspace\TestProject_ver7.0_kakinaosi\mbed\TARGET_LPC1768\TOOLCHAIN_GCC_CR\libmbed.a(wait_api.o)
                0x000019b0                wait_ms
 .text.gpio_set
                0x000019bc       0x30 C:\Users\AGATSUMA\Documents\MCUXpressoIDE_10.1.0_589\workspace\TestProject_ver7.0_kakinaosi\mbed\TARGET_LPC1768\TOOLCHAIN_GCC_CR\libmbed.a(gpio_api.o)
                0x000019bc                gpio_set
 .text.gpio_init
                0x000019ec       0x30 C:\Users\AGATSUMA\Documents\MCUXpressoIDE_10.1.0_589\workspace\TestProject_ver7.0_kakinaosi\mbed\TARGET_LPC1768\TOOLCHAIN_GCC_CR\libmbed.a(gpio_api.o)
                0x000019ec                gpio_init
 .text.gpio_mode
                0x00001a1c        0x8 C:\Users\AGATSUMA\Documents\MCUXpressoIDE_10.1.0_589\workspace\TestProject_ver7.0_kakinaosi\mbed\TARGET_LPC1768\TOOLCHAIN_GCC_CR\libmbed.a(gpio_api.o)
                0x00001a1c                gpio_mode
 .text.gpio_dir
                0x00001a24       0x44 C:\Users\AGATSUMA\Documents\MCUXpressoIDE_10.1.0_589\workspace\TestProject_ver7.0_kakinaosi\mbed\TARGET_LPC1768\TOOLCHAIN_GCC_CR\libmbed.a(gpio_api.o)
                0x00001a24                gpio_dir
 .text.pin_function
                0x00001a68       0x50 C:\Users\AGATSUMA\Documents\MCUXpressoIDE_10.1.0_589\workspace\TestProject_ver7.0_kakinaosi\mbed\TARGET_LPC1768\TOOLCHAIN_GCC_CR\libmbed.a(pinmap.o)
                0x00001a68                pin_function
 .text.pin_mode
                0x00001ab8       0x78 C:\Users\AGATSUMA\Documents\MCUXpressoIDE_10.1.0_589\workspace\TestProject_ver7.0_kakinaosi\mbed\TARGET_LPC1768\TOOLCHAIN_GCC_CR\libmbed.a(pinmap.o)
                0x00001ab8                pin_mode
 .text.us_ticker_init
                0x00001b30       0x68 C:\Users\AGATSUMA\Documents\MCUXpressoIDE_10.1.0_589\workspace\TestProject_ver7.0_kakinaosi\mbed\TARGET_LPC1768\TOOLCHAIN_GCC_CR\libmbed.a(us_ticker.o)
                0x00001b30                us_ticker_init
 .text.us_ticker_read
                0x00001b98       0x1c C:\Users\AGATSUMA\Documents\MCUXpressoIDE_10.1.0_589\workspace\TestProject_ver7.0_kakinaosi\mbed\TARGET_LPC1768\TOOLCHAIN_GCC_CR\libmbed.a(us_ticker.o)
                0x00001b98                us_ticker_read
 .text.us_ticker_set_interrupt
                0x00001bb4       0x14 C:\Users\AGATSUMA\Documents\MCUXpressoIDE_10.1.0_589\workspace\TestProject_ver7.0_kakinaosi\mbed\TARGET_LPC1768\TOOLCHAIN_GCC_CR\libmbed.a(us_ticker.o)
                0x00001bb4                us_ticker_set_interrupt
 .text.us_ticker_disable_interrupt
                0x00001bc8       0x10 C:\Users\AGATSUMA\Documents\MCUXpressoIDE_10.1.0_589\workspace\TestProject_ver7.0_kakinaosi\mbed\TARGET_LPC1768\TOOLCHAIN_GCC_CR\libmbed.a(us_ticker.o)
                0x00001bc8                us_ticker_disable_interrupt
 .text.us_ticker_clear_interrupt
                0x00001bd8        0xc C:\Users\AGATSUMA\Documents\MCUXpressoIDE_10.1.0_589\workspace\TestProject_ver7.0_kakinaosi\mbed\TARGET_LPC1768\TOOLCHAIN_GCC_CR\libmbed.a(us_ticker.o)
                0x00001bd8                us_ticker_clear_interrupt
 .text._ZN4mbed8FileLikeD2Ev
                0x00001be4       0x24 C:\Users\AGATSUMA\Documents\MCUXpressoIDE_10.1.0_589\workspace\TestProject_ver7.0_kakinaosi\mbed\TARGET_LPC1768\TOOLCHAIN_GCC_CR\libmbed.a(FileLike.o)
                0x00001be4                mbed::FileLike::~FileLike()
                0x00001be4                mbed::FileLike::~FileLike()
 .text._ZThn4_N4mbed8FileLikeD1Ev
                0x00001c08        0x8 C:\Users\AGATSUMA\Documents\MCUXpressoIDE_10.1.0_589\workspace\TestProject_ver7.0_kakinaosi\mbed\TARGET_LPC1768\TOOLCHAIN_GCC_CR\libmbed.a(FileLike.o)
                0x00001c08                non-virtual thunk to mbed::FileLike::~FileLike()
 .text._ZN4mbed8FileLikeD0Ev
                0x00001c10       0x2c C:\Users\AGATSUMA\Documents\MCUXpressoIDE_10.1.0_589\workspace\TestProject_ver7.0_kakinaosi\mbed\TARGET_LPC1768\TOOLCHAIN_GCC_CR\libmbed.a(FileLike.o)
                0x00001c10                mbed::FileLike::~FileLike()
 .text._ZThn4_N4mbed8FileLikeD0Ev
                0x00001c3c        0x8 C:\Users\AGATSUMA\Documents\MCUXpressoIDE_10.1.0_589\workspace\TestProject_ver7.0_kakinaosi\mbed\TARGET_LPC1768\TOOLCHAIN_GCC_CR\libmbed.a(FileLike.o)
                0x00001c3c                non-virtual thunk to mbed::FileLike::~FileLike()
 .text._ZN4mbed8FileLikeC2EPKc
                0x00001c44       0x28 C:\Users\AGATSUMA\Documents\MCUXpressoIDE_10.1.0_589\workspace\TestProject_ver7.0_kakinaosi\mbed\TARGET_LPC1768\TOOLCHAIN_GCC_CR\libmbed.a(FileLike.o)
                0x00001c44                mbed::FileLike::FileLike(char const*)
                0x00001c44                mbed::FileLike::FileLike(char const*)
 .text._ZN4mbed8FileBaseD2Ev
                0x00001c6c       0x30 C:\Users\AGATSUMA\Documents\MCUXpressoIDE_10.1.0_589\workspace\TestProject_ver7.0_kakinaosi\mbed\TARGET_LPC1768\TOOLCHAIN_GCC_CR\libmbed.a(FileBase.o)
                0x00001c6c                mbed::FileBase::~FileBase()
                0x00001c6c                mbed::FileBase::~FileBase()
 .text._ZN4mbed8FileBaseD0Ev
                0x00001c9c       0x3c C:\Users\AGATSUMA\Documents\MCUXpressoIDE_10.1.0_589\workspace\TestProject_ver7.0_kakinaosi\mbed\TARGET_LPC1768\TOOLCHAIN_GCC_CR\libmbed.a(FileBase.o)
                0x00001c9c                mbed::FileBase::~FileBase()
 .text._ZN4mbed8FileBaseC2EPKcNS_8PathTypeE
                0x00001cd8       0x28 C:\Users\AGATSUMA\Documents\MCUXpressoIDE_10.1.0_589\workspace\TestProject_ver7.0_kakinaosi\mbed\TARGET_LPC1768\TOOLCHAIN_GCC_CR\libmbed.a(FileBase.o)
                0x00001cd8                mbed::FileBase::FileBase(char const*, mbed::PathType)
                0x00001cd8                mbed::FileBase::FileBase(char const*, mbed::PathType)
 .text._ZN4mbed8FileBase6lookupEPKcj
                0x00001d00       0x3c C:\Users\AGATSUMA\Documents\MCUXpressoIDE_10.1.0_589\workspace\TestProject_ver7.0_kakinaosi\mbed\TARGET_LPC1768\TOOLCHAIN_GCC_CR\libmbed.a(FileBase.o)
                0x00001d00                mbed::FileBase::lookup(char const*, unsigned int)
 .text._ZN4mbed8FileBase11getPathTypeEv
                0x00001d3c        0x4 C:\Users\AGATSUMA\Documents\MCUXpressoIDE_10.1.0_589\workspace\TestProject_ver7.0_kakinaosi\mbed\TARGET_LPC1768\TOOLCHAIN_GCC_CR\libmbed.a(FileBase.o)
                0x00001d3c                mbed::FileBase::getPathType()
 .text.us_ticker_irq_handler
                0x00001d40        0xc C:\Users\AGATSUMA\Documents\MCUXpressoIDE_10.1.0_589\workspace\TestProject_ver7.0_kakinaosi\mbed\TARGET_LPC1768\TOOLCHAIN_GCC_CR\libmbed.a(us_ticker_api.o)
                0x00001d40                us_ticker_irq_handler
 .text.ticker_irq_handler
                0x00001d4c       0x48 C:\Users\AGATSUMA\Documents\MCUXpressoIDE_10.1.0_589\workspace\TestProject_ver7.0_kakinaosi\mbed\TARGET_LPC1768\TOOLCHAIN_GCC_CR\libmbed.a(ticker_api.o)
                0x00001d4c                ticker_irq_handler
 .text          0x00001d94      0x21c c:/nxp/mcuxpressoide_10.1.0_589/ide/tools/bin/../lib/gcc/arm-none-eabi/6.3.1/thumb/v7-m\libgcc.a(_arm_addsubsf3.o)
                0x00001d94                __aeabi_frsub
                0x00001d9c                __subsf3
                0x00001d9c                __aeabi_fsub
                0x00001da0                __aeabi_fadd
                0x00001da0                __addsf3
                0x00001f00                __aeabi_ui2f
                0x00001f00                __floatunsisf
                0x00001f08                __aeabi_i2f
                0x00001f08                __floatsisf
                0x00001f24                __aeabi_ul2f
                0x00001f24                __floatundisf
                0x00001f34                __aeabi_l2f
                0x00001f34                __floatdisf
 .text          0x00001fb0      0x2a0 c:/nxp/mcuxpressoide_10.1.0_589/ide/tools/bin/../lib/gcc/arm-none-eabi/6.3.1/thumb/v7-m\libgcc.a(_arm_muldivsf3.o)
                0x00001fb0                __mulsf3
                0x00001fb0                __aeabi_fmul
                0x00002118                __aeabi_fdiv
                0x00002118                __divsf3
 .text          0x00002250       0xec c:/nxp/mcuxpressoide_10.1.0_589/ide/tools/bin/../lib/gcc/arm-none-eabi/6.3.1/thumb/v7-m\libgcc.a(_arm_cmpsf2.o)
                0x00002250                __gesf2
                0x00002250                __gtsf2
                0x00002258                __lesf2
                0x00002258                __ltsf2
                0x00002260                __nesf2
                0x00002260                __eqsf2
                0x00002260                __cmpsf2
                0x000022c0                __aeabi_cfrcmple
                0x000022c8                __aeabi_cfcmpeq
                0x000022c8                __aeabi_cfcmple
                0x000022d8                __aeabi_fcmpeq
                0x000022ec                __aeabi_fcmplt
                0x00002300                __aeabi_fcmple
                0x00002314                __aeabi_fcmpge
                0x00002328                __aeabi_fcmpgt
 .text          0x0000233c       0x40 c:/nxp/mcuxpressoide_10.1.0_589/ide/tools/bin/../lib/gcc/arm-none-eabi/6.3.1/thumb/v7-m\libgcc.a(_arm_fixunssfsi.o)
                0x0000233c                __fixunssfsi
                0x0000233c                __aeabi_f2uiz
 .text          0x0000237c       0x30 c:/nxp/mcuxpressoide_10.1.0_589/ide/tools/bin/../lib/gcc/arm-none-eabi/6.3.1/thumb/v7-m\libgcc.a(_aeabi_uldivmod.o)
                0x0000237c                __aeabi_uldivmod
 .text          0x000023ac      0x2dc c:/nxp/mcuxpressoide_10.1.0_589/ide/tools/bin/../lib/gcc/arm-none-eabi/6.3.1/thumb/v7-m\libgcc.a(_udivmoddi4.o)
                0x000023ac                __udivmoddi4
 .text          0x00002688        0x4 c:/nxp/mcuxpressoide_10.1.0_589/ide/tools/bin/../lib/gcc/arm-none-eabi/6.3.1/thumb/v7-m\libgcc.a(_dvmd_tls.o)
                0x00002688                __aeabi_idiv0
                0x00002688                __aeabi_ldiv0
 .text.abs      0x0000268c        0x8 c:/nxp/mcuxpressoide_10.1.0_589/ide/tools/bin/../lib/gcc/arm-none-eabi/6.3.1/../../../../arm-none-eabi/lib/thumb/v7-m\libc.a(lib_a-abs.o)
                0x0000268c                abs
 .text.__errno  0x00002694        0xc c:/nxp/mcuxpressoide_10.1.0_589/ide/tools/bin/../lib/gcc/arm-none-eabi/6.3.1/../../../../arm-none-eabi/lib/thumb/v7-m\libc.a(lib_a-errno.o)
                0x00002694                __errno
 .text._fclose_r
                0x000026a0       0xc4 c:/nxp/mcuxpressoide_10.1.0_589/ide/tools/bin/../lib/gcc/arm-none-eabi/6.3.1/../../../../arm-none-eabi/lib/thumb/v7-m\libc.a(lib_a-fclose.o)
                0x000026a0                _fclose_r
 .text.fclose   0x00002764       0x10 c:/nxp/mcuxpressoide_10.1.0_589/ide/tools/bin/../lib/gcc/arm-none-eabi/6.3.1/../../../../arm-none-eabi/lib/thumb/v7-m\libc.a(lib_a-fclose.o)
                0x00002764                fclose
 .text.__sflush_r
                0x00002774      0x138 c:/nxp/mcuxpressoide_10.1.0_589/ide/tools/bin/../lib/gcc/arm-none-eabi/6.3.1/../../../../arm-none-eabi/lib/thumb/v7-m\libc.a(lib_a-fflush.o)
                0x00002774                __sflush_r
 .text._fflush_r
                0x000028ac       0x54 c:/nxp/mcuxpressoide_10.1.0_589/ide/tools/bin/../lib/gcc/arm-none-eabi/6.3.1/../../../../arm-none-eabi/lib/thumb/v7-m\libc.a(lib_a-fflush.o)
                0x000028ac                _fflush_r
 .text.fflush   0x00002900       0x24 c:/nxp/mcuxpressoide_10.1.0_589/ide/tools/bin/../lib/gcc/arm-none-eabi/6.3.1/../../../../arm-none-eabi/lib/thumb/v7-m\libc.a(lib_a-fflush.o)
                0x00002900                fflush
 .text.fgetc    0x00002924       0x70 c:/nxp/mcuxpressoide_10.1.0_589/ide/tools/bin/../lib/gcc/arm-none-eabi/6.3.1/../../../../arm-none-eabi/lib/thumb/v7-m\libc.a(lib_a-fgetc.o)
                0x00002924                fgetc
 .text._cleanup_r
                0x00002994        0xc c:/nxp/mcuxpressoide_10.1.0_589/ide/tools/bin/../lib/gcc/arm-none-eabi/6.3.1/../../../../arm-none-eabi/lib/thumb/v7-m\libc.a(lib_a-findfp.o)
                0x00002994                _cleanup_r
 .text.std.isra.0
                0x000029a0       0x50 c:/nxp/mcuxpressoide_10.1.0_589/ide/tools/bin/../lib/gcc/arm-none-eabi/6.3.1/../../../../arm-none-eabi/lib/thumb/v7-m\libc.a(lib_a-findfp.o)
 .text.__sfmoreglue
                0x000029f0       0x30 c:/nxp/mcuxpressoide_10.1.0_589/ide/tools/bin/../lib/gcc/arm-none-eabi/6.3.1/../../../../arm-none-eabi/lib/thumb/v7-m\libc.a(lib_a-findfp.o)
                0x000029f0                __sfmoreglue
 .text.__sinit  0x00002a20       0x60 c:/nxp/mcuxpressoide_10.1.0_589/ide/tools/bin/../lib/gcc/arm-none-eabi/6.3.1/../../../../arm-none-eabi/lib/thumb/v7-m\libc.a(lib_a-findfp.o)
                0x00002a20                __sinit
 .text.__sfp    0x00002a80       0xa8 c:/nxp/mcuxpressoide_10.1.0_589/ide/tools/bin/../lib/gcc/arm-none-eabi/6.3.1/../../../../arm-none-eabi/lib/thumb/v7-m\libc.a(lib_a-findfp.o)
                0x00002a80                __sfp
 .text.__sfp_lock_acquire
                0x00002b28        0xc c:/nxp/mcuxpressoide_10.1.0_589/ide/tools/bin/../lib/gcc/arm-none-eabi/6.3.1/../../../../arm-none-eabi/lib/thumb/v7-m\libc.a(lib_a-findfp.o)
                0x00002b28                __sfp_lock_acquire
 .text.__sfp_lock_release
                0x00002b34        0xc c:/nxp/mcuxpressoide_10.1.0_589/ide/tools/bin/../lib/gcc/arm-none-eabi/6.3.1/../../../../arm-none-eabi/lib/thumb/v7-m\libc.a(lib_a-findfp.o)
                0x00002b34                __sfp_lock_release
 .text._fopen_r
                0x00002b40       0xc0 c:/nxp/mcuxpressoide_10.1.0_589/ide/tools/bin/../lib/gcc/arm-none-eabi/6.3.1/../../../../arm-none-eabi/lib/thumb/v7-m\libc.a(lib_a-fopen.o)
                0x00002b40                _fopen_r
 .text.fopen    0x00002c00       0x10 c:/nxp/mcuxpressoide_10.1.0_589/ide/tools/bin/../lib/gcc/arm-none-eabi/6.3.1/../../../../arm-none-eabi/lib/thumb/v7-m\libc.a(lib_a-fopen.o)
                0x00002c00                fopen
 .text._malloc_trim_r
                0x00002c10       0xa0 c:/nxp/mcuxpressoide_10.1.0_589/ide/tools/bin/../lib/gcc/arm-none-eabi/6.3.1/../../../../arm-none-eabi/lib/thumb/v7-m\libc.a(lib_a-freer.o)
                0x00002c10                _malloc_trim_r
 .text._free_r  0x00002cb0      0x1cc c:/nxp/mcuxpressoide_10.1.0_589/ide/tools/bin/../lib/gcc/arm-none-eabi/6.3.1/../../../../arm-none-eabi/lib/thumb/v7-m\libc.a(lib_a-freer.o)
                0x00002cb0                _free_r
 .text._fseek_r
                0x00002e7c        0x4 c:/nxp/mcuxpressoide_10.1.0_589/ide/tools/bin/../lib/gcc/arm-none-eabi/6.3.1/../../../../arm-none-eabi/lib/thumb/v7-m\libc.a(lib_a-fseek.o)
                0x00002e7c                _fseek_r
 .text._fseeko_r
                0x00002e80      0x328 c:/nxp/mcuxpressoide_10.1.0_589/ide/tools/bin/../lib/gcc/arm-none-eabi/6.3.1/../../../../arm-none-eabi/lib/thumb/v7-m\libc.a(lib_a-fseeko.o)
                0x00002e80                _fseeko_r
 .text._fstat_r
                0x000031a8       0x28 c:/nxp/mcuxpressoide_10.1.0_589/ide/tools/bin/../lib/gcc/arm-none-eabi/6.3.1/../../../../arm-none-eabi/lib/thumb/v7-m\libc.a(lib_a-fstatr.o)
                0x000031a8                _fstat_r
 .text.__sfvwrite_r
                0x000031d0      0x2f4 c:/nxp/mcuxpressoide_10.1.0_589/ide/tools/bin/../lib/gcc/arm-none-eabi/6.3.1/../../../../arm-none-eabi/lib/thumb/v7-m\libc.a(lib_a-fvwrite.o)
                0x000031d0                __sfvwrite_r
 .text._fwalk   0x000034c4       0x48 c:/nxp/mcuxpressoide_10.1.0_589/ide/tools/bin/../lib/gcc/arm-none-eabi/6.3.1/../../../../arm-none-eabi/lib/thumb/v7-m\libc.a(lib_a-fwalk.o)
                0x000034c4                _fwalk
 .text._fwalk_reent
                0x0000350c       0x50 c:/nxp/mcuxpressoide_10.1.0_589/ide/tools/bin/../lib/gcc/arm-none-eabi/6.3.1/../../../../arm-none-eabi/lib/thumb/v7-m\libc.a(lib_a-fwalk.o)
                0x0000350c                _fwalk_reent
 .text.__libc_init_array
                0x0000355c       0x50 c:/nxp/mcuxpressoide_10.1.0_589/ide/tools/bin/../lib/gcc/arm-none-eabi/6.3.1/../../../../arm-none-eabi/lib/thumb/v7-m\libc.a(lib_a-init.o)
                0x0000355c                __libc_init_array
 .text.__retarget_lock_init_recursive
                0x000035ac        0x4 c:/nxp/mcuxpressoide_10.1.0_589/ide/tools/bin/../lib/gcc/arm-none-eabi/6.3.1/../../../../arm-none-eabi/lib/thumb/v7-m\libc.a(lib_a-lock.o)
                0x000035ac                __retarget_lock_init_recursive
 .text.__retarget_lock_close_recursive
                0x000035b0        0x4 c:/nxp/mcuxpressoide_10.1.0_589/ide/tools/bin/../lib/gcc/arm-none-eabi/6.3.1/../../../../arm-none-eabi/lib/thumb/v7-m\libc.a(lib_a-lock.o)
                0x000035b0                __retarget_lock_close_recursive
 .text.__retarget_lock_acquire_recursive
                0x000035b4        0x4 c:/nxp/mcuxpressoide_10.1.0_589/ide/tools/bin/../lib/gcc/arm-none-eabi/6.3.1/../../../../arm-none-eabi/lib/thumb/v7-m\libc.a(lib_a-lock.o)
                0x000035b4                __retarget_lock_acquire_recursive
 .text.__retarget_lock_release_recursive
                0x000035b8        0x4 c:/nxp/mcuxpressoide_10.1.0_589/ide/tools/bin/../lib/gcc/arm-none-eabi/6.3.1/../../../../arm-none-eabi/lib/thumb/v7-m\libc.a(lib_a-lock.o)
                0x000035b8                __retarget_lock_release_recursive
 .text.__swhatbuf_r
                0x000035bc       0x5c c:/nxp/mcuxpressoide_10.1.0_589/ide/tools/bin/../lib/gcc/arm-none-eabi/6.3.1/../../../../arm-none-eabi/lib/thumb/v7-m\libc.a(lib_a-makebuf.o)
                0x000035bc                __swhatbuf_r
 .text.__smakebuf_r
                0x00003618       0x94 c:/nxp/mcuxpressoide_10.1.0_589/ide/tools/bin/../lib/gcc/arm-none-eabi/6.3.1/../../../../arm-none-eabi/lib/thumb/v7-m\libc.a(lib_a-makebuf.o)
                0x00003618                __smakebuf_r
 .text.malloc   0x000036ac       0x10 c:/nxp/mcuxpressoide_10.1.0_589/ide/tools/bin/../lib/gcc/arm-none-eabi/6.3.1/../../../../arm-none-eabi/lib/thumb/v7-m\libc.a(lib_a-malloc.o)
                0x000036ac                malloc
 .text.free     0x000036bc       0x10 c:/nxp/mcuxpressoide_10.1.0_589/ide/tools/bin/../lib/gcc/arm-none-eabi/6.3.1/../../../../arm-none-eabi/lib/thumb/v7-m\libc.a(lib_a-malloc.o)
                0x000036bc                free
 .text._malloc_r
                0x000036cc      0x544 c:/nxp/mcuxpressoide_10.1.0_589/ide/tools/bin/../lib/gcc/arm-none-eabi/6.3.1/../../../../arm-none-eabi/lib/thumb/v7-m\libc.a(lib_a-mallocr.o)
                0x000036cc                _malloc_r
 .text.memchr   0x00003c10       0x8c c:/nxp/mcuxpressoide_10.1.0_589/ide/tools/bin/../lib/gcc/arm-none-eabi/6.3.1/../../../../arm-none-eabi/lib/thumb/v7-m\libc.a(lib_a-memchr-stub.o)
                0x00003c10                memchr
 .text          0x00003c9c       0xec c:/nxp/mcuxpressoide_10.1.0_589/ide/tools/bin/../lib/gcc/arm-none-eabi/6.3.1/../../../../arm-none-eabi/lib/thumb/v7-m\libc.a(lib_a-memcpy.o)
                0x00003c9c                memcpy
 .text.memmove  0x00003d88       0xc8 c:/nxp/mcuxpressoide_10.1.0_589/ide/tools/bin/../lib/gcc/arm-none-eabi/6.3.1/../../../../arm-none-eabi/lib/thumb/v7-m\libc.a(lib_a-memmove.o)
                0x00003d88                memmove
 .text.memset   0x00003e50       0x9c c:/nxp/mcuxpressoide_10.1.0_589/ide/tools/bin/../lib/gcc/arm-none-eabi/6.3.1/../../../../arm-none-eabi/lib/thumb/v7-m\libc.a(lib_a-memset.o)
                0x00003e50                memset
 .text.__malloc_lock
                0x00003eec        0xc c:/nxp/mcuxpressoide_10.1.0_589/ide/tools/bin/../lib/gcc/arm-none-eabi/6.3.1/../../../../arm-none-eabi/lib/thumb/v7-m\libc.a(lib_a-mlock.o)
                0x00003eec                __malloc_lock
 .text.__malloc_unlock
                0x00003ef8        0xc c:/nxp/mcuxpressoide_10.1.0_589/ide/tools/bin/../lib/gcc/arm-none-eabi/6.3.1/../../../../arm-none-eabi/lib/thumb/v7-m\libc.a(lib_a-mlock.o)
                0x00003ef8                __malloc_unlock
 .text._open_r  0x00003f04       0x2c c:/nxp/mcuxpressoide_10.1.0_589/ide/tools/bin/../lib/gcc/arm-none-eabi/6.3.1/../../../../arm-none-eabi/lib/thumb/v7-m\libc.a(lib_a-openr.o)
                0x00003f04                _open_r
 .text._realloc_r
                0x00003f30      0x36c c:/nxp/mcuxpressoide_10.1.0_589/ide/tools/bin/../lib/gcc/arm-none-eabi/6.3.1/../../../../arm-none-eabi/lib/thumb/v7-m\libc.a(lib_a-reallocr.o)
                0x00003f30                _realloc_r
 .text.lflush   0x0000429c       0x14 c:/nxp/mcuxpressoide_10.1.0_589/ide/tools/bin/../lib/gcc/arm-none-eabi/6.3.1/../../../../arm-none-eabi/lib/thumb/v7-m\libc.a(lib_a-refill.o)
 .text.__srefill_r
                0x000042b0      0x118 c:/nxp/mcuxpressoide_10.1.0_589/ide/tools/bin/../lib/gcc/arm-none-eabi/6.3.1/../../../../arm-none-eabi/lib/thumb/v7-m\libc.a(lib_a-refill.o)
                0x000042b0                __srefill_r
 .text.__srget_r
                0x000043c8       0x34 c:/nxp/mcuxpressoide_10.1.0_589/ide/tools/bin/../lib/gcc/arm-none-eabi/6.3.1/../../../../arm-none-eabi/lib/thumb/v7-m\libc.a(lib_a-rget.o)
                0x000043c8                __srget_r
 .text._sbrk_r  0x000043fc       0x24 c:/nxp/mcuxpressoide_10.1.0_589/ide/tools/bin/../lib/gcc/arm-none-eabi/6.3.1/../../../../arm-none-eabi/lib/thumb/v7-m\libc.a(lib_a-sbrkr.o)
                0x000043fc                _sbrk_r
 .text.setbuf   0x00004420       0x10 c:/nxp/mcuxpressoide_10.1.0_589/ide/tools/bin/../lib/gcc/arm-none-eabi/6.3.1/../../../../arm-none-eabi/lib/thumb/v7-m\libc.a(lib_a-setbuf.o)
                0x00004420                setbuf
 .text.setvbuf  0x00004430      0x190 c:/nxp/mcuxpressoide_10.1.0_589/ide/tools/bin/../lib/gcc/arm-none-eabi/6.3.1/../../../../arm-none-eabi/lib/thumb/v7-m\libc.a(lib_a-setvbuf.o)
                0x00004430                setvbuf
 .text.sprintf  0x000045c0       0x4c c:/nxp/mcuxpressoide_10.1.0_589/ide/tools/bin/../lib/gcc/arm-none-eabi/6.3.1/../../../../arm-none-eabi/lib/thumb/v7-m\libc.a(lib_a-sprintf.o)
                0x000045c0                sprintf
 .text.sscanf   0x0000460c       0x58 c:/nxp/mcuxpressoide_10.1.0_589/ide/tools/bin/../lib/gcc/arm-none-eabi/6.3.1/../../../../arm-none-eabi/lib/thumb/v7-m\libc.a(lib_a-sscanf.o)
                0x0000460c                sscanf
 .text.__sread  0x00004664       0x24 c:/nxp/mcuxpressoide_10.1.0_589/ide/tools/bin/../lib/gcc/arm-none-eabi/6.3.1/../../../../arm-none-eabi/lib/thumb/v7-m\libc.a(lib_a-stdio.o)
                0x00004664                __sread
 .text.__seofread
                0x00004688        0x4 c:/nxp/mcuxpressoide_10.1.0_589/ide/tools/bin/../lib/gcc/arm-none-eabi/6.3.1/../../../../arm-none-eabi/lib/thumb/v7-m\libc.a(lib_a-stdio.o)
                0x00004688                __seofread
 .text.__swrite
                0x0000468c       0x3c c:/nxp/mcuxpressoide_10.1.0_589/ide/tools/bin/../lib/gcc/arm-none-eabi/6.3.1/../../../../arm-none-eabi/lib/thumb/v7-m\libc.a(lib_a-stdio.o)
                0x0000468c                __swrite
 .text.__sseek  0x000046c8       0x20 c:/nxp/mcuxpressoide_10.1.0_589/ide/tools/bin/../lib/gcc/arm-none-eabi/6.3.1/../../../../arm-none-eabi/lib/thumb/v7-m\libc.a(lib_a-stdio.o)
                0x000046c8                __sseek
 .text.__sclose
                0x000046e8        0x8 c:/nxp/mcuxpressoide_10.1.0_589/ide/tools/bin/../lib/gcc/arm-none-eabi/6.3.1/../../../../arm-none-eabi/lib/thumb/v7-m\libc.a(lib_a-stdio.o)
                0x000046e8                __sclose
 .text          0x000046f0      0x1bc c:/nxp/mcuxpressoide_10.1.0_589/ide/tools/bin/../lib/gcc/arm-none-eabi/6.3.1/../../../../arm-none-eabi/lib/thumb/v7-m\libc.a(lib_a-strcmp.o)
                0x000046f0                strcmp
 .text.strlen   0x000048ac       0x5c c:/nxp/mcuxpressoide_10.1.0_589/ide/tools/bin/../lib/gcc/arm-none-eabi/6.3.1/../../../../arm-none-eabi/lib/thumb/v7-m\libc.a(lib_a-strlen-stub.o)
                0x000048ac                strlen
 .text.strncmp  0x00004908       0xa0 c:/nxp/mcuxpressoide_10.1.0_589/ide/tools/bin/../lib/gcc/arm-none-eabi/6.3.1/../../../../arm-none-eabi/lib/thumb/v7-m\libc.a(lib_a-strncmp.o)
                0x00004908                strncmp
 .text._svfprintf_r
                0x000049a8     0x1500 c:/nxp/mcuxpressoide_10.1.0_589/ide/tools/bin/../lib/gcc/arm-none-eabi/6.3.1/../../../../arm-none-eabi/lib/thumb/v7-m\libc.a(lib_a-svfprintf.o)
                0x000049a8                _svfprintf_r
 .text.__ssvfscanf_r
                0x00005ea8      0xe18 c:/nxp/mcuxpressoide_10.1.0_589/ide/tools/bin/../lib/gcc/arm-none-eabi/6.3.1/../../../../arm-none-eabi/lib/thumb/v7-m\libc.a(lib_a-svfscanf.o)
                0x00005ea8                __ssvfscanf_r
 .text._vfprintf_r
                0x00006cc0     0x15e8 c:/nxp/mcuxpressoide_10.1.0_589/ide/tools/bin/../lib/gcc/arm-none-eabi/6.3.1/../../../../arm-none-eabi/lib/thumb/v7-m\libc.a(lib_a-vfprintf.o)
                0x00006cc0                _vfprintf_r
 .text.vfprintf
                0x000082a8       0x18 c:/nxp/mcuxpressoide_10.1.0_589/ide/tools/bin/../lib/gcc/arm-none-eabi/6.3.1/../../../../arm-none-eabi/lib/thumb/v7-m\libc.a(lib_a-vfprintf.o)
                0x000082a8                vfprintf
 .text.__sbprintf
                0x000082c0       0x88 c:/nxp/mcuxpressoide_10.1.0_589/ide/tools/bin/../lib/gcc/arm-none-eabi/6.3.1/../../../../arm-none-eabi/lib/thumb/v7-m\libc.a(lib_a-vfprintf.o)
 .text.__swbuf_r
                0x00008348       0xb0 c:/nxp/mcuxpressoide_10.1.0_589/ide/tools/bin/../lib/gcc/arm-none-eabi/6.3.1/../../../../arm-none-eabi/lib/thumb/v7-m\libc.a(lib_a-wbuf.o)
                0x00008348                __swbuf_r
 .text._write_r
                0x000083f8       0x2c c:/nxp/mcuxpressoide_10.1.0_589/ide/tools/bin/../lib/gcc/arm-none-eabi/6.3.1/../../../../arm-none-eabi/lib/thumb/v7-m\libc.a(lib_a-writer.o)
                0x000083f8                _write_r
 .text.__swsetup_r
                0x00008424       0xc8 c:/nxp/mcuxpressoide_10.1.0_589/ide/tools/bin/../lib/gcc/arm-none-eabi/6.3.1/../../../../arm-none-eabi/lib/thumb/v7-m\libc.a(lib_a-wsetup.o)
                0x00008424                __swsetup_r
 .text._close_r
                0x000084ec       0x24 c:/nxp/mcuxpressoide_10.1.0_589/ide/tools/bin/../lib/gcc/arm-none-eabi/6.3.1/../../../../arm-none-eabi/lib/thumb/v7-m\libc.a(lib_a-closer.o)
                0x000084ec                _close_r
 .text.quorem   0x00008510      0x128 c:/nxp/mcuxpressoide_10.1.0_589/ide/tools/bin/../lib/gcc/arm-none-eabi/6.3.1/../../../../arm-none-eabi/lib/thumb/v7-m\libc.a(lib_a-dtoa.o)
 .text._dtoa_r  0x00008638      0xe44 c:/nxp/mcuxpressoide_10.1.0_589/ide/tools/bin/../lib/gcc/arm-none-eabi/6.3.1/../../../../arm-none-eabi/lib/thumb/v7-m\libc.a(lib_a-dtoa.o)
                0x00008638                _dtoa_r
 .text.__sflags
                0x0000947c       0x78 c:/nxp/mcuxpressoide_10.1.0_589/ide/tools/bin/../lib/gcc/arm-none-eabi/6.3.1/../../../../arm-none-eabi/lib/thumb/v7-m\libc.a(lib_a-flags.o)
                0x0000947c                __sflags
 .text._isatty_r
                0x000094f4       0x24 c:/nxp/mcuxpressoide_10.1.0_589/ide/tools/bin/../lib/gcc/arm-none-eabi/6.3.1/../../../../arm-none-eabi/lib/thumb/v7-m\libc.a(lib_a-isattyr.o)
                0x000094f4                _isatty_r
 .text.iswspace
                0x00009518       0x1c c:/nxp/mcuxpressoide_10.1.0_589/ide/tools/bin/../lib/gcc/arm-none-eabi/6.3.1/../../../../arm-none-eabi/lib/thumb/v7-m\libc.a(lib_a-iswspace.o)
                0x00009518                iswspace
 .text.__locale_mb_cur_max
                0x00009534       0x1c c:/nxp/mcuxpressoide_10.1.0_589/ide/tools/bin/../lib/gcc/arm-none-eabi/6.3.1/../../../../arm-none-eabi/lib/thumb/v7-m\libc.a(lib_a-locale.o)
                0x00009534                __locale_mb_cur_max
 .text.__locale_ctype_ptr_l
                0x00009550        0x8 c:/nxp/mcuxpressoide_10.1.0_589/ide/tools/bin/../lib/gcc/arm-none-eabi/6.3.1/../../../../arm-none-eabi/lib/thumb/v7-m\libc.a(lib_a-locale.o)
                0x00009550                __locale_ctype_ptr_l
 .text.__locale_ctype_ptr
                0x00009558       0x1c c:/nxp/mcuxpressoide_10.1.0_589/ide/tools/bin/../lib/gcc/arm-none-eabi/6.3.1/../../../../arm-none-eabi/lib/thumb/v7-m\libc.a(lib_a-locale.o)
                0x00009558                __locale_ctype_ptr
 .text.__localeconv_l
                0x00009574        0x4 c:/nxp/mcuxpressoide_10.1.0_589/ide/tools/bin/../lib/gcc/arm-none-eabi/6.3.1/../../../../arm-none-eabi/lib/thumb/v7-m\libc.a(lib_a-localeconv.o)
                0x00009574                __localeconv_l
 .text._localeconv_r
                0x00009578       0x1c c:/nxp/mcuxpressoide_10.1.0_589/ide/tools/bin/../lib/gcc/arm-none-eabi/6.3.1/../../../../arm-none-eabi/lib/thumb/v7-m\libc.a(lib_a-localeconv.o)
                0x00009578                _localeconv_r
 .text._lseek_r
                0x00009594       0x2c c:/nxp/mcuxpressoide_10.1.0_589/ide/tools/bin/../lib/gcc/arm-none-eabi/6.3.1/../../../../arm-none-eabi/lib/thumb/v7-m\libc.a(lib_a-lseekr.o)
                0x00009594                _lseek_r
 .text._mbrtowc_r
                0x000095c0       0x5c c:/nxp/mcuxpressoide_10.1.0_589/ide/tools/bin/../lib/gcc/arm-none-eabi/6.3.1/../../../../arm-none-eabi/lib/thumb/v7-m\libc.a(lib_a-mbrtowc.o)
                0x000095c0                _mbrtowc_r
 .text.__ascii_mbtowc
                0x0000961c       0x2c c:/nxp/mcuxpressoide_10.1.0_589/ide/tools/bin/../lib/gcc/arm-none-eabi/6.3.1/../../../../arm-none-eabi/lib/thumb/v7-m\libc.a(lib_a-mbtowc_r.o)
                0x0000961c                __ascii_mbtowc
 .text._Balloc  0x00009648       0x4c c:/nxp/mcuxpressoide_10.1.0_589/ide/tools/bin/../lib/gcc/arm-none-eabi/6.3.1/../../../../arm-none-eabi/lib/thumb/v7-m\libc.a(lib_a-mprec.o)
                0x00009648                _Balloc
 .text._Bfree   0x00009694       0x14 c:/nxp/mcuxpressoide_10.1.0_589/ide/tools/bin/../lib/gcc/arm-none-eabi/6.3.1/../../../../arm-none-eabi/lib/thumb/v7-m\libc.a(lib_a-mprec.o)
                0x00009694                _Bfree
 .text.__multadd
                0x000096a8       0x84 c:/nxp/mcuxpressoide_10.1.0_589/ide/tools/bin/../lib/gcc/arm-none-eabi/6.3.1/../../../../arm-none-eabi/lib/thumb/v7-m\libc.a(lib_a-mprec.o)
                0x000096a8                __multadd
 .text.__s2b    0x0000972c       0x9c c:/nxp/mcuxpressoide_10.1.0_589/ide/tools/bin/../lib/gcc/arm-none-eabi/6.3.1/../../../../arm-none-eabi/lib/thumb/v7-m\libc.a(lib_a-mprec.o)
                0x0000972c                __s2b
 .text.__hi0bits
                0x000097c8       0x40 c:/nxp/mcuxpressoide_10.1.0_589/ide/tools/bin/../lib/gcc/arm-none-eabi/6.3.1/../../../../arm-none-eabi/lib/thumb/v7-m\libc.a(lib_a-mprec.o)
                0x000097c8                __hi0bits
 .text.__lo0bits
                0x00009808       0x60 c:/nxp/mcuxpressoide_10.1.0_589/ide/tools/bin/../lib/gcc/arm-none-eabi/6.3.1/../../../../arm-none-eabi/lib/thumb/v7-m\libc.a(lib_a-mprec.o)
                0x00009808                __lo0bits
 .text.__i2b    0x00009868       0x14 c:/nxp/mcuxpressoide_10.1.0_589/ide/tools/bin/../lib/gcc/arm-none-eabi/6.3.1/../../../../arm-none-eabi/lib/thumb/v7-m\libc.a(lib_a-mprec.o)
                0x00009868                __i2b
 .text.__multiply
                0x0000987c      0x124 c:/nxp/mcuxpressoide_10.1.0_589/ide/tools/bin/../lib/gcc/arm-none-eabi/6.3.1/../../../../arm-none-eabi/lib/thumb/v7-m\libc.a(lib_a-mprec.o)
                0x0000987c                __multiply
 .text.__pow5mult
                0x000099a0       0xa0 c:/nxp/mcuxpressoide_10.1.0_589/ide/tools/bin/../lib/gcc/arm-none-eabi/6.3.1/../../../../arm-none-eabi/lib/thumb/v7-m\libc.a(lib_a-mprec.o)
                0x000099a0                __pow5mult
 .text.__lshift
                0x00009a40       0xa0 c:/nxp/mcuxpressoide_10.1.0_589/ide/tools/bin/../lib/gcc/arm-none-eabi/6.3.1/../../../../arm-none-eabi/lib/thumb/v7-m\libc.a(lib_a-mprec.o)
                0x00009a40                __lshift
 .text.__mcmp   0x00009ae0       0x38 c:/nxp/mcuxpressoide_10.1.0_589/ide/tools/bin/../lib/gcc/arm-none-eabi/6.3.1/../../../../arm-none-eabi/lib/thumb/v7-m\libc.a(lib_a-mprec.o)
                0x00009ae0                __mcmp
 .text.__mdiff  0x00009b18      0x11c c:/nxp/mcuxpressoide_10.1.0_589/ide/tools/bin/../lib/gcc/arm-none-eabi/6.3.1/../../../../arm-none-eabi/lib/thumb/v7-m\libc.a(lib_a-mprec.o)
                0x00009b18                __mdiff
 .text.__ulp    0x00009c34       0x44 c:/nxp/mcuxpressoide_10.1.0_589/ide/tools/bin/../lib/gcc/arm-none-eabi/6.3.1/../../../../arm-none-eabi/lib/thumb/v7-m\libc.a(lib_a-mprec.o)
                0x00009c34                __ulp
 .text.__b2d    0x00009c78       0xd4 c:/nxp/mcuxpressoide_10.1.0_589/ide/tools/bin/../lib/gcc/arm-none-eabi/6.3.1/../../../../arm-none-eabi/lib/thumb/v7-m\libc.a(lib_a-mprec.o)
                0x00009c78                __b2d
 .text.__d2b    0x00009d4c       0xa8 c:/nxp/mcuxpressoide_10.1.0_589/ide/tools/bin/../lib/gcc/arm-none-eabi/6.3.1/../../../../arm-none-eabi/lib/thumb/v7-m\libc.a(lib_a-mprec.o)
                0x00009d4c                __d2b
 .text.__ratio  0x00009df4       0x58 c:/nxp/mcuxpressoide_10.1.0_589/ide/tools/bin/../lib/gcc/arm-none-eabi/6.3.1/../../../../arm-none-eabi/lib/thumb/v7-m\libc.a(lib_a-mprec.o)
                0x00009df4                __ratio
 .text.__copybits
                0x00009e4c       0x48 c:/nxp/mcuxpressoide_10.1.0_589/ide/tools/bin/../lib/gcc/arm-none-eabi/6.3.1/../../../../arm-none-eabi/lib/thumb/v7-m\libc.a(lib_a-mprec.o)
                0x00009e4c                __copybits
 .text.__any_on
                0x00009e94       0x5c c:/nxp/mcuxpressoide_10.1.0_589/ide/tools/bin/../lib/gcc/arm-none-eabi/6.3.1/../../../../arm-none-eabi/lib/thumb/v7-m\libc.a(lib_a-mprec.o)
                0x00009e94                __any_on
 .text._read_r  0x00009ef0       0x2c c:/nxp/mcuxpressoide_10.1.0_589/ide/tools/bin/../lib/gcc/arm-none-eabi/6.3.1/../../../../arm-none-eabi/lib/thumb/v7-m\libc.a(lib_a-readr.o)
                0x00009ef0                _read_r
 .text.__sccl   0x00009f1c       0x74 c:/nxp/mcuxpressoide_10.1.0_589/ide/tools/bin/../lib/gcc/arm-none-eabi/6.3.1/../../../../arm-none-eabi/lib/thumb/v7-m\libc.a(lib_a-sccl.o)
                0x00009f1c                __sccl
 .text.nanf     0x00009f90        0x8 c:/nxp/mcuxpressoide_10.1.0_589/ide/tools/bin/../lib/gcc/arm-none-eabi/6.3.1/../../../../arm-none-eabi/lib/thumb/v7-m\libc.a(lib_a-sf_nan.o)
                0x00009f90                nanf
 .text.unlikely.sulp
                0x00009f98       0x42 c:/nxp/mcuxpressoide_10.1.0_589/ide/tools/bin/../lib/gcc/arm-none-eabi/6.3.1/../../../../arm-none-eabi/lib/thumb/v7-m\libc.a(lib_a-strtod.o)
 *fill*         0x00009fda        0x6 ff
 .text._strtod_l
                0x00009fe0      0xec0 c:/nxp/mcuxpressoide_10.1.0_589/ide/tools/bin/../lib/gcc/arm-none-eabi/6.3.1/../../../../arm-none-eabi/lib/thumb/v7-m\libc.a(lib_a-strtod.o)
                0x00009fe0                _strtod_l
 .text._strtod_r
                0x0000aea0       0x20 c:/nxp/mcuxpressoide_10.1.0_589/ide/tools/bin/../lib/gcc/arm-none-eabi/6.3.1/../../../../arm-none-eabi/lib/thumb/v7-m\libc.a(lib_a-strtod.o)
                0x0000aea0                _strtod_r
 .text._strtol_l.isra.0
                0x0000aec0      0x128 c:/nxp/mcuxpressoide_10.1.0_589/ide/tools/bin/../lib/gcc/arm-none-eabi/6.3.1/../../../../arm-none-eabi/lib/thumb/v7-m\libc.a(lib_a-strtol.o)
 .text._strtol_r
                0x0000afe8       0x24 c:/nxp/mcuxpressoide_10.1.0_589/ide/tools/bin/../lib/gcc/arm-none-eabi/6.3.1/../../../../arm-none-eabi/lib/thumb/v7-m\libc.a(lib_a-strtol.o)
                0x0000afe8                _strtol_r
 .text._strtoll_l.isra.0
                0x0000b00c      0x19c c:/nxp/mcuxpressoide_10.1.0_589/ide/tools/bin/../lib/gcc/arm-none-eabi/6.3.1/../../../../arm-none-eabi/lib/thumb/v7-m\libc.a(lib_a-strtoll.o)
 .text._strtoll_r
                0x0000b1a8       0x24 c:/nxp/mcuxpressoide_10.1.0_589/ide/tools/bin/../lib/gcc/arm-none-eabi/6.3.1/../../../../arm-none-eabi/lib/thumb/v7-m\libc.a(lib_a-strtoll.o)
                0x0000b1a8                _strtoll_r
 .text._strtoul_l.isra.0
                0x0000b1cc      0x148 c:/nxp/mcuxpressoide_10.1.0_589/ide/tools/bin/../lib/gcc/arm-none-eabi/6.3.1/../../../../arm-none-eabi/lib/thumb/v7-m\libc.a(lib_a-strtoul.o)
 .text._strtoul_r
                0x0000b314       0x24 c:/nxp/mcuxpressoide_10.1.0_589/ide/tools/bin/../lib/gcc/arm-none-eabi/6.3.1/../../../../arm-none-eabi/lib/thumb/v7-m\libc.a(lib_a-strtoul.o)
                0x0000b314                _strtoul_r
 .text._strtoull_l.isra.0
                0x0000b338      0x1bc c:/nxp/mcuxpressoide_10.1.0_589/ide/tools/bin/../lib/gcc/arm-none-eabi/6.3.1/../../../../arm-none-eabi/lib/thumb/v7-m\libc.a(lib_a-strtoull.o)
 .text._strtoull_r
                0x0000b4f4       0x24 c:/nxp/mcuxpressoide_10.1.0_589/ide/tools/bin/../lib/gcc/arm-none-eabi/6.3.1/../../../../arm-none-eabi/lib/thumb/v7-m\libc.a(lib_a-strtoull.o)
                0x0000b4f4                _strtoull_r
 .text.__ssprint_r
                0x0000b518       0xfc c:/nxp/mcuxpressoide_10.1.0_589/ide/tools/bin/../lib/gcc/arm-none-eabi/6.3.1/../../../../arm-none-eabi/lib/thumb/v7-m\libc.a(lib_a-svfiprintf.o)
                0x0000b518                __ssprint_r
 .text._sungetc_r
                0x0000b614       0x80 c:/nxp/mcuxpressoide_10.1.0_589/ide/tools/bin/../lib/gcc/arm-none-eabi/6.3.1/../../../../arm-none-eabi/lib/thumb/v7-m\libc.a(lib_a-svfiscanf.o)
                0x0000b614                _sungetc_r
 .text.__ssrefill_r
                0x0000b694       0x3c c:/nxp/mcuxpressoide_10.1.0_589/ide/tools/bin/../lib/gcc/arm-none-eabi/6.3.1/../../../../arm-none-eabi/lib/thumb/v7-m\libc.a(lib_a-svfiscanf.o)
                0x0000b694                __ssrefill_r
 .text._sfread_r
                0x0000b6d0       0x80 c:/nxp/mcuxpressoide_10.1.0_589/ide/tools/bin/../lib/gcc/arm-none-eabi/6.3.1/../../../../arm-none-eabi/lib/thumb/v7-m\libc.a(lib_a-svfiscanf.o)
                0x0000b6d0                _sfread_r
 .text.__submore
                0x0000b750       0x7c c:/nxp/mcuxpressoide_10.1.0_589/ide/tools/bin/../lib/gcc/arm-none-eabi/6.3.1/../../../../arm-none-eabi/lib/thumb/v7-m\libc.a(lib_a-ungetc.o)
                0x0000b750                __submore
 .text.__sprint_r.part.0
                0x0000b7cc       0x80 c:/nxp/mcuxpressoide_10.1.0_589/ide/tools/bin/../lib/gcc/arm-none-eabi/6.3.1/../../../../arm-none-eabi/lib/thumb/v7-m\libc.a(lib_a-vfiprintf.o)
 .text.__sprint_r
                0x0000b84c       0x14 c:/nxp/mcuxpressoide_10.1.0_589/ide/tools/bin/../lib/gcc/arm-none-eabi/6.3.1/../../../../arm-none-eabi/lib/thumb/v7-m\libc.a(lib_a-vfiprintf.o)
                0x0000b84c                __sprint_r
 .text.__ascii_wctomb
                0x0000b860       0x18 c:/nxp/mcuxpressoide_10.1.0_589/ide/tools/bin/../lib/gcc/arm-none-eabi/6.3.1/../../../../arm-none-eabi/lib/thumb/v7-m\libc.a(lib_a-wctomb_r.o)
                0x0000b860                __ascii_wctomb
 .text._calloc_r
                0x0000b878       0x60 c:/nxp/mcuxpressoide_10.1.0_589/ide/tools/bin/../lib/gcc/arm-none-eabi/6.3.1/../../../../arm-none-eabi/lib/thumb/v7-m\libc.a(lib_a-callocr.o)
                0x0000b878                _calloc_r
 .text.__fputwc
                0x0000b8d8       0x98 c:/nxp/mcuxpressoide_10.1.0_589/ide/tools/bin/../lib/gcc/arm-none-eabi/6.3.1/../../../../arm-none-eabi/lib/thumb/v7-m\libc.a(lib_a-fputwc.o)
                0x0000b8d8                __fputwc
 .text._fputwc_r
                0x0000b970       0x68 c:/nxp/mcuxpressoide_10.1.0_589/ide/tools/bin/../lib/gcc/arm-none-eabi/6.3.1/../../../../arm-none-eabi/lib/thumb/v7-m\libc.a(lib_a-fputwc.o)
                0x0000b970                _fputwc_r
 .text.rshift   0x0000b9d8       0x98 c:/nxp/mcuxpressoide_10.1.0_589/ide/tools/bin/../lib/gcc/arm-none-eabi/6.3.1/../../../../arm-none-eabi/lib/thumb/v7-m\libc.a(lib_a-gdtoa-gethex.o)
 .text.__gethex
                0x0000ba70      0x50c c:/nxp/mcuxpressoide_10.1.0_589/ide/tools/bin/../lib/gcc/arm-none-eabi/6.3.1/../../../../arm-none-eabi/lib/thumb/v7-m\libc.a(lib_a-gdtoa-gethex.o)
                0x0000ba70                __gethex
 .text.__match  0x0000bf7c       0x30 c:/nxp/mcuxpressoide_10.1.0_589/ide/tools/bin/../lib/gcc/arm-none-eabi/6.3.1/../../../../arm-none-eabi/lib/thumb/v7-m\libc.a(lib_a-gdtoa-hexnan.o)
                0x0000bf7c                __match
 .text.__hexnan
                0x0000bfac      0x184 c:/nxp/mcuxpressoide_10.1.0_589/ide/tools/bin/../lib/gcc/arm-none-eabi/6.3.1/../../../../arm-none-eabi/lib/thumb/v7-m\libc.a(lib_a-gdtoa-hexnan.o)
                0x0000bfac                __hexnan
 .text._wcrtomb_r
                0x0000c130       0x54 c:/nxp/mcuxpressoide_10.1.0_589/ide/tools/bin/../lib/gcc/arm-none-eabi/6.3.1/../../../../arm-none-eabi/lib/thumb/v7-m\libc.a(lib_a-wcrtomb.o)
                0x0000c130                _wcrtomb_r
 .text._sbrk    0x0000c184       0x3c c:/nxp/mcuxpressoide_10.1.0_589/ide/tools/bin/../lib/gcc/arm-none-eabi/6.3.1/../../../../arm-none-eabi/lib/thumb/v7-m\libcr_newlib_nohost.a(_cr_sbrk.o)
                0x0000c184                _sbrk
 .text.__check_heap_overflow
                0x0000c1c0       0x18 c:/nxp/mcuxpressoide_10.1.0_589/ide/tools/bin/../lib/gcc/arm-none-eabi/6.3.1/../../../../arm-none-eabi/lib/thumb/v7-m\libcr_newlib_nohost.a(_cr_check_heap.o)
                0x0000c1c0                __check_heap_overflow
 .text          0x0000c1d8       0x6c c:/nxp/mcuxpressoide_10.1.0_589/ide/tools/bin/../lib/gcc/arm-none-eabi/6.3.1/thumb/v7-m\crtbegin.o
 .text          0x0000c244      0x370 c:/nxp/mcuxpressoide_10.1.0_589/ide/tools/bin/../lib/gcc/arm-none-eabi/6.3.1/thumb/v7-m\libgcc.a(_arm_addsubdf3.o)
                0x0000c244                __aeabi_drsub
                0x0000c24c                __aeabi_dsub
                0x0000c24c                __subdf3
                0x0000c250                __aeabi_dadd
                0x0000c250                __adddf3
                0x0000c4c8                __floatunsidf
                0x0000c4c8                __aeabi_ui2d
                0x0000c4e8                __floatsidf
                0x0000c4e8                __aeabi_i2d
                0x0000c50c                __aeabi_f2d
                0x0000c50c                __extendsfdf2
                0x0000c548                __floatundidf
                0x0000c548                __aeabi_ul2d
                0x0000c558                __floatdidf
                0x0000c558                __aeabi_l2d
 .text          0x0000c5b4      0x424 c:/nxp/mcuxpressoide_10.1.0_589/ide/tools/bin/../lib/gcc/arm-none-eabi/6.3.1/thumb/v7-m\libgcc.a(_arm_muldivdf3.o)
                0x0000c5b4                __aeabi_dmul
                0x0000c5b4                __muldf3
                0x0000c808                __divdf3
                0x0000c808                __aeabi_ddiv
 .text          0x0000c9d8      0x110 c:/nxp/mcuxpressoide_10.1.0_589/ide/tools/bin/../lib/gcc/arm-none-eabi/6.3.1/thumb/v7-m\libgcc.a(_arm_cmpdf2.o)
                0x0000c9d8                __gtdf2
                0x0000c9d8                __gedf2
                0x0000c9e0                __ltdf2
                0x0000c9e0                __ledf2
                0x0000c9e8                __nedf2
                0x0000c9e8                __eqdf2
                0x0000c9e8                __cmpdf2
                0x0000ca64                __aeabi_cdrcmple
                0x0000ca74                __aeabi_cdcmpeq
                0x0000ca74                __aeabi_cdcmple
                0x0000ca84                __aeabi_dcmpeq
                0x0000ca98                __aeabi_dcmplt
                0x0000caac                __aeabi_dcmple
                0x0000cac0                __aeabi_dcmpge
                0x0000cad4                __aeabi_dcmpgt
 .text          0x0000cae8       0x2c c:/nxp/mcuxpressoide_10.1.0_589/ide/tools/bin/../lib/gcc/arm-none-eabi/6.3.1/thumb/v7-m\libgcc.a(_arm_unorddf2.o)
                0x0000cae8                __unorddf2
                0x0000cae8                __aeabi_dcmpun
 .text          0x0000cb14       0x50 c:/nxp/mcuxpressoide_10.1.0_589/ide/tools/bin/../lib/gcc/arm-none-eabi/6.3.1/thumb/v7-m\libgcc.a(_arm_fixdfsi.o)
                0x0000cb14                __aeabi_d2iz
                0x0000cb14                __fixdfsi
 .text          0x0000cb64       0x40 c:/nxp/mcuxpressoide_10.1.0_589/ide/tools/bin/../lib/gcc/arm-none-eabi/6.3.1/thumb/v7-m\libgcc.a(_arm_fixunsdfsi.o)
                0x0000cb64                __aeabi_d2uiz
                0x0000cb64                __fixunsdfsi
 .text          0x0000cba4       0xa0 c:/nxp/mcuxpressoide_10.1.0_589/ide/tools/bin/../lib/gcc/arm-none-eabi/6.3.1/thumb/v7-m\libgcc.a(_arm_truncdfsf2.o)
                0x0000cba4                __truncdfsf2
                0x0000cba4                __aeabi_d2f
 *(.rodata .rodata.*)
 .rodata.gpio_write.str1.1
                0x0000cc44       0xb0 ./main.o
 .rodata.str1.4
                0x0000ccf4       0x80 C:/Users/AGATSUMA/Documents/MCUXpressoIDE_10.1.0_589/workspace/TestProject_ver7.0_kakinaosi/mbed/TARGET_LPC1768/TOOLCHAIN_GCC_CR/board.o
 .rodata.__stdin_name
                0x0000cd74        0x8 C:/Users/AGATSUMA/Documents/MCUXpressoIDE_10.1.0_589/workspace/TestProject_ver7.0_kakinaosi/mbed/TARGET_LPC1768/TOOLCHAIN_GCC_CR/retarget.o
                0x0000cd74                __stdin_name
 .rodata.__stderr_name
                0x0000cd7c        0x8 C:/Users/AGATSUMA/Documents/MCUXpressoIDE_10.1.0_589/workspace/TestProject_ver7.0_kakinaosi/mbed/TARGET_LPC1768/TOOLCHAIN_GCC_CR/retarget.o
                0x0000cd7c                __stderr_name
 .rodata.__stdout_name
                0x0000cd84        0x8 C:/Users/AGATSUMA/Documents/MCUXpressoIDE_10.1.0_589/workspace/TestProject_ver7.0_kakinaosi/mbed/TARGET_LPC1768/TOOLCHAIN_GCC_CR/retarget.o
                0x0000cd84                __stdout_name
 *fill*         0x0000cd8c        0x4 ff
 .rodata._ZTVN4mbed10FileHandleE
                0x0000cd90       0x30 C:/Users/AGATSUMA/Documents/MCUXpressoIDE_10.1.0_589/workspace/TestProject_ver7.0_kakinaosi/mbed/TARGET_LPC1768/TOOLCHAIN_GCC_CR/retarget.o
                0x0000cd90                vtable for mbed::FileHandle
 .rodata.str1.4
                0x0000cdc0        0xe C:/Users/AGATSUMA/Documents/MCUXpressoIDE_10.1.0_589/workspace/TestProject_ver7.0_kakinaosi/mbed/TARGET_LPC1768/TOOLCHAIN_GCC_CR/retarget.o
                                 0x10 (size before relaxing)
 *fill*         0x0000cdce        0x2 ff
 .rodata.PinMap_PWM
                0x0000cdd0       0xb4 C:\Users\AGATSUMA\Documents\MCUXpressoIDE_10.1.0_589\workspace\TestProject_ver7.0_kakinaosi\mbed\TARGET_LPC1768\TOOLCHAIN_GCC_CR\libmbed.a(pwmout_api.o)
 .rodata.str1.4
                0x0000ce84       0x7c C:\Users\AGATSUMA\Documents\MCUXpressoIDE_10.1.0_589\workspace\TestProject_ver7.0_kakinaosi\mbed\TARGET_LPC1768\TOOLCHAIN_GCC_CR\libmbed.a(pwmout_api.o)
 .rodata.PinMap_UART_RTS
                0x0000cf00       0x24 C:\Users\AGATSUMA\Documents\MCUXpressoIDE_10.1.0_589\workspace\TestProject_ver7.0_kakinaosi\mbed\TARGET_LPC1768\TOOLCHAIN_GCC_CR\libmbed.a(serial_api.o)
 .rodata.CSWTCH.24
                0x0000cf24       0x10 C:\Users\AGATSUMA\Documents\MCUXpressoIDE_10.1.0_589\workspace\TestProject_ver7.0_kakinaosi\mbed\TARGET_LPC1768\TOOLCHAIN_GCC_CR\libmbed.a(serial_api.o)
 .rodata.PinMap_UART_RX
                0x0000cf34       0x6c C:\Users\AGATSUMA\Documents\MCUXpressoIDE_10.1.0_589\workspace\TestProject_ver7.0_kakinaosi\mbed\TARGET_LPC1768\TOOLCHAIN_GCC_CR\libmbed.a(serial_api.o)
 .rodata.str1.4
                0x0000cfa0      0x1d0 C:\Users\AGATSUMA\Documents\MCUXpressoIDE_10.1.0_589\workspace\TestProject_ver7.0_kakinaosi\mbed\TARGET_LPC1768\TOOLCHAIN_GCC_CR\libmbed.a(serial_api.o)
                                0x1e8 (size before relaxing)
 .rodata.PinMap_UART_TX
                0x0000d170       0x6c C:\Users\AGATSUMA\Documents\MCUXpressoIDE_10.1.0_589\workspace\TestProject_ver7.0_kakinaosi\mbed\TARGET_LPC1768\TOOLCHAIN_GCC_CR\libmbed.a(serial_api.o)
 .rodata.PinMap_UART_CTS
                0x0000d1dc       0x24 C:\Users\AGATSUMA\Documents\MCUXpressoIDE_10.1.0_589\workspace\TestProject_ver7.0_kakinaosi\mbed\TARGET_LPC1768\TOOLCHAIN_GCC_CR\libmbed.a(serial_api.o)
 .rodata._ZTVN4mbed10SerialBaseE
                0x0000d200       0x10 C:\Users\AGATSUMA\Documents\MCUXpressoIDE_10.1.0_589\workspace\TestProject_ver7.0_kakinaosi\mbed\TARGET_LPC1768\TOOLCHAIN_GCC_CR\libmbed.a(Serial.o)
                0x0000d200                vtable for mbed::SerialBase
 .rodata._ZTVN4mbed6SerialE
                0x0000d210       0x60 C:\Users\AGATSUMA\Documents\MCUXpressoIDE_10.1.0_589\workspace\TestProject_ver7.0_kakinaosi\mbed\TARGET_LPC1768\TOOLCHAIN_GCC_CR\libmbed.a(Serial.o)
                0x0000d210                vtable for mbed::Serial
 .rodata._ZTVN4mbed6StreamE
                0x0000d270       0x48 C:\Users\AGATSUMA\Documents\MCUXpressoIDE_10.1.0_589\workspace\TestProject_ver7.0_kakinaosi\mbed\TARGET_LPC1768\TOOLCHAIN_GCC_CR\libmbed.a(Stream.o)
                0x0000d270                vtable for mbed::Stream
 .rodata.str1.4
                0x0000d2b8        0x3 C:\Users\AGATSUMA\Documents\MCUXpressoIDE_10.1.0_589\workspace\TestProject_ver7.0_kakinaosi\mbed\TARGET_LPC1768\TOOLCHAIN_GCC_CR\libmbed.a(Stream.o)
                                  0x8 (size before relaxing)
 *fill*         0x0000d2bb        0x1 ff
 .rodata.str1.4
                0x0000d2bc       0x31 C:\Users\AGATSUMA\Documents\MCUXpressoIDE_10.1.0_589\workspace\TestProject_ver7.0_kakinaosi\mbed\TARGET_LPC1768\TOOLCHAIN_GCC_CR\libmbed.a(assert.o)
                                 0x34 (size before relaxing)
 .rodata.str1.4
                0x0000d2ed       0x80 C:\Users\AGATSUMA\Documents\MCUXpressoIDE_10.1.0_589\workspace\TestProject_ver7.0_kakinaosi\mbed\TARGET_LPC1768\TOOLCHAIN_GCC_CR\libmbed.a(gpio.o)
 *fill*         0x0000d2ed        0x3 ff
 .rodata.str1.4
                0x0000d2f0       0x66 C:\Users\AGATSUMA\Documents\MCUXpressoIDE_10.1.0_589\workspace\TestProject_ver7.0_kakinaosi\mbed\TARGET_LPC1768\TOOLCHAIN_GCC_CR\libmbed.a(pinmap_common.o)
                                 0x68 (size before relaxing)
 *fill*         0x0000d356        0x2 ff
 .rodata.str1.4
                0x0000d358       0x7a C:\Users\AGATSUMA\Documents\MCUXpressoIDE_10.1.0_589\workspace\TestProject_ver7.0_kakinaosi\mbed\TARGET_LPC1768\TOOLCHAIN_GCC_CR\libmbed.a(gpio_api.o)
                                 0x94 (size before relaxing)
 *fill*         0x0000d3d2        0x2 ff
 .rodata.str1.4
                0x0000d3d4       0x64 C:\Users\AGATSUMA\Documents\MCUXpressoIDE_10.1.0_589\workspace\TestProject_ver7.0_kakinaosi\mbed\TARGET_LPC1768\TOOLCHAIN_GCC_CR\libmbed.a(pinmap.o)
                                 0x78 (size before relaxing)
 .rodata._ZTVN4mbed8FileLikeE
                0x0000d438       0x40 C:\Users\AGATSUMA\Documents\MCUXpressoIDE_10.1.0_589\workspace\TestProject_ver7.0_kakinaosi\mbed\TARGET_LPC1768\TOOLCHAIN_GCC_CR\libmbed.a(FileLike.o)
                0x0000d438                vtable for mbed::FileLike
 .rodata._ZTVN4mbed8FileBaseE
                0x0000d478       0x10 C:\Users\AGATSUMA\Documents\MCUXpressoIDE_10.1.0_589\workspace\TestProject_ver7.0_kakinaosi\mbed\TARGET_LPC1768\TOOLCHAIN_GCC_CR\libmbed.a(FileBase.o)
                0x0000d478                vtable for mbed::FileBase
 .rodata.us_interface
                0x0000d488       0x14 C:\Users\AGATSUMA\Documents\MCUXpressoIDE_10.1.0_589\workspace\TestProject_ver7.0_kakinaosi\mbed\TARGET_LPC1768\TOOLCHAIN_GCC_CR\libmbed.a(us_ticker_api.o)
 .rodata.us_data
                0x0000d49c        0x8 C:\Users\AGATSUMA\Documents\MCUXpressoIDE_10.1.0_589\workspace\TestProject_ver7.0_kakinaosi\mbed\TARGET_LPC1768\TOOLCHAIN_GCC_CR\libmbed.a(us_ticker_api.o)
 .rodata._global_impure_ptr
                0x0000d4a4        0x4 c:/nxp/mcuxpressoide_10.1.0_589/ide/tools/bin/../lib/gcc/arm-none-eabi/6.3.1/../../../../arm-none-eabi/lib/thumb/v7-m\libc.a(lib_a-impure.o)
                0x0000d4a4                _global_impure_ptr
 .rodata._svfprintf_r.str1.4
                0x0000d4a8       0x42 c:/nxp/mcuxpressoide_10.1.0_589/ide/tools/bin/../lib/gcc/arm-none-eabi/6.3.1/../../../../arm-none-eabi/lib/thumb/v7-m\libc.a(lib_a-svfprintf.o)
 *fill*         0x0000d4ea        0x2 ff
 .rodata.blanks.7223
                0x0000d4ec       0x10 c:/nxp/mcuxpressoide_10.1.0_589/ide/tools/bin/../lib/gcc/arm-none-eabi/6.3.1/../../../../arm-none-eabi/lib/thumb/v7-m\libc.a(lib_a-svfprintf.o)
 .rodata.zeroes.7224
                0x0000d4fc       0x10 c:/nxp/mcuxpressoide_10.1.0_589/ide/tools/bin/../lib/gcc/arm-none-eabi/6.3.1/../../../../arm-none-eabi/lib/thumb/v7-m\libc.a(lib_a-svfprintf.o)
 .rodata.__ssvfscanf_r.str1.4
                0x0000d50c        0x5 c:/nxp/mcuxpressoide_10.1.0_589/ide/tools/bin/../lib/gcc/arm-none-eabi/6.3.1/../../../../arm-none-eabi/lib/thumb/v7-m\libc.a(lib_a-svfscanf.o)
 *fill*         0x0000d511        0x3 ff
 .rodata.basefix.7294
                0x0000d514       0x22 c:/nxp/mcuxpressoide_10.1.0_589/ide/tools/bin/../lib/gcc/arm-none-eabi/6.3.1/../../../../arm-none-eabi/lib/thumb/v7-m\libc.a(lib_a-svfscanf.o)
 .rodata._vfprintf_r.str1.4
                0x0000d536       0x42 c:/nxp/mcuxpressoide_10.1.0_589/ide/tools/bin/../lib/gcc/arm-none-eabi/6.3.1/../../../../arm-none-eabi/lib/thumb/v7-m\libc.a(lib_a-vfprintf.o)
 *fill*         0x0000d536        0x2 ff
 .rodata.blanks.7238
                0x0000d538       0x10 c:/nxp/mcuxpressoide_10.1.0_589/ide/tools/bin/../lib/gcc/arm-none-eabi/6.3.1/../../../../arm-none-eabi/lib/thumb/v7-m\libc.a(lib_a-vfprintf.o)
 .rodata.zeroes.7239
                0x0000d548       0x10 c:/nxp/mcuxpressoide_10.1.0_589/ide/tools/bin/../lib/gcc/arm-none-eabi/6.3.1/../../../../arm-none-eabi/lib/thumb/v7-m\libc.a(lib_a-vfprintf.o)
 .rodata._dtoa_r.str1.4
                0x0000d558       0x10 c:/nxp/mcuxpressoide_10.1.0_589/ide/tools/bin/../lib/gcc/arm-none-eabi/6.3.1/../../../../arm-none-eabi/lib/thumb/v7-m\libc.a(lib_a-dtoa.o)
                                 0x12 (size before relaxing)
 .rodata._setlocale_r.str1.4
                0x0000d568        0xa c:/nxp/mcuxpressoide_10.1.0_589/ide/tools/bin/../lib/gcc/arm-none-eabi/6.3.1/../../../../arm-none-eabi/lib/thumb/v7-m\libc.a(lib_a-locale.o)
                                  0xd (size before relaxing)
 *fill*         0x0000d572        0x2 ff
 .rodata.str1.4
                0x0000d574        0x2 c:/nxp/mcuxpressoide_10.1.0_589/ide/tools/bin/../lib/gcc/arm-none-eabi/6.3.1/../../../../arm-none-eabi/lib/thumb/v7-m\libc.a(lib_a-locale.o)
 .rodata._mbrtowc_r.str1.4
                0x0000d576        0x1 c:/nxp/mcuxpressoide_10.1.0_589/ide/tools/bin/../lib/gcc/arm-none-eabi/6.3.1/../../../../arm-none-eabi/lib/thumb/v7-m\libc.a(lib_a-mbrtowc.o)
 *fill*         0x0000d576        0x2 ff
 .rodata.__mprec_bigtens
                0x0000d578       0x28 c:/nxp/mcuxpressoide_10.1.0_589/ide/tools/bin/../lib/gcc/arm-none-eabi/6.3.1/../../../../arm-none-eabi/lib/thumb/v7-m\libc.a(lib_a-mprec.o)
                0x0000d578                __mprec_bigtens
 .rodata.__mprec_tens
                0x0000d5a0       0xc8 c:/nxp/mcuxpressoide_10.1.0_589/ide/tools/bin/../lib/gcc/arm-none-eabi/6.3.1/../../../../arm-none-eabi/lib/thumb/v7-m\libc.a(lib_a-mprec.o)
                0x0000d5a0                __mprec_tens
 .rodata.p05.6055
                0x0000d668        0xc c:/nxp/mcuxpressoide_10.1.0_589/ide/tools/bin/../lib/gcc/arm-none-eabi/6.3.1/../../../../arm-none-eabi/lib/thumb/v7-m\libc.a(lib_a-mprec.o)
 .rodata._strtod_l.str1.4
                0x0000d674       0x10 c:/nxp/mcuxpressoide_10.1.0_589/ide/tools/bin/../lib/gcc/arm-none-eabi/6.3.1/../../../../arm-none-eabi/lib/thumb/v7-m\libc.a(lib_a-strtod.o)
                                  0xf (size before relaxing)
 .rodata.fpi.6141
                0x0000d684       0x14 c:/nxp/mcuxpressoide_10.1.0_589/ide/tools/bin/../lib/gcc/arm-none-eabi/6.3.1/../../../../arm-none-eabi/lib/thumb/v7-m\libc.a(lib_a-strtod.o)
 .rodata.fpinan.6177
                0x0000d698       0x14 c:/nxp/mcuxpressoide_10.1.0_589/ide/tools/bin/../lib/gcc/arm-none-eabi/6.3.1/../../../../arm-none-eabi/lib/thumb/v7-m\libc.a(lib_a-strtod.o)
 *fill*         0x0000d6ac        0x4 ff
 .rodata.tinytens
                0x0000d6b0       0x28 c:/nxp/mcuxpressoide_10.1.0_589/ide/tools/bin/../lib/gcc/arm-none-eabi/6.3.1/../../../../arm-none-eabi/lib/thumb/v7-m\libc.a(lib_a-strtod.o)
 .rodata._ctype_
                0x0000d6d8      0x101 c:/nxp/mcuxpressoide_10.1.0_589/ide/tools/bin/../lib/gcc/arm-none-eabi/6.3.1/../../../../arm-none-eabi/lib/thumb/v7-m\libc.a(lib_a-ctype_.o)
                0x0000d6d8                _ctype_
 *fill*         0x0000d7d9        0x3 ff
 .rodata.__hexdig
                0x0000d7dc      0x100 c:/nxp/mcuxpressoide_10.1.0_589/ide/tools/bin/../lib/gcc/arm-none-eabi/6.3.1/../../../../arm-none-eabi/lib/thumb/v7-m\libc.a(lib_a-gdtoa-gethex.o)
                0x0000d7dc                __hexdig
                0x0000d8dc                . = ALIGN (0x4)
                0x0000d8dc                . = ALIGN (0x4)
 *(.init)
 .init          0x0000d8dc        0x4 c:/nxp/mcuxpressoide_10.1.0_589/ide/tools/bin/../lib/gcc/arm-none-eabi/6.3.1/thumb/v7-m\crti.o
                0x0000d8dc                _init
 .init          0x0000d8e0        0x8 c:/nxp/mcuxpressoide_10.1.0_589/ide/tools/bin/../lib/gcc/arm-none-eabi/6.3.1/thumb/v7-m\crtn.o
                0x0000d8e8                . = ALIGN (0x4)
                0x0000d8e8                __preinit_array_start = .
 *(.preinit_array)
                0x0000d8e8                __preinit_array_end = .
                0x0000d8e8                . = ALIGN (0x4)
                0x0000d8e8                __init_array_start = .
 *(SORT(.init_array.*))
 *(.init_array)
 .init_array    0x0000d8e8        0x4 ./main.o
 .init_array    0x0000d8ec        0x4 c:/nxp/mcuxpressoide_10.1.0_589/ide/tools/bin/../lib/gcc/arm-none-eabi/6.3.1/thumb/v7-m\crtbegin.o
                0x0000d8f0                __init_array_end = .
 *(.fini)
 .fini          0x0000d8f0        0x4 c:/nxp/mcuxpressoide_10.1.0_589/ide/tools/bin/../lib/gcc/arm-none-eabi/6.3.1/thumb/v7-m\crti.o
                0x0000d8f0                _fini
 .fini          0x0000d8f4        0x8 c:/nxp/mcuxpressoide_10.1.0_589/ide/tools/bin/../lib/gcc/arm-none-eabi/6.3.1/thumb/v7-m\crtn.o
                0x0000d8fc                . = ALIGN (0x4)
 *crtbegin.o(.ctors)
 *(EXCLUDE_FILE(*crtend.o) .ctors)
 *(SORT(.ctors.*))
 *crtend.o(.ctors)
                0x0000d8fc                . = ALIGN (0x4)
 *crtbegin.o(.dtors)
 *(EXCLUDE_FILE(*crtend.o) .dtors)
 *(SORT(.dtors.*))
 *crtend.o(.dtors)

.glue_7         0x0000d8fc        0x0
 .glue_7        0x0000d8fc        0x0 linker stubs

.glue_7t        0x0000d8fc        0x0
 .glue_7t       0x0000d8fc        0x0 linker stubs

.vfp11_veneer   0x0000d8fc        0x0
 .vfp11_veneer  0x0000d8fc        0x0 linker stubs

.v4_bx          0x0000d8fc        0x0
 .v4_bx         0x0000d8fc        0x0 linker stubs

.iplt           0x0000d8fc        0x0
 .iplt          0x0000d8fc        0x0 ./main.o

.ARM.extab
 *(.ARM.extab* .gnu.linkonce.armextab.*)
                0x0000d8fc                __exidx_start = .

.ARM.exidx      0x0000d8fc        0x8
 *(.ARM.exidx* .gnu.linkonce.armexidx.*)
 .ARM.exidx     0x0000d8fc        0x8 c:/nxp/mcuxpressoide_10.1.0_589/ide/tools/bin/../lib/gcc/arm-none-eabi/6.3.1/thumb/v7-m\libgcc.a(_udivmoddi4.o)
                0x0000d904                __exidx_end = .
                0x0000d904                _etext = .

.rel.dyn        0x0000d904        0x0
 .rel.iplt      0x0000d904        0x0 ./main.o

.eh_frame       0x0000d904        0x0
 .eh_frame      0x0000d904        0x0 c:/nxp/mcuxpressoide_10.1.0_589/ide/tools/bin/../lib/gcc/arm-none-eabi/6.3.1/thumb/v7-m\crtbegin.o

.data_RAM2      0x2007c000        0x0 load address 0x0000d904
 FILL mask 0xff
 *(.data.$RAM2*)
 *(.data.$RamAHB32*)
                0x2007c000                . = ALIGN (0x4)

.uninit_RESERVED
 *(.bss.$RESERVED*)

.data           0x100000c8      0x9d0 load address 0x0000d904
 FILL mask 0xff
                0x100000c8                _data = .
 *(vtable)
 *(.data*)
 .data.SystemCoreClock
                0x100000c8        0x4 C:/Users/AGATSUMA/Documents/MCUXpressoIDE_10.1.0_589/workspace/TestProject_ver7.0_kakinaosi/mbed/TARGET_LPC1768/TOOLCHAIN_GCC_CR/system_LPC17xx.o
                0x100000c8                SystemCoreClock
 .data.PWM_MATCH
                0x100000cc       0x1c C:\Users\AGATSUMA\Documents\MCUXpressoIDE_10.1.0_589\workspace\TestProject_ver7.0_kakinaosi\mbed\TARGET_LPC1768\TOOLCHAIN_GCC_CR\libmbed.a(pwmout_api.o)
                0x100000cc                PWM_MATCH
 .data._impure_ptr
                0x100000e8        0x4 c:/nxp/mcuxpressoide_10.1.0_589/ide/tools/bin/../lib/gcc/arm-none-eabi/6.3.1/../../../../arm-none-eabi/lib/thumb/v7-m\libc.a(lib_a-impure.o)
                0x100000e8                _impure_ptr
 *fill*         0x100000ec        0x4 ff
 .data.impure_data
                0x100000f0      0x428 c:/nxp/mcuxpressoide_10.1.0_589/ide/tools/bin/../lib/gcc/arm-none-eabi/6.3.1/../../../../arm-none-eabi/lib/thumb/v7-m\libc.a(lib_a-impure.o)
 .data.__malloc_av_
                0x10000518      0x408 c:/nxp/mcuxpressoide_10.1.0_589/ide/tools/bin/../lib/gcc/arm-none-eabi/6.3.1/../../../../arm-none-eabi/lib/thumb/v7-m\libc.a(lib_a-mallocr.o)
                0x10000518                __malloc_av_
 .data.__malloc_sbrk_base
                0x10000920        0x4 c:/nxp/mcuxpressoide_10.1.0_589/ide/tools/bin/../lib/gcc/arm-none-eabi/6.3.1/../../../../arm-none-eabi/lib/thumb/v7-m\libc.a(lib_a-mallocr.o)
                0x10000920                __malloc_sbrk_base
 .data.__malloc_trim_threshold
                0x10000924        0x4 c:/nxp/mcuxpressoide_10.1.0_589/ide/tools/bin/../lib/gcc/arm-none-eabi/6.3.1/../../../../arm-none-eabi/lib/thumb/v7-m\libc.a(lib_a-mallocr.o)
                0x10000924                __malloc_trim_threshold
 .data.__global_locale
                0x10000928      0x16c c:/nxp/mcuxpressoide_10.1.0_589/ide/tools/bin/../lib/gcc/arm-none-eabi/6.3.1/../../../../arm-none-eabi/lib/thumb/v7-m\libc.a(lib_a-locale.o)
                0x10000928                __global_locale