Archive member included to satisfy reference by file (symbol)

C:\Users\AGATSUMA\Documents\MCUXpressoIDE_10.1.0_589\workspace\TestProject_ver8\mbed\TARGET_LPC1768\TOOLCHAIN_GCC_CR\libmbed.a(serial_api.o)
                              C:/Users/AGATSUMA/Documents/MCUXpressoIDE_10.1.0_589/workspace/TestProject_ver8/mbed/TARGET_LPC1768/TOOLCHAIN_GCC_CR/retarget.o (serial_getc)
C:\Users\AGATSUMA\Documents\MCUXpressoIDE_10.1.0_589\workspace\TestProject_ver8\mbed\TARGET_LPC1768\TOOLCHAIN_GCC_CR\libmbed.a(FilePath.o)
                              C:/Users/AGATSUMA/Documents/MCUXpressoIDE_10.1.0_589/workspace/TestProject_ver8/mbed/TARGET_LPC1768/TOOLCHAIN_GCC_CR/retarget.o (mbed::FilePath::FilePath(char const*))
C:\Users\AGATSUMA\Documents\MCUXpressoIDE_10.1.0_589\workspace\TestProject_ver8\mbed\TARGET_LPC1768\TOOLCHAIN_GCC_CR\libmbed.a(FileSystemLike.o)
                              C:/Users/AGATSUMA/Documents/MCUXpressoIDE_10.1.0_589/workspace/TestProject_ver8/mbed/TARGET_LPC1768/TOOLCHAIN_GCC_CR/retarget.o (mbed::FileSystemLike::opendir())
C:\Users\AGATSUMA\Documents\MCUXpressoIDE_10.1.0_589\workspace\TestProject_ver8\mbed\TARGET_LPC1768\TOOLCHAIN_GCC_CR\libmbed.a(Serial.o)
                              ./main.o (mbed::Serial::Serial(PinName, PinName, char const*))
C:\Users\AGATSUMA\Documents\MCUXpressoIDE_10.1.0_589\workspace\TestProject_ver8\mbed\TARGET_LPC1768\TOOLCHAIN_GCC_CR\libmbed.a(SerialBase.o)
                              C:\Users\AGATSUMA\Documents\MCUXpressoIDE_10.1.0_589\workspace\TestProject_ver8\mbed\TARGET_LPC1768\TOOLCHAIN_GCC_CR\libmbed.a(Serial.o) (mbed::SerialBase::SerialBase(PinName, PinName))
C:\Users\AGATSUMA\Documents\MCUXpressoIDE_10.1.0_589\workspace\TestProject_ver8\mbed\TARGET_LPC1768\TOOLCHAIN_GCC_CR\libmbed.a(Stream.o)
                              C:\Users\AGATSUMA\Documents\MCUXpressoIDE_10.1.0_589\workspace\TestProject_ver8\mbed\TARGET_LPC1768\TOOLCHAIN_GCC_CR\libmbed.a(Serial.o) (mbed::Stream::close())
C:\Users\AGATSUMA\Documents\MCUXpressoIDE_10.1.0_589\workspace\TestProject_ver8\mbed\TARGET_LPC1768\TOOLCHAIN_GCC_CR\libmbed.a(assert.o)
                              ./main.o (mbed_assert_internal)
C:\Users\AGATSUMA\Documents\MCUXpressoIDE_10.1.0_589\workspace\TestProject_ver8\mbed\TARGET_LPC1768\TOOLCHAIN_GCC_CR\libmbed.a(error.o)
                              C:/Users/AGATSUMA/Documents/MCUXpressoIDE_10.1.0_589/workspace/TestProject_ver8/mbed/TARGET_LPC1768/TOOLCHAIN_GCC_CR/retarget.o (error)
C:\Users\AGATSUMA\Documents\MCUXpressoIDE_10.1.0_589\workspace\TestProject_ver8\mbed\TARGET_LPC1768\TOOLCHAIN_GCC_CR\libmbed.a(gpio.o)
                              C:\Users\AGATSUMA\Documents\MCUXpressoIDE_10.1.0_589\workspace\TestProject_ver8\mbed\TARGET_LPC1768\TOOLCHAIN_GCC_CR\libmbed.a(serial_api.o) (gpio_init_in)
C:\Users\AGATSUMA\Documents\MCUXpressoIDE_10.1.0_589\workspace\TestProject_ver8\mbed\TARGET_LPC1768\TOOLCHAIN_GCC_CR\libmbed.a(mbed_interface.o)
                              C:/Users/AGATSUMA/Documents/MCUXpressoIDE_10.1.0_589/workspace/TestProject_ver8/mbed/TARGET_LPC1768/TOOLCHAIN_GCC_CR/retarget.o (mbed_interface_connected)
C:\Users\AGATSUMA\Documents\MCUXpressoIDE_10.1.0_589\workspace\TestProject_ver8\mbed\TARGET_LPC1768\TOOLCHAIN_GCC_CR\libmbed.a(pinmap_common.o)
                              C:\Users\AGATSUMA\Documents\MCUXpressoIDE_10.1.0_589\workspace\TestProject_ver8\mbed\TARGET_LPC1768\TOOLCHAIN_GCC_CR\libmbed.a(serial_api.o) (pinmap_pinout)
C:\Users\AGATSUMA\Documents\MCUXpressoIDE_10.1.0_589\workspace\TestProject_ver8\mbed\TARGET_LPC1768\TOOLCHAIN_GCC_CR\libmbed.a(semihost_api.o)
                              C:/Users/AGATSUMA/Documents/MCUXpressoIDE_10.1.0_589/workspace/TestProject_ver8/mbed/TARGET_LPC1768/TOOLCHAIN_GCC_CR/retarget.o (semihost_exit)
C:\Users\AGATSUMA\Documents\MCUXpressoIDE_10.1.0_589\workspace\TestProject_ver8\mbed\TARGET_LPC1768\TOOLCHAIN_GCC_CR\libmbed.a(wait_api.o)
                              C:\Users\AGATSUMA\Documents\MCUXpressoIDE_10.1.0_589\workspace\TestProject_ver8\mbed\TARGET_LPC1768\TOOLCHAIN_GCC_CR\libmbed.a(SerialBase.o) (wait_us)
C:\Users\AGATSUMA\Documents\MCUXpressoIDE_10.1.0_589\workspace\TestProject_ver8\mbed\TARGET_LPC1768\TOOLCHAIN_GCC_CR\libmbed.a(gpio_api.o)
                              C:\Users\AGATSUMA\Documents\MCUXpressoIDE_10.1.0_589\workspace\TestProject_ver8\mbed\TARGET_LPC1768\TOOLCHAIN_GCC_CR\libmbed.a(gpio.o) (gpio_init)
C:\Users\AGATSUMA\Documents\MCUXpressoIDE_10.1.0_589\workspace\TestProject_ver8\mbed\TARGET_LPC1768\TOOLCHAIN_GCC_CR\libmbed.a(pinmap.o)
                              C:\Users\AGATSUMA\Documents\MCUXpressoIDE_10.1.0_589\workspace\TestProject_ver8\mbed\TARGET_LPC1768\TOOLCHAIN_GCC_CR\libmbed.a(pinmap_common.o) (pin_function)
C:\Users\AGATSUMA\Documents\MCUXpressoIDE_10.1.0_589\workspace\TestProject_ver8\mbed\TARGET_LPC1768\TOOLCHAIN_GCC_CR\libmbed.a(us_ticker.o)
[...]
Memory Configuration

Name             Origin             Length             Attributes
MFlash512        0x00000000         0x00080000         xr
RamLoc32         0x100000c8         0x00007f38         xrw
RamAHB_USB       0x2007c000         0x00004000         xrw
RamAHB_Eth       0x20080000         0x00004000         xrw
*default*        0x00000000         0xffffffff

Linker script and memory map

LOAD ./main.o
LOAD C:/Users/AGATSUMA/Documents/MCUXpressoIDE_10.1.0_589/workspace/TestProject_ver8/mbed/TARGET_LPC1768/TOOLCHAIN_GCC_CR/board.o
LOAD C:/Users/AGATSUMA/Documents/MCUXpressoIDE_10.1.0_589/workspace/TestProject_ver8/mbed/TARGET_LPC1768/TOOLCHAIN_GCC_CR/cmsis_nvic.o
LOAD C:/Users/AGATSUMA/Documents/MCUXpressoIDE_10.1.0_589/workspace/TestProject_ver8/mbed/TARGET_LPC1768/TOOLCHAIN_GCC_CR/retarget.o
LOAD C:/Users/AGATSUMA/Documents/MCUXpressoIDE_10.1.0_589/workspace/TestProject_ver8/mbed/TARGET_LPC1768/TOOLCHAIN_GCC_CR/startup_LPC17xx.o
LOAD C:/Users/AGATSUMA/Documents/MCUXpressoIDE_10.1.0_589/workspace/TestProject_ver8/mbed/TARGET_LPC1768/TOOLCHAIN_GCC_CR/system_LPC17xx.o
LOAD C:\Users\AGATSUMA\Documents\MCUXpressoIDE_10.1.0_589\workspace\TestProject_ver8\mbed\TARGET_LPC1768\TOOLCHAIN_GCC_CR\libmbed.a
START GROUP
LOAD c:/nxp/mcuxpressoide_10.1.0_589/ide/tools/bin/../lib/gcc/arm-none-eabi/6.3.1/thumb/v7-m\libgcc.a
LOAD c:/nxp/mcuxpressoide_10.1.0_589/ide/tools/bin/../lib/gcc/arm-none-eabi/6.3.1/../../../../arm-none-eabi/lib/thumb/v7-m\libc.a
LOAD c:/nxp/mcuxpressoide_10.1.0_589/ide/tools/bin/../lib/gcc/arm-none-eabi/6.3.1/../../../../arm-none-eabi/lib/thumb/v7-m\libstdc++.a
LOAD c:/nxp/mcuxpressoide_10.1.0_589/ide/tools/bin/../lib/gcc/arm-none-eabi/6.3.1/../../../../arm-none-eabi/lib/thumb/v7-m\libm.a
LOAD c:/nxp/mcuxpressoide_10.1.0_589/ide/tools/bin/../lib/gcc/arm-none-eabi/6.3.1/../../../../arm-none-eabi/lib/thumb/v7-m\libcr_newlib_nohost.a
LOAD c:/nxp/mcuxpressoide_10.1.0_589/ide/tools/bin/../lib/gcc/arm-none-eabi/6.3.1/thumb/v7-m\crti.o
LOAD c:/nxp/mcuxpressoide_10.1.0_589/ide/tools/bin/../lib/gcc/arm-none-eabi/6.3.1/thumb/v7-m\crtn.o
LOAD c:/nxp/mcuxpressoide_10.1.0_589/ide/tools/bin/../lib/gcc/arm-none-eabi/6.3.1/thumb/v7-m\crtbegin.o
LOAD c:/nxp/mcuxpressoide_10.1.0_589/ide/tools/bin/../lib/gcc/arm-none-eabi/6.3.1/thumb/v7-m\crtend.o
END GROUP
                0x00080000                __top_MFlash512 = 0x80000
                0x10008000                __top_RamLoc32 = 0x10008000
                0x20084000                __top_RamAHB32 = 0x20084000

.text           0x00000000     0xcf5c
 FILL mask 0xff
 *(.isr_vector)
 .isr_vector    0x00000000       0xcc C:/Users/AGATSUMA/Documents/MCUXpressoIDE_10.1.0_589/workspace/TestProject_ver8/mbed/TARGET_LPC1768/TOOLCHAIN_GCC_CR/startup_LPC17xx.o
                0x00000000                g_pfnVectors
                0x000000cc                . = ALIGN (0x4)
                0x000000cc                __section_table_start = .
                0x000000cc                __data_section_table = .
                0x000000cc        0x4 LONG 0xcf64 LOADADDR (.data)
                0x000000d0        0x4 LONG 0x100000c8 ADDR (.data)
                0x000000d4        0x4 LONG 0x9b0 SIZEOF (.data)
                0x000000d8        0x4 LONG 0xcf64 LOADADDR (.data_RAM2)
                0x000000dc        0x4 LONG 0x2007c000 ADDR (.data_RAM2)
                0x000000e0        0x4 LONG 0x0 SIZEOF (.data_RAM2)
                0x000000e4                __data_section_table_end = .
                0x000000e4                __bss_section_table = .
                0x000000e4        0x4 LONG 0x10000a78 ADDR (.bss)
                0x000000e8        0x4 LONG 0x34c SIZEOF (.bss)
                0x000000ec        0x4 LONG 0x2007c000 ADDR (.bss_RAM2)
                0x000000f0        0x4 LONG 0x0 SIZEOF (.bss_RAM2)
                0x000000f4                __bss_section_table_end = .
                0x000000f4                __section_table_end = .
 *(.after_vectors*)
 .after_vectors
                0x000000f4       0xd0 C:/Users/AGATSUMA/Documents/MCUXpressoIDE_10.1.0_589/workspace/TestProject_ver8/mbed/TARGET_LPC1768/TOOLCHAIN_GCC_CR/startup_LPC17xx.o
                0x000000f4                NMI_Handler
                0x000000f8                HardFault_Handler
                0x000000fc                MemManage_Handler
                0x00000100                BusFault_Handler
                0x00000104                UsageFault_Handler
                0x00000108                SVC_Handler
                0x0000010c                DebugMon_Handler
                0x00000110                PendSV_Handler
                0x00000114                SysTick_Handler
                0x00000118                PWM1_IRQHandler
                0x00000118                I2C1_IRQHandler
                0x00000118                EINT2_IRQHandler
                0x00000118                UART1_IRQHandler
                0x00000118                EINT3_IRQHandler
                0x00000118                CANActivity_IRQHandler
                0x00000118                TIMER3_IRQHandler
                0x00000118                UART0_IRQHandler
                0x00000118                MCPWM_IRQHandler
                0x00000118                I2C0_IRQHandler
                0x00000118                IntDefaultHandler
                0x00000118                RIT_IRQHandler
                0x00000118                CAN_IRQHandler
                0x00000118                PLL1_IRQHandler
                0x00000118                SSP0_IRQHandler
                0x00000118                I2S_IRQHandler
                0x00000118                I2C2_IRQHandler
                0x00000118                RTC_IRQHandler
                0x00000118                TIMER0_IRQHandler
                0x00000118                SPI_IRQHandler
                0x00000118                UART3_IRQHandler
                0x00000118                EINT1_IRQHandler
                0x00000118                TIMER1_IRQHandler
                0x00000118                UART2_IRQHandler
                0x00000118                ADC_IRQHandler
                0x00000118                SSP1_IRQHandler
                0x00000118                USB_IRQHandler
                0x00000118                BOD_IRQHandler
                0x00000118                USBActivity_IRQHandler
                0x00000118                WDT_IRQHandler
                0x00000118                PLL0_IRQHandler
                0x00000118                QEI_IRQHandler
                0x00000118                EINT0_IRQHandler
                0x00000118                TIMER2_IRQHandler
                0x00000118                DMA_IRQHandler
                0x00000118                ENET_IRQHandler
                0x0000011c                ResetISR
                0x0000019c                data_init
                0x000001b4                bss_init
 *(.text*)
 .text.gpio_write
                0x000001c4       0x2c ./main.o
 .text._ZN4mbed6SerialD2Ev
                0x000001f0       0x30 ./main.o
                0x000001f0                mbed::Serial::~Serial()
                0x000001f0                mbed::Serial::~Serial()
                0x00000214                non-virtual thunk to mbed::Serial::~Serial()
                0x0000021a                non-virtual thunk to mbed::Serial::~Serial()
 .text._ZN4mbed10DigitalOutC2E7PinName
                0x00000220       0x1a ./main.o
                0x00000220                mbed::DigitalOut::DigitalOut(PinName)
                0x00000220                mbed::DigitalOut::DigitalOut(PinName)
 *fill*         0x0000023a        0x2 ff
 .text._ZN4mbed10DigitalOutaSERS0_
                0x0000023c       0x38 ./main.o
                0x0000023c                mbed::DigitalOut::operator=(mbed::DigitalOut&)
 .text._Z5setUpv
                0x00000274       0x38 ./main.o
                0x00000274                setUp()
 .text._Z4stopv
                0x000002ac       0x2c ./main.o
                0x000002ac                stop()
 .text._Z4hashv
                0x000002d8       0x44 ./main.o
                0x000002d8                hash()
 .text._Z6serialv
                0x0000031c       0x58 ./main.o
                0x0000031c                serial()
 .text._Z6actionv
                0x00000374       0x38 ./main.o
                0x00000374                action()
 .text._Z4loopv
                0x000003ac       0x14 ./main.o
                0x000003ac                loop()
 .text.startup.main
                0x000003c0        0xa ./main.o
                0x000003c0                main
 .text._ZN4mbed6SerialD0Ev
                0x000003ca       0x1e ./main.o
                0x000003ca                mbed::Serial::~Serial()
                0x000003dc                non-virtual thunk to mbed::Serial::~Serial()
                0x000003e2                non-virtual thunk to mbed::Serial::~Serial()
 .text.startup._GLOBAL__sub_I_ch1
                0x000003e8       0x60 ./main.o
 .text.mbed_die
                0x00000448      0x10c C:/Users/AGATSUMA/Documents/MCUXpressoIDE_10.1.0_589/workspace/TestProject_ver8/mbed/TARGET_LPC1768/TOOLCHAIN_GCC_CR/board.o
                0x00000448                mbed_die
 .text.NVIC_SetVector
                0x00000554       0x3c C:/Users/AGATSUMA/Documents/MCUXpressoIDE_10.1.0_589/workspace/TestProject_ver8/mbed/TARGET_LPC1768/TOOLCHAIN_GCC_CR/cmsis_nvic.o
                0x00000554                NVIC_SetVector
 .text._ZN4mbed10FileHandle4flenEv
                0x00000590       0x34 C:/Users/AGATSUMA/Documents/MCUXpressoIDE_10.1.0_589/workspace/TestProject_ver8/mbed/TARGET_LPC1768/TOOLCHAIN_GCC_CR/retarget.o
                0x00000590                mbed::FileHandle::flen()
 .text._ZN4mbed10FileHandleD2Ev
                0x000005c4       0x2c C:/Users/AGATSUMA/Documents/MCUXpressoIDE_10.1.0_589/workspace/TestProject_ver8/mbed/TARGET_LPC1768/TOOLCHAIN_GCC_CR/retarget.o
                0x000005c4                mbed::FileHandle::~FileHandle()
                0x000005c4                mbed::FileHandle::~FileHandle()
 .text._ZN4mbed10FileHandleD0Ev
                0x000005f0       0x34 C:/Users/AGATSUMA/Documents/MCUXpressoIDE_10.1.0_589/workspace/TestProject_ver8/mbed/TARGET_LPC1768/TOOLCHAIN_GCC_CR/retarget.o
                0x000005f0                mbed::FileHandle::~FileHandle()
 .text._ZL11init_serialv.part.0
                0x00000624       0x18 C:/Users/AGATSUMA/Documents/MCUXpressoIDE_10.1.0_589/workspace/TestProject_ver8/mbed/TARGET_LPC1768/TOOLCHAIN_GCC_CR/retarget.o
 .text._open    0x0000063c       0xfc C:/Users/AGATSUMA/Documents/MCUXpressoIDE_10.1.0_589/workspace/TestProject_ver8/mbed/TARGET_LPC1768/TOOLCHAIN_GCC_CR/retarget.o
                0x0000063c                _open
 .text._close   0x00000738       0x2c C:/Users/AGATSUMA/Documents/MCUXpressoIDE_10.1.0_589/workspace/TestProject_ver8/mbed/TARGET_LPC1768/TOOLCHAIN_GCC_CR/retarget.o
                0x00000738                _close
 .text._write   0x00000764       0x50 C:/Users/AGATSUMA/Documents/MCUXpressoIDE_10.1.0_589/workspace/TestProject_ver8/mbed/TARGET_LPC1768/TOOLCHAIN_GCC_CR/retarget.o
                0x00000764                _write
 .text._read    0x000007b4       0x4c C:/Users/AGATSUMA/Documents/MCUXpressoIDE_10.1.0_589/workspace/TestProject_ver8/mbed/TARGET_LPC1768/TOOLCHAIN_GCC_CR/retarget.o
                0x000007b4                _read
 .text._isatty  0x00000800       0x28 C:/Users/AGATSUMA/Documents/MCUXpressoIDE_10.1.0_589/workspace/TestProject_ver8/mbed/TARGET_LPC1768/TOOLCHAIN_GCC_CR/retarget.o
                0x00000800                _isatty
 .text._lseek   0x00000828       0x28 C:/Users/AGATSUMA/Documents/MCUXpressoIDE_10.1.0_589/workspace/TestProject_ver8/mbed/TARGET_LPC1768/TOOLCHAIN_GCC_CR/retarget.o
                0x00000828                _lseek
 .text._fstat   0x00000850       0x20 C:/Users/AGATSUMA/Documents/MCUXpressoIDE_10.1.0_589/workspace/TestProject_ver8/mbed/TARGET_LPC1768/TOOLCHAIN_GCC_CR/retarget.o
                0x00000850                _fstat
 .text.exit     0x00000870       0x30 C:/Users/AGATSUMA/Documents/MCUXpressoIDE_10.1.0_589/workspace/TestProject_ver8/mbed/TARGET_LPC1768/TOOLCHAIN_GCC_CR/retarget.o
                0x00000870                exit
 .text.__cxa_pure_virtual
                0x000008a0        0x8 C:/Users/AGATSUMA/Documents/MCUXpressoIDE_10.1.0_589/workspace/TestProject_ver8/mbed/TARGET_LPC1768/TOOLCHAIN_GCC_CR/retarget.o
                0x000008a0                __cxa_pure_virtual
 .text._ZN4mbed26mbed_set_unbuffered_streamEP7__sFILE
                0x000008a8        0x8 C:/Users/AGATSUMA/Documents/MCUXpressoIDE_10.1.0_589/workspace/TestProject_ver8/mbed/TARGET_LPC1768/TOOLCHAIN_GCC_CR/retarget.o
                0x000008a8                mbed::mbed_set_unbuffered_stream(__sFILE*)
 .text._ZN4mbed9mbed_getcEP7__sFILE
                0x000008b0        0x4 C:/Users/AGATSUMA/Documents/MCUXpressoIDE_10.1.0_589/workspace/TestProject_ver8/mbed/TARGET_LPC1768/TOOLCHAIN_GCC_CR/retarget.o
                0x000008b0                mbed::mbed_getc(__sFILE*)
 .text.__aeabi_atexit
                0x000008b4        0x4 C:/Users/AGATSUMA/Documents/MCUXpressoIDE_10.1.0_589/workspace/TestProject_ver8/mbed/TARGET_LPC1768/TOOLCHAIN_GCC_CR/startup_LPC17xx.o
                0x000008b4                __aeabi_atexit
 .text._ZdlPv   0x000008b8        0x4 C:/Users/AGATSUMA/Documents/MCUXpressoIDE_10.1.0_589/workspace/TestProject_ver8/mbed/TARGET_LPC1768/TOOLCHAIN_GCC_CR/startup_LPC17xx.o
                0x000008b8                operator delete(void*)
 .text.SystemInit
                0x000008bc       0xb8 C:/Users/AGATSUMA/Documents/MCUXpressoIDE_10.1.0_589/workspace/TestProject_ver8/mbed/TARGET_LPC1768/TOOLCHAIN_GCC_CR/system_LPC17xx.o
                0x000008bc                SystemInit
 .text.uart2_irq
                0x00000974       0x64 C:\Users\AGATSUMA\Documents\MCUXpressoIDE_10.1.0_589\workspace\TestProject_ver8\mbed\TARGET_LPC1768\TOOLCHAIN_GCC_CR\libmbed.a(serial_api.o)
                0x00000974                uart2_irq
 .text.serial_irq_set_internal
                0x000009d8       0xcc C:\Users\AGATSUMA\Documents\MCUXpressoIDE_10.1.0_589\workspace\TestProject_ver8\mbed\TARGET_LPC1768\TOOLCHAIN_GCC_CR\libmbed.a(serial_api.o)
 .text.uart0_irq
                0x00000aa4       0x64 C:\Users\AGATSUMA\Documents\MCUXpressoIDE_10.1.0_589\workspace\TestProject_ver8\mbed\TARGET_LPC1768\TOOLCHAIN_GCC_CR\libmbed.a(serial_api.o)
                0x00000aa4                uart0_irq
 .text.uart3_irq
                0x00000b08       0x6c C:\Users\AGATSUMA\Documents\MCUXpressoIDE_10.1.0_589\workspace\TestProject_ver8\mbed\TARGET_LPC1768\TOOLCHAIN_GCC_CR\libmbed.a(serial_api.o)
                0x00000b08                uart3_irq
 .text.uart1_irq
                0x00000b74       0x64 C:\Users\AGATSUMA\Documents\MCUXpressoIDE_10.1.0_589\workspace\TestProject_ver8\mbed\TARGET_LPC1768\TOOLCHAIN_GCC_CR\libmbed.a(serial_api.o)
                0x00000b74                uart1_irq
 .text.serial_baud
                0x00000bd8      0x244 C:\Users\AGATSUMA\Documents\MCUXpressoIDE_10.1.0_589\workspace\TestProject_ver8\mbed\TARGET_LPC1768\TOOLCHAIN_GCC_CR\libmbed.a(serial_api.o)
                0x00000bd8                serial_baud
 .text.serial_format
                0x00000e1c       0x78 C:\Users\AGATSUMA\Documents\MCUXpressoIDE_10.1.0_589\workspace\TestProject_ver8\mbed\TARGET_LPC1768\TOOLCHAIN_GCC_CR\libmbed.a(serial_api.o)
                0x00000e1c                serial_format
 .text.serial_irq_handler
                0x00000e94       0x20 C:\Users\AGATSUMA\Documents\MCUXpressoIDE_10.1.0_589\workspace\TestProject_ver8\mbed\TARGET_LPC1768\TOOLCHAIN_GCC_CR\libmbed.a(serial_api.o)
                0x00000e94                serial_irq_handler
 .text.serial_getc
                0x00000eb4       0x38 C:\Users\AGATSUMA\Documents\MCUXpressoIDE_10.1.0_589\workspace\TestProject_ver8\mbed\TARGET_LPC1768\TOOLCHAIN_GCC_CR\libmbed.a(serial_api.o)
                0x00000eb4                serial_getc
 .text.serial_readable
                0x00000eec        0xc C:\Users\AGATSUMA\Documents\MCUXpressoIDE_10.1.0_589\workspace\TestProject_ver8\mbed\TARGET_LPC1768\TOOLCHAIN_GCC_CR\libmbed.a(serial_api.o)
                0x00000eec                serial_readable
 .text.serial_writable
                0x00000ef8       0x74 C:\Users\AGATSUMA\Documents\MCUXpressoIDE_10.1.0_589\workspace\TestProject_ver8\mbed\TARGET_LPC1768\TOOLCHAIN_GCC_CR\libmbed.a(serial_api.o)
                0x00000ef8                serial_writable
 .text.serial_putc
                0x00000f6c       0x34 C:\Users\AGATSUMA\Documents\MCUXpressoIDE_10.1.0_589\workspace\TestProject_ver8\mbed\TARGET_LPC1768\TOOLCHAIN_GCC_CR\libmbed.a(serial_api.o)
                0x00000f6c                serial_putc
 .text.serial_set_flow_control
                0x00000fa0      0x12c C:\Users\AGATSUMA\Documents\MCUXpressoIDE_10.1.0_589\workspace\TestProject_ver8\mbed\TARGET_LPC1768\TOOLCHAIN_GCC_CR\libmbed.a(serial_api.o)
                0x00000fa0                serial_set_flow_control
 .text.serial_init
                0x000010cc      0x1bc C:\Users\AGATSUMA\Documents\MCUXpressoIDE_10.1.0_589\workspace\TestProject_ver8\mbed\TARGET_LPC1768\TOOLCHAIN_GCC_CR\libmbed.a(serial_api.o)
                0x000010cc                serial_init
 .text._ZN4mbed8FilePathC2EPKc
                0x00001288       0x58 C:\Users\AGATSUMA\Documents\MCUXpressoIDE_10.1.0_589\workspace\TestProject_ver8\mbed\TARGET_LPC1768\TOOLCHAIN_GCC_CR\libmbed.a(FilePath.o)
                0x00001288                mbed::FilePath::FilePath(char const*)
                0x00001288                mbed::FilePath::FilePath(char const*)
 .text._ZN4mbed8FilePath8fileNameEv
                0x000012e0        0x4 C:\Users\AGATSUMA\Documents\MCUXpressoIDE_10.1.0_589\workspace\TestProject_ver8\mbed\TARGET_LPC1768\TOOLCHAIN_GCC_CR\libmbed.a(FilePath.o)
                0x000012e0                mbed::FilePath::fileName()
 .text._ZN4mbed8FilePath10fileSystemEv
                0x000012e4       0x18 C:\Users\AGATSUMA\Documents\MCUXpressoIDE_10.1.0_589\workspace\TestProject_ver8\mbed\TARGET_LPC1768\TOOLCHAIN_GCC_CR\libmbed.a(FilePath.o)
                0x000012e4                mbed::FilePath::fileSystem()
 .text._ZN4mbed8FilePath6isFileEv
                0x000012fc       0x14 C:\Users\AGATSUMA\Documents\MCUXpressoIDE_10.1.0_589\workspace\TestProject_ver8\mbed\TARGET_LPC1768\TOOLCHAIN_GCC_CR\libmbed.a(FilePath.o)
                0x000012fc                mbed::FilePath::isFile()
 .text._ZN4mbed8FilePath4fileEv
                0x00001310       0x1c C:\Users\AGATSUMA\Documents\MCUXpressoIDE_10.1.0_589\workspace\TestProject_ver8\mbed\TARGET_LPC1768\TOOLCHAIN_GCC_CR\libmbed.a(FilePath.o)
                0x00001310                mbed::FilePath::file()
 .text._ZN4mbed8FilePath6existsEv
                0x0000132c        0xc C:\Users\AGATSUMA\Documents\MCUXpressoIDE_10.1.0_589\workspace\TestProject_ver8\mbed\TARGET_LPC1768\TOOLCHAIN_GCC_CR\libmbed.a(FilePath.o)
                0x0000132c                mbed::FilePath::exists()
 .text._ZN4mbed10SerialBaseD2Ev
                0x00001338        0xc C:\Users\AGATSUMA\Documents\MCUXpressoIDE_10.1.0_589\workspace\TestProject_ver8\mbed\TARGET_LPC1768\TOOLCHAIN_GCC_CR\libmbed.a(Serial.o)
                0x00001338                mbed::SerialBase::~SerialBase()
                0x00001338                mbed::SerialBase::~SerialBase()
 .text._ZN4mbed10SerialBaseD0Ev
                0x00001344       0x14 C:\Users\AGATSUMA\Documents\MCUXpressoIDE_10.1.0_589\workspace\TestProject_ver8\mbed\TARGET_LPC1768\TOOLCHAIN_GCC_CR\libmbed.a(Serial.o)
                0x00001344                mbed::SerialBase::~SerialBase()
 .text._ZN4mbed6Serial5_getcEv
                0x00001358        0x4 C:\Users\AGATSUMA\Documents\MCUXpressoIDE_10.1.0_589\workspace\TestProject_ver8\mbed\TARGET_LPC1768\TOOLCHAIN_GCC_CR\libmbed.a(Serial.o)
                0x00001358                mbed::Serial::_getc()
 .text._ZThn64_N4mbed6Serial5_getcEv
                0x0000135c        0x8 C:\Users\AGATSUMA\Documents\MCUXpressoIDE_10.1.0_589\workspace\TestProject_ver8\mbed\TARGET_LPC1768\TOOLCHAIN_GCC_CR\libmbed.a(Serial.o)
                0x0000135c                non-virtual thunk to mbed::Serial::_getc()
 .text._ZN4mbed6Serial5_putcEi
                0x00001364        0x4 C:\Users\AGATSUMA\Documents\MCUXpressoIDE_10.1.0_589\workspace\TestProject_ver8\mbed\TARGET_LPC1768\TOOLCHAIN_GCC_CR\libmbed.a(Serial.o)
                0x00001364                mbed::Serial::_putc(int)
 .text._ZThn64_N4mbed6Serial5_putcEi
                0x00001368        0x8 C:\Users\AGATSUMA\Documents\MCUXpressoIDE_10.1.0_589\workspace\TestProject_ver8\mbed\TARGET_LPC1768\TOOLCHAIN_GCC_CR\libmbed.a(Serial.o)
                0x00001368                non-virtual thunk to mbed::Serial::_putc(int)
 .text._ZN4mbed6SerialC2E7PinNameS1_PKc
                0x00001370       0x30 C:\Users\AGATSUMA\Documents\MCUXpressoIDE_10.1.0_589\workspace\TestProject_ver8\mbed\TARGET_LPC1768\TOOLCHAIN_GCC_CR\libmbed.a(Serial.o)
                0x00001370                mbed::Serial::Serial(PinName, PinName, char const*)
                0x00001370                mbed::Serial::Serial(PinName, PinName, char const*)
 .text._ZN4mbed10SerialBase12_irq_handlerEm9SerialIrq
                0x000013a0       0x28 C:\Users\AGATSUMA\Documents\MCUXpressoIDE_10.1.0_589\workspace\TestProject_ver8\mbed\TARGET_LPC1768\TOOLCHAIN_GCC_CR\libmbed.a(SerialBase.o)
                0x000013a0                mbed::SerialBase::_irq_handler(unsigned long, SerialIrq)
 .text._ZN4mbed10SerialBaseC2E7PinNameS1_
                0x000013c8       0x3c C:\Users\AGATSUMA\Documents\MCUXpressoIDE_10.1.0_589\workspace\TestProject_ver8\mbed\TARGET_LPC1768\TOOLCHAIN_GCC_CR\libmbed.a(SerialBase.o)
                0x000013c8                mbed::SerialBase::SerialBase(PinName, PinName)
                0x000013c8                mbed::SerialBase::SerialBase(PinName, PinName)
 .text._ZN4mbed10SerialBase4baudEi
                0x00001404       0x10 C:\Users\AGATSUMA\Documents\MCUXpressoIDE_10.1.0_589\workspace\TestProject_ver8\mbed\TARGET_LPC1768\TOOLCHAIN_GCC_CR\libmbed.a(SerialBase.o)
                0x00001404                mbed::SerialBase::baud(int)
 .text._ZN4mbed10SerialBase8readableEv
                0x00001414        0x8 C:\Users\AGATSUMA\Documents\MCUXpressoIDE_10.1.0_589\workspace\TestProject_ver8\mbed\TARGET_LPC1768\TOOLCHAIN_GCC_CR\libmbed.a(SerialBase.o)
                0x00001414                mbed::SerialBase::readable()
 .text._ZN4mbed10SerialBase10_base_getcEv
                0x0000141c        0x8 C:\Users\AGATSUMA\Documents\MCUXpressoIDE_10.1.0_589\workspace\TestProject_ver8\mbed\TARGET_LPC1768\TOOLCHAIN_GCC_CR\libmbed.a(SerialBase.o)
                0x0000141c                mbed::SerialBase::_base_getc()
 .text._ZN4mbed10SerialBase10_base_putcEi
                0x00001424       0x10 C:\Users\AGATSUMA\Documents\MCUXpressoIDE_10.1.0_589\workspace\TestProject_ver8\mbed\TARGET_LPC1768\TOOLCHAIN_GCC_CR\libmbed.a(SerialBase.o)
                0x00001424                mbed::SerialBase::_base_putc(int)
 .text._ZN4mbed6Stream5closeEv
                0x00001434        0x4 C:\Users\AGATSUMA\Documents\MCUXpressoIDE_10.1.0_589\workspace\TestProject_ver8\mbed\TARGET_LPC1768\TOOLCHAIN_GCC_CR\libmbed.a(Stream.o)
                0x00001434                mbed::Stream::close()
 .text._ZN4mbed6Stream5writeEPKvj
                0x00001438       0x30 C:\Users\AGATSUMA\Documents\MCUXpressoIDE_10.1.0_589\workspace\TestProject_ver8\mbed\TARGET_LPC1768\TOOLCHAIN_GCC_CR\libmbed.a(Stream.o)
                0x00001438                mbed::Stream::write(void const*, unsigned int)
 .text._ZN4mbed6Stream4readEPvj
                0x00001468       0x30 C:\Users\AGATSUMA\Documents\MCUXpressoIDE_10.1.0_589\workspace\TestProject_ver8\mbed\TARGET_LPC1768\TOOLCHAIN_GCC_CR\libmbed.a(Stream.o)
                0x00001468                mbed::Stream::read(void*, unsigned int)
 .text._ZN4mbed6Stream5lseekEli
                0x00001498        0x4 C:\Users\AGATSUMA\Documents\MCUXpressoIDE_10.1.0_589\workspace\TestProject_ver8\mbed\TARGET_LPC1768\TOOLCHAIN_GCC_CR\libmbed.a(Stream.o)
                0x00001498                mbed::Stream::lseek(long, int)
 .text._ZN4mbed6Stream6isattyEv
                0x0000149c        0x4 C:\Users\AGATSUMA\Documents\MCUXpressoIDE_10.1.0_589\workspace\TestProject_ver8\mbed\TARGET_LPC1768\TOOLCHAIN_GCC_CR\libmbed.a(Stream.o)
                0x0000149c                mbed::Stream::isatty()
 .text._ZN4mbed6Stream5fsyncEv
                0x000014a0        0x4 C:\Users\AGATSUMA\Documents\MCUXpressoIDE_10.1.0_589\workspace\TestProject_ver8\mbed\TARGET_LPC1768\TOOLCHAIN_GCC_CR\libmbed.a(Stream.o)
                0x000014a0                mbed::Stream::fsync()
 .text._ZN4mbed6Stream4flenEv
                0x000014a4        0x4 C:\Users\AGATSUMA\Documents\MCUXpressoIDE_10.1.0_589\workspace\TestProject_ver8\mbed\TARGET_LPC1768\TOOLCHAIN_GCC_CR\libmbed.a(Stream.o)
                0x000014a4                mbed::Stream::flen()
 .text._ZN4mbed6StreamD2Ev
                0x000014a8       0x24 C:\Users\AGATSUMA\Documents\MCUXpressoIDE_10.1.0_589\workspace\TestProject_ver8\mbed\TARGET_LPC1768\TOOLCHAIN_GCC_CR\libmbed.a(Stream.o)
                0x000014a8                mbed::Stream::~Stream()
                0x000014a8                mbed::Stream::~Stream()
 .text._ZThn4_N4mbed6StreamD1Ev
                0x000014cc        0x8 C:\Users\AGATSUMA\Documents\MCUXpressoIDE_10.1.0_589\workspace\TestProject_ver8\mbed\TARGET_LPC1768\TOOLCHAIN_GCC_CR\libmbed.a(Stream.o)
                0x000014cc                non-virtual thunk to mbed::Stream::~Stream()
 .text._ZN4mbed6StreamD0Ev
                0x000014d4       0x14 C:\Users\AGATSUMA\Documents\MCUXpressoIDE_10.1.0_589\workspace\TestProject_ver8\mbed\TARGET_LPC1768\TOOLCHAIN_GCC_CR\libmbed.a(Stream.o)
                0x000014d4                mbed::Stream::~Stream()
 .text._ZThn4_N4mbed6StreamD0Ev
                0x000014e8        0x8 C:\Users\AGATSUMA\Documents\MCUXpressoIDE_10.1.0_589\workspace\TestProject_ver8\mbed\TARGET_LPC1768\TOOLCHAIN_GCC_CR\libmbed.a(Stream.o)
                0x000014e8                non-virtual thunk to mbed::Stream::~Stream()
 .text._ZN4mbed6StreamC2EPKc
                0x000014f0       0x44 C:\Users\AGATSUMA\Documents\MCUXpressoIDE_10.1.0_589\workspace\TestProject_ver8\mbed\TARGET_LPC1768\TOOLCHAIN_GCC_CR\libmbed.a(Stream.o)
                0x000014f0                mbed::Stream::Stream(char const*)
                0x000014f0                mbed::Stream::Stream(char const*)
 .text._ZN4mbed6Stream4getcEv
                0x00001534       0x14 C:\Users\AGATSUMA\Documents\MCUXpressoIDE_10.1.0_589\workspace\TestProject_ver8\mbed\TARGET_LPC1768\TOOLCHAIN_GCC_CR\libmbed.a(Stream.o)
                0x00001534                mbed::Stream::getc()
 .text.mbed_assert_internal
                0x00001548       0x18 C:\Users\AGATSUMA\Documents\MCUXpressoIDE_10.1.0_589\workspace\TestProject_ver8\mbed\TARGET_LPC1768\TOOLCHAIN_GCC_CR\libmbed.a(assert.o)
                0x00001548                mbed_assert_internal
 .text.error    0x00001560       0x24 C:\Users\AGATSUMA\Documents\MCUXpressoIDE_10.1.0_589\workspace\TestProject_ver8\mbed\TARGET_LPC1768\TOOLCHAIN_GCC_CR\libmbed.a(error.o)
                0x00001560                error
 .text.gpio_init_in
                0x00001584       0x24 C:\Users\AGATSUMA\Documents\MCUXpressoIDE_10.1.0_589\workspace\TestProject_ver8\mbed\TARGET_LPC1768\TOOLCHAIN_GCC_CR\libmbed.a(gpio.o)
                0x00001584                gpio_init_in
 .text.gpio_init_out
                0x000015a8       0x44 C:\Users\AGATSUMA\Documents\MCUXpressoIDE_10.1.0_589\workspace\TestProject_ver8\mbed\TARGET_LPC1768\TOOLCHAIN_GCC_CR\libmbed.a(gpio.o)
                0x000015a8                gpio_init_out
 .text.gpio_init_out_ex
                0x000015ec       0x54 C:\Users\AGATSUMA\Documents\MCUXpressoIDE_10.1.0_589\workspace\TestProject_ver8\mbed\TARGET_LPC1768\TOOLCHAIN_GCC_CR\libmbed.a(gpio.o)
                0x000015ec                gpio_init_out_ex
 .text.mbed_interface_connected
                0x00001640        0x4 C:\Users\AGATSUMA\Documents\MCUXpressoIDE_10.1.0_589\workspace\TestProject_ver8\mbed\TARGET_LPC1768\TOOLCHAIN_GCC_CR\libmbed.a(mbed_interface.o)
                0x00001640                mbed_interface_connected
 .text.pinmap_pinout
                0x00001644       0x40 C:\Users\AGATSUMA\Documents\MCUXpressoIDE_10.1.0_589\workspace\TestProject_ver8\mbed\TARGET_LPC1768\TOOLCHAIN_GCC_CR\libmbed.a(pinmap_common.o)
                0x00001644                pinmap_pinout
 .text.pinmap_merge
                0x00001684       0x24 C:\Users\AGATSUMA\Documents\MCUXpressoIDE_10.1.0_589\workspace\TestProject_ver8\mbed\TARGET_LPC1768\TOOLCHAIN_GCC_CR\libmbed.a(pinmap_common.o)
                0x00001684                pinmap_merge
 .text.pinmap_find_peripheral
                0x000016a8       0x1c C:\Users\AGATSUMA\Documents\MCUXpressoIDE_10.1.0_589\workspace\TestProject_ver8\mbed\TARGET_LPC1768\TOOLCHAIN_GCC_CR\libmbed.a(pinmap_common.o)
                0x000016a8                pinmap_find_peripheral
 .text.pinmap_peripheral
                0x000016c4       0x34 C:\Users\AGATSUMA\Documents\MCUXpressoIDE_10.1.0_589\workspace\TestProject_ver8\mbed\TARGET_LPC1768\TOOLCHAIN_GCC_CR\libmbed.a(pinmap_common.o)
                0x000016c4                pinmap_peripheral
 .text.semihost_exit
                0x000016f8       0x18 C:\Users\AGATSUMA\Documents\MCUXpressoIDE_10.1.0_589\workspace\TestProject_ver8\mbed\TARGET_LPC1768\TOOLCHAIN_GCC_CR\libmbed.a(semihost_api.o)
                0x000016f8                semihost_exit
 .text.semihost_connected
                0x00001710       0x10 C:\Users\AGATSUMA\Documents\MCUXpressoIDE_10.1.0_589\workspace\TestProject_ver8\mbed\TARGET_LPC1768\TOOLCHAIN_GCC_CR\libmbed.a(semihost_api.o)
                0x00001710                semihost_connected
 .text.wait_us  0x00001720       0x18 C:\Users\AGATSUMA\Documents\MCUXpressoIDE_10.1.0_589\workspace\TestProject_ver8\mbed\TARGET_LPC1768\TOOLCHAIN_GCC_CR\libmbed.a(wait_api.o)
                0x00001720                wait_us
 .text.wait_ms  0x00001738        0xc C:\Users\AGATSUMA\Documents\MCUXpressoIDE_10.1.0_589\workspace\TestProject_ver8\mbed\TARGET_LPC1768\TOOLCHAIN_GCC_CR\libmbed.a(wait_api.o)
                0x00001738                wait_ms
 .text.gpio_set
                0x00001744       0x30 C:\Users\AGATSUMA\Documents\MCUXpressoIDE_10.1.0_589\workspace\TestProject_ver8\mbed\TARGET_LPC1768\TOOLCHAIN_GCC_CR\libmbed.a(gpio_api.o)
                0x00001744                gpio_set
 .text.gpio_init
                0x00001774       0x30 C:\Users\AGATSUMA\Documents\MCUXpressoIDE_10.1.0_589\workspace\TestProject_ver8\mbed\TARGET_LPC1768\TOOLCHAIN_GCC_CR\libmbed.a(gpio_api.o)
                0x00001774                gpio_init
 .text.gpio_mode
                0x000017a4        0x8 C:\Users\AGATSUMA\Documents\MCUXpressoIDE_10.1.0_589\workspace\TestProject_ver8\mbed\TARGET_LPC1768\TOOLCHAIN_GCC_CR\libmbed.a(gpio_api.o)
                0x000017a4                gpio_mode
 .text.gpio_dir
                0x000017ac       0x44 C:\Users\AGATSUMA\Documents\MCUXpressoIDE_10.1.0_589\workspace\TestProject_ver8\mbed\TARGET_LPC1768\TOOLCHAIN_GCC_CR\libmbed.a(gpio_api.o)
                0x000017ac                gpio_dir
 .text.pin_function
                0x000017f0       0x50 C:\Users\AGATSUMA\Documents\MCUXpressoIDE_10.1.0_589\workspace\TestProject_ver8\mbed\TARGET_LPC1768\TOOLCHAIN_GCC_CR\libmbed.a(pinmap.o)
                0x000017f0                pin_function
 .text.pin_mode
                0x00001840       0x78 C:\Users\AGATSUMA\Documents\MCUXpressoIDE_10.1.0_589\workspace\TestProject_ver8\mbed\TARGET_LPC1768\TOOLCHAIN_GCC_CR\libmbed.a(pinmap.o)
                0x00001840                pin_mode
 .text.us_ticker_init
                0x000018b8       0x68 C:\Users\AGATSUMA\Documents\MCUXpressoIDE_10.1.0_589\workspace\TestProject_ver8\mbed\TARGET_LPC1768\TOOLCHAIN_GCC_CR\libmbed.a(us_ticker.o)
                0x000018b8                us_ticker_init
 .text.us_ticker_read
                0x00001920       0x1c C:\Users\AGATSUMA\Documents\MCUXpressoIDE_10.1.0_589\workspace\TestProject_ver8\mbed\TARGET_LPC1768\TOOLCHAIN_GCC_CR\libmbed.a(us_ticker.o)
                0x00001920                us_ticker_read
 .text.us_ticker_set_interrupt
                0x0000193c       0x14 C:\Users\AGATSUMA\Documents\MCUXpressoIDE_10.1.0_589\workspace\TestProject_ver8\mbed\TARGET_LPC1768\TOOLCHAIN_GCC_CR\libmbed.a(us_ticker.o)
                0x0000193c                us_ticker_set_interrupt
 .text.us_ticker_disable_interrupt
                0x00001950       0x10 C:\Users\AGATSUMA\Documents\MCUXpressoIDE_10.1.0_589\workspace\TestProject_ver8\mbed\TARGET_LPC1768\TOOLCHAIN_GCC_CR\libmbed.a(us_ticker.o)
                0x00001950                us_ticker_disable_interrupt
 .text.us_ticker_clear_interrupt
                0x00001960        0xc C:\Users\AGATSUMA\Documents\MCUXpressoIDE_10.1.0_589\workspace\TestProject_ver8\mbed\TARGET_LPC1768\TOOLCHAIN_GCC_CR\libmbed.a(us_ticker.o)
                0x00001960                us_ticker_clear_interrupt
 .text._ZN4mbed8FileLikeD2Ev
                0x0000196c       0x24 C:\Users\AGATSUMA\Documents\MCUXpressoIDE_10.1.0_589\workspace\TestProject_ver8\mbed\TARGET_LPC1768\TOOLCHAIN_GCC_CR\libmbed.a(FileLike.o)
                0x0000196c                mbed::FileLike::~FileLike()
                0x0000196c                mbed::FileLike::~FileLike()
 .text._ZThn4_N4mbed8FileLikeD1Ev
                0x00001990        0x8 C:\Users\AGATSUMA\Documents\MCUXpressoIDE_10.1.0_589\workspace\TestProject_ver8\mbed\TARGET_LPC1768\TOOLCHAIN_GCC_CR\libmbed.a(FileLike.o)
                0x00001990                non-virtual thunk to mbed::FileLike::~FileLike()
 .text._ZN4mbed8FileLikeD0Ev
                0x00001998       0x2c C:\Users\AGATSUMA\Documents\MCUXpressoIDE_10.1.0_589\workspace\TestProject_ver8\mbed\TARGET_LPC1768\TOOLCHAIN_GCC_CR\libmbed.a(FileLike.o)
                0x00001998                mbed::FileLike::~FileLike()
 .text._ZThn4_N4mbed8FileLikeD0Ev
                0x000019c4        0x8 C:\Users\AGATSUMA\Documents\MCUXpressoIDE_10.1.0_589\workspace\TestProject_ver8\mbed\TARGET_LPC1768\TOOLCHAIN_GCC_CR\libmbed.a(FileLike.o)
                0x000019c4                non-virtual thunk to mbed::FileLike::~FileLike()
 .text._ZN4mbed8FileLikeC2EPKc
                0x000019cc       0x28 C:\Users\AGATSUMA\Documents\MCUXpressoIDE_10.1.0_589\workspace\TestProject_ver8\mbed\TARGET_LPC1768\TOOLCHAIN_GCC_CR\libmbed.a(FileLike.o)
                0x000019cc                mbed::FileLike::FileLike(char const*)
                0x000019cc                mbed::FileLike::FileLike(char const*)
 .text._ZN4mbed8FileBaseD2Ev
                0x000019f4       0x30 C:\Users\AGATSUMA\Documents\MCUXpressoIDE_10.1.0_589\workspace\TestProject_ver8\mbed\TARGET_LPC1768\TOOLCHAIN_GCC_CR\libmbed.a(FileBase.o)
                0x000019f4                mbed::FileBase::~FileBase()
                0x000019f4                mbed::FileBase::~FileBase()
 .text._ZN4mbed8FileBaseD0Ev
                0x00001a24       0x3c C:\Users\AGATSUMA\Documents\MCUXpressoIDE_10.1.0_589\workspace\TestProject_ver8\mbed\TARGET_LPC1768\TOOLCHAIN_GCC_CR\libmbed.a(FileBase.o)
                0x00001a24                mbed::FileBase::~FileBase()
 .text._ZN4mbed8FileBaseC2EPKcNS_8PathTypeE
                0x00001a60       0x28 C:\Users\AGATSUMA\Documents\MCUXpressoIDE_10.1.0_589\workspace\TestProject_ver8\mbed\TARGET_LPC1768\TOOLCHAIN_GCC_CR\libmbed.a(FileBase.o)
                0x00001a60                mbed::FileBase::FileBase(char const*, mbed::PathType)
                0x00001a60                mbed::FileBase::FileBase(char const*, mbed::PathType)
 .text._ZN4mbed8FileBase6lookupEPKcj
                0x00001a88       0x3c C:\Users\AGATSUMA\Documents\MCUXpressoIDE_10.1.0_589\workspace\TestProject_ver8\mbed\TARGET_LPC1768\TOOLCHAIN_GCC_CR\libmbed.a(FileBase.o)
                0x00001a88                mbed::FileBase::lookup(char const*, unsigned int)
 .text._ZN4mbed8FileBase11getPathTypeEv
                0x00001ac4        0x4 C:\Users\AGATSUMA\Documents\MCUXpressoIDE_10.1.0_589\workspace\TestProject_ver8\mbed\TARGET_LPC1768\TOOLCHAIN_GCC_CR\libmbed.a(FileBase.o)
                0x00001ac4                mbed::FileBase::getPathType()
 .text.us_ticker_irq_handler
                0x00001ac8        0xc C:\Users\AGATSUMA\Documents\MCUXpressoIDE_10.1.0_589\workspace\TestProject_ver8\mbed\TARGET_LPC1768\TOOLCHAIN_GCC_CR\libmbed.a(us_ticker_api.o)
                0x00001ac8                us_ticker_irq_handler
 .text.ticker_irq_handler
                0x00001ad4       0x48 C:\Users\AGATSUMA\Documents\MCUXpressoIDE_10.1.0_589\workspace\TestProject_ver8\mbed\TARGET_LPC1768\TOOLCHAIN_GCC_CR\libmbed.a(ticker_api.o)
                0x00001ad4                ticker_irq_handler
 .text          0x00001b1c       0x30 c:/nxp/mcuxpressoide_10.1.0_589/ide/tools/bin/../lib/gcc/arm-none-eabi/6.3.1/thumb/v7-m\libgcc.a(_aeabi_uldivmod.o)
                0x00001b1c                __aeabi_uldivmod
 .text          0x00001b4c      0x2dc c:/nxp/mcuxpressoide_10.1.0_589/ide/tools/bin/../lib/gcc/arm-none-eabi/6.3.1/thumb/v7-m\libgcc.a(_udivmoddi4.o)
                0x00001b4c                __udivmoddi4
 .text          0x00001e28        0x4 c:/nxp/mcuxpressoide_10.1.0_589/ide/tools/bin/../lib/gcc/arm-none-eabi/6.3.1/thumb/v7-m\libgcc.a(_dvmd_tls.o)
                0x00001e28                __aeabi_idiv0
                0x00001e28                __aeabi_ldiv0
 .text.abs      0x00001e2c        0x8 c:/nxp/mcuxpressoide_10.1.0_589/ide/tools/bin/../lib/gcc/arm-none-eabi/6.3.1/../../../../arm-none-eabi/lib/thumb/v7-m\libc.a(lib_a-abs.o)
                0x00001e2c                abs
 .text.__errno  0x00001e34        0xc c:/nxp/mcuxpressoide_10.1.0_589/ide/tools/bin/../lib/gcc/arm-none-eabi/6.3.1/../../../../arm-none-eabi/lib/thumb/v7-m\libc.a(lib_a-errno.o)
                0x00001e34                __errno
 .text._fclose_r
                0x00001e40       0xc4 c:/nxp/mcuxpressoide_10.1.0_589/ide/tools/bin/../lib/gcc/arm-none-eabi/6.3.1/../../../../arm-none-eabi/lib/thumb/v7-m\libc.a(lib_a-fclose.o)
                0x00001e40                _fclose_r
 .text.fclose   0x00001f04       0x10 c:/nxp/mcuxpressoide_10.1.0_589/ide/tools/bin/../lib/gcc/arm-none-eabi/6.3.1/../../../../arm-none-eabi/lib/thumb/v7-m\libc.a(lib_a-fclose.o)
                0x00001f04                fclose
 .text.__sflush_r
                0x00001f14      0x138 c:/nxp/mcuxpressoide_10.1.0_589/ide/tools/bin/../lib/gcc/arm-none-eabi/6.3.1/../../../../arm-none-eabi/lib/thumb/v7-m\libc.a(lib_a-fflush.o)
                0x00001f14                __sflush_r
 .text._fflush_r
                0x0000204c       0x54 c:/nxp/mcuxpressoide_10.1.0_589/ide/tools/bin/../lib/gcc/arm-none-eabi/6.3.1/../../../../arm-none-eabi/lib/thumb/v7-m\libc.a(lib_a-fflush.o)
                0x0000204c                _fflush_r
 .text.fflush   0x000020a0       0x24 c:/nxp/mcuxpressoide_10.1.0_589/ide/tools/bin/../lib/gcc/arm-none-eabi/6.3.1/../../../../arm-none-eabi/lib/thumb/v7-m\libc.a(lib_a-fflush.o)
                0x000020a0                fflush
 .text.fgetc    0x000020c4       0x70 c:/nxp/mcuxpressoide_10.1.0_589/ide/tools/bin/../lib/gcc/arm-none-eabi/6.3.1/../../../../arm-none-eabi/lib/thumb/v7-m\libc.a(lib_a-fgetc.o)
                0x000020c4                fgetc
 .text._cleanup_r
                0x00002134        0xc c:/nxp/mcuxpressoide_10.1.0_589/ide/tools/bin/../lib/gcc/arm-none-eabi/6.3.1/../../../../arm-none-eabi/lib/thumb/v7-m\libc.a(lib_a-findfp.o)
                0x00002134                _cleanup_r
 .text.std.isra.0
                0x00002140       0x50 c:/nxp/mcuxpressoide_10.1.0_589/ide/tools/bin/../lib/gcc/arm-none-eabi/6.3.1/../../../../arm-none-eabi/lib/thumb/v7-m\libc.a(lib_a-findfp.o)
 .text.__sfmoreglue
                0x00002190       0x30 c:/nxp/mcuxpressoide_10.1.0_589/ide/tools/bin/../lib/gcc/arm-none-eabi/6.3.1/../../../../arm-none-eabi/lib/thumb/v7-m\libc.a(lib_a-findfp.o)
                0x00002190                __sfmoreglue
 .text.__sinit  0x000021c0       0x60 c:/nxp/mcuxpressoide_10.1.0_589/ide/tools/bin/../lib/gcc/arm-none-eabi/6.3.1/../../../../arm-none-eabi/lib/thumb/v7-m\libc.a(lib_a-findfp.o)
                0x000021c0                __sinit
 .text.__sfp    0x00002220       0xa8 c:/nxp/mcuxpressoide_10.1.0_589/ide/tools/bin/../lib/gcc/arm-none-eabi/6.3.1/../../../../arm-none-eabi/lib/thumb/v7-m\libc.a(lib_a-findfp.o)
                0x00002220                __sfp
 .text.__sfp_lock_acquire
                0x000022c8        0xc c:/nxp/mcuxpressoide_10.1.0_589/ide/tools/bin/../lib/gcc/arm-none-eabi/6.3.1/../../../../arm-none-eabi/lib/thumb/v7-m\libc.a(lib_a-findfp.o)
                0x000022c8                __sfp_lock_acquire
 .text.__sfp_lock_release
                0x000022d4        0xc c:/nxp/mcuxpressoide_10.1.0_589/ide/tools/bin/../lib/gcc/arm-none-eabi/6.3.1/../../../../arm-none-eabi/lib/thumb/v7-m\libc.a(lib_a-findfp.o)
                0x000022d4                __sfp_lock_release
 .text._fopen_r
                0x000022e0       0xc0 c:/nxp/mcuxpressoide_10.1.0_589/ide/tools/bin/../lib/gcc/arm-none-eabi/6.3.1/../../../../arm-none-eabi/lib/thumb/v7-m\libc.a(lib_a-fopen.o)
                0x000022e0                _fopen_r
 .text.fopen    0x000023a0       0x10 c:/nxp/mcuxpressoide_10.1.0_589/ide/tools/bin/../lib/gcc/arm-none-eabi/6.3.1/../../../../arm-none-eabi/lib/thumb/v7-m\libc.a(lib_a-fopen.o)
                0x000023a0                fopen
 .text._malloc_trim_r
                0x000023b0       0xa0 c:/nxp/mcuxpressoide_10.1.0_589/ide/tools/bin/../lib/gcc/arm-none-eabi/6.3.1/../../../../arm-none-eabi/lib/thumb/v7-m\libc.a(lib_a-freer.o)
                0x000023b0                _malloc_trim_r
 .text._free_r  0x00002450      0x1cc c:/nxp/mcuxpressoide_10.1.0_589/ide/tools/bin/../lib/gcc/arm-none-eabi/6.3.1/../../../../arm-none-eabi/lib/thumb/v7-m\libc.a(lib_a-freer.o)
                0x00002450                _free_r
 .text._fseek_r
                0x0000261c        0x4 c:/nxp/mcuxpressoide_10.1.0_589/ide/tools/bin/../lib/gcc/arm-none-eabi/6.3.1/../../../../arm-none-eabi/lib/thumb/v7-m\libc.a(lib_a-fseek.o)
                0x0000261c                _fseek_r
 .text._fseeko_r
                0x00002620      0x328 c:/nxp/mcuxpressoide_10.1.0_589/ide/tools/bin/../lib/gcc/arm-none-eabi/6.3.1/../../../../arm-none-eabi/lib/thumb/v7-m\libc.a(lib_a-fseeko.o)
                0x00002620                _fseeko_r
 .text._fstat_r
                0x00002948       0x28 c:/nxp/mcuxpressoide_10.1.0_589/ide/tools/bin/../lib/gcc/arm-none-eabi/6.3.1/../../../../arm-none-eabi/lib/thumb/v7-m\libc.a(lib_a-fstatr.o)
                0x00002948                _fstat_r
 .text.__sfvwrite_r
                0x00002970      0x2f4 c:/nxp/mcuxpressoide_10.1.0_589/ide/tools/bin/../lib/gcc/arm-none-eabi/6.3.1/../../../../arm-none-eabi/lib/thumb/v7-m\libc.a(lib_a-fvwrite.o)
                0x00002970                __sfvwrite_r
 .text._fwalk   0x00002c64       0x48 c:/nxp/mcuxpressoide_10.1.0_589/ide/tools/bin/../lib/gcc/arm-none-eabi/6.3.1/../../../../arm-none-eabi/lib/thumb/v7-m\libc.a(lib_a-fwalk.o)
                0x00002c64                _fwalk
 .text._fwalk_reent
                0x00002cac       0x50 c:/nxp/mcuxpressoide_10.1.0_589/ide/tools/bin/../lib/gcc/arm-none-eabi/6.3.1/../../../../arm-none-eabi/lib/thumb/v7-m\libc.a(lib_a-fwalk.o)
                0x00002cac                _fwalk_reent
 .text.__libc_init_array
                0x00002cfc       0x50 c:/nxp/mcuxpressoide_10.1.0_589/ide/tools/bin/../lib/gcc/arm-none-eabi/6.3.1/../../../../arm-none-eabi/lib/thumb/v7-m\libc.a(lib_a-init.o)
                0x00002cfc                __libc_init_array
 .text.__retarget_lock_init_recursive
                0x00002d4c        0x4 c:/nxp/mcuxpressoide_10.1.0_589/ide/tools/bin/../lib/gcc/arm-none-eabi/6.3.1/../../../../arm-none-eabi/lib/thumb/v7-m\libc.a(lib_a-lock.o)
                0x00002d4c                __retarget_lock_init_recursive
 .text.__retarget_lock_close_recursive
                0x00002d50        0x4 c:/nxp/mcuxpressoide_10.1.0_589/ide/tools/bin/../lib/gcc/arm-none-eabi/6.3.1/../../../../arm-none-eabi/lib/thumb/v7-m\libc.a(lib_a-lock.o)
                0x00002d50                __retarget_lock_close_recursive
 .text.__retarget_lock_acquire_recursive
                0x00002d54        0x4 c:/nxp/mcuxpressoide_10.1.0_589/ide/tools/bin/../lib/gcc/arm-none-eabi/6.3.1/../../../../arm-none-eabi/lib/thumb/v7-m\libc.a(lib_a-lock.o)
                0x00002d54                __retarget_lock_acquire_recursive
 .text.__retarget_lock_release_recursive
                0x00002d58        0x4 c:/nxp/mcuxpressoide_10.1.0_589/ide/tools/bin/../lib/gcc/arm-none-eabi/6.3.1/../../../../arm-none-eabi/lib/thumb/v7-m\libc.a(lib_a-lock.o)
                0x00002d58                __retarget_lock_release_recursive
 .text.__swhatbuf_r
                0x00002d5c       0x5c c:/nxp/mcuxpressoide_10.1.0_589/ide/tools/bin/../lib/gcc/arm-none-eabi/6.3.1/../../../../arm-none-eabi/lib/thumb/v7-m\libc.a(lib_a-makebuf.o)
                0x00002d5c                __swhatbuf_r
 .text.__smakebuf_r
                0x00002db8       0x94 c:/nxp/mcuxpressoide_10.1.0_589/ide/tools/bin/../lib/gcc/arm-none-eabi/6.3.1/../../../../arm-none-eabi/lib/thumb/v7-m\libc.a(lib_a-makebuf.o)
                0x00002db8                __smakebuf_r
 .text.malloc   0x00002e4c       0x10 c:/nxp/mcuxpressoide_10.1.0_589/ide/tools/bin/../lib/gcc/arm-none-eabi/6.3.1/../../../../arm-none-eabi/lib/thumb/v7-m\libc.a(lib_a-malloc.o)
                0x00002e4c                malloc
 .text.free     0x00002e5c       0x10 c:/nxp/mcuxpressoide_10.1.0_589/ide/tools/bin/../lib/gcc/arm-none-eabi/6.3.1/../../../../arm-none-eabi/lib/thumb/v7-m\libc.a(lib_a-malloc.o)
                0x00002e5c                free
 .text._malloc_r
                0x00002e6c      0x544 c:/nxp/mcuxpressoide_10.1.0_589/ide/tools/bin/../lib/gcc/arm-none-eabi/6.3.1/../../../../arm-none-eabi/lib/thumb/v7-m\libc.a(lib_a-mallocr.o)
                0x00002e6c                _malloc_r
 .text.memchr   0x000033b0       0x8c c:/nxp/mcuxpressoide_10.1.0_589/ide/tools/bin/../lib/gcc/arm-none-eabi/6.3.1/../../../../arm-none-eabi/lib/thumb/v7-m\libc.a(lib_a-memchr-stub.o)
                0x000033b0                memchr
 .text          0x0000343c       0xec c:/nxp/mcuxpressoide_10.1.0_589/ide/tools/bin/../lib/gcc/arm-none-eabi/6.3.1/../../../../arm-none-eabi/lib/thumb/v7-m\libc.a(lib_a-memcpy.o)
                0x0000343c                memcpy
 .text.memmove  0x00003528       0xc8 c:/nxp/mcuxpressoide_10.1.0_589/ide/tools/bin/../lib/gcc/arm-none-eabi/6.3.1/../../../../arm-none-eabi/lib/thumb/v7-m\libc.a(lib_a-memmove.o)
                0x00003528                memmove
 .text.memset   0x000035f0       0x9c c:/nxp/mcuxpressoide_10.1.0_589/ide/tools/bin/../lib/gcc/arm-none-eabi/6.3.1/../../../../arm-none-eabi/lib/thumb/v7-m\libc.a(lib_a-memset.o)
                0x000035f0                memset
 .text.__malloc_lock
                0x0000368c        0xc c:/nxp/mcuxpressoide_10.1.0_589/ide/tools/bin/../lib/gcc/arm-none-eabi/6.3.1/../../../../arm-none-eabi/lib/thumb/v7-m\libc.a(lib_a-mlock.o)
                0x0000368c                __malloc_lock
 .text.__malloc_unlock
                0x00003698        0xc c:/nxp/mcuxpressoide_10.1.0_589/ide/tools/bin/../lib/gcc/arm-none-eabi/6.3.1/../../../../arm-none-eabi/lib/thumb/v7-m\libc.a(lib_a-mlock.o)
                0x00003698                __malloc_unlock
 .text._open_r  0x000036a4       0x2c c:/nxp/mcuxpressoide_10.1.0_589/ide/tools/bin/../lib/gcc/arm-none-eabi/6.3.1/../../../../arm-none-eabi/lib/thumb/v7-m\libc.a(lib_a-openr.o)
                0x000036a4                _open_r
 .text._realloc_r
                0x000036d0      0x36c c:/nxp/mcuxpressoide_10.1.0_589/ide/tools/bin/../lib/gcc/arm-none-eabi/6.3.1/../../../../arm-none-eabi/lib/thumb/v7-m\libc.a(lib_a-reallocr.o)
                0x000036d0                _realloc_r
 .text.lflush   0x00003a3c       0x14 c:/nxp/mcuxpressoide_10.1.0_589/ide/tools/bin/../lib/gcc/arm-none-eabi/6.3.1/../../../../arm-none-eabi/lib/thumb/v7-m\libc.a(lib_a-refill.o)
 .text.__srefill_r
                0x00003a50      0x118 c:/nxp/mcuxpressoide_10.1.0_589/ide/tools/bin/../lib/gcc/arm-none-eabi/6.3.1/../../../../arm-none-eabi/lib/thumb/v7-m\libc.a(lib_a-refill.o)
                0x00003a50                __srefill_r
 .text.__srget_r
                0x00003b68       0x34 c:/nxp/mcuxpressoide_10.1.0_589/ide/tools/bin/../lib/gcc/arm-none-eabi/6.3.1/../../../../arm-none-eabi/lib/thumb/v7-m\libc.a(lib_a-rget.o)
                0x00003b68                __srget_r
 .text._sbrk_r  0x00003b9c       0x24 c:/nxp/mcuxpressoide_10.1.0_589/ide/tools/bin/../lib/gcc/arm-none-eabi/6.3.1/../../../../arm-none-eabi/lib/thumb/v7-m\libc.a(lib_a-sbrkr.o)
                0x00003b9c                _sbrk_r
 .text.setbuf   0x00003bc0       0x10 c:/nxp/mcuxpressoide_10.1.0_589/ide/tools/bin/../lib/gcc/arm-none-eabi/6.3.1/../../../../arm-none-eabi/lib/thumb/v7-m\libc.a(lib_a-setbuf.o)
                0x00003bc0                setbuf
 .text.setvbuf  0x00003bd0      0x190 c:/nxp/mcuxpressoide_10.1.0_589/ide/tools/bin/../lib/gcc/arm-none-eabi/6.3.1/../../../../arm-none-eabi/lib/thumb/v7-m\libc.a(lib_a-setvbuf.o)
                0x00003bd0                setvbuf
 .text.sprintf  0x00003d60       0x4c c:/nxp/mcuxpressoide_10.1.0_589/ide/tools/bin/../lib/gcc/arm-none-eabi/6.3.1/../../../../arm-none-eabi/lib/thumb/v7-m\libc.a(lib_a-sprintf.o)
                0x00003d60                sprintf
 .text.sscanf   0x00003dac       0x58 c:/nxp/mcuxpressoide_10.1.0_589/ide/tools/bin/../lib/gcc/arm-none-eabi/6.3.1/../../../../arm-none-eabi/lib/thumb/v7-m\libc.a(lib_a-sscanf.o)
                0x00003dac                sscanf
 .text.__sread  0x00003e04       0x24 c:/nxp/mcuxpressoide_10.1.0_589/ide/tools/bin/../lib/gcc/arm-none-eabi/6.3.1/../../../../arm-none-eabi/lib/thumb/v7-m\libc.a(lib_a-stdio.o)
                0x00003e04                __sread
 .text.__seofread
                0x00003e28        0x4 c:/nxp/mcuxpressoide_10.1.0_589/ide/tools/bin/../lib/gcc/arm-none-eabi/6.3.1/../../../../arm-none-eabi/lib/thumb/v7-m\libc.a(lib_a-stdio.o)
                0x00003e28                __seofread
 .text.__swrite
                0x00003e2c       0x3c c:/nxp/mcuxpressoide_10.1.0_589/ide/tools/bin/../lib/gcc/arm-none-eabi/6.3.1/../../../../arm-none-eabi/lib/thumb/v7-m\libc.a(lib_a-stdio.o)
                0x00003e2c                __swrite
 .text.__sseek  0x00003e68       0x20 c:/nxp/mcuxpressoide_10.1.0_589/ide/tools/bin/../lib/gcc/arm-none-eabi/6.3.1/../../../../arm-none-eabi/lib/thumb/v7-m\libc.a(lib_a-stdio.o)
                0x00003e68                __sseek
 .text.__sclose
                0x00003e88        0x8 c:/nxp/mcuxpressoide_10.1.0_589/ide/tools/bin/../lib/gcc/arm-none-eabi/6.3.1/../../../../arm-none-eabi/lib/thumb/v7-m\libc.a(lib_a-stdio.o)
                0x00003e88                __sclose
 .text          0x00003e90      0x1bc c:/nxp/mcuxpressoide_10.1.0_589/ide/tools/bin/../lib/gcc/arm-none-eabi/6.3.1/../../../../arm-none-eabi/lib/thumb/v7-m\libc.a(lib_a-strcmp.o)
                0x00003e90                strcmp
 .text.strlen   0x0000404c       0x5c c:/nxp/mcuxpressoide_10.1.0_589/ide/tools/bin/../lib/gcc/arm-none-eabi/6.3.1/../../../../arm-none-eabi/lib/thumb/v7-m\libc.a(lib_a-strlen-stub.o)
                0x0000404c                strlen
 .text.strncmp  0x000040a8       0xa0 c:/nxp/mcuxpressoide_10.1.0_589/ide/tools/bin/../lib/gcc/arm-none-eabi/6.3.1/../../../../arm-none-eabi/lib/thumb/v7-m\libc.a(lib_a-strncmp.o)
                0x000040a8                strncmp
 .text._svfprintf_r
                0x00004148     0x1500 c:/nxp/mcuxpressoide_10.1.0_589/ide/tools/bin/../lib/gcc/arm-none-eabi/6.3.1/../../../../arm-none-eabi/lib/thumb/v7-m\libc.a(lib_a-svfprintf.o)
                0x00004148                _svfprintf_r
 .text.__ssvfscanf_r
                0x00005648      0xe18 c:/nxp/mcuxpressoide_10.1.0_589/ide/tools/bin/../lib/gcc/arm-none-eabi/6.3.1/../../../../arm-none-eabi/lib/thumb/v7-m\libc.a(lib_a-svfscanf.o)
                0x00005648                __ssvfscanf_r
 .text._vfprintf_r
                0x00006460     0x15e8 c:/nxp/mcuxpressoide_10.1.0_589/ide/tools/bin/../lib/gcc/arm-none-eabi/6.3.1/../../../../arm-none-eabi/lib/thumb/v7-m\libc.a(lib_a-vfprintf.o)
                0x00006460                _vfprintf_r
 .text.vfprintf
                0x00007a48       0x18 c:/nxp/mcuxpressoide_10.1.0_589/ide/tools/bin/../lib/gcc/arm-none-eabi/6.3.1/../../../../arm-none-eabi/lib/thumb/v7-m\libc.a(lib_a-vfprintf.o)
                0x00007a48                vfprintf
 .text.__sbprintf
                0x00007a60       0x88 c:/nxp/mcuxpressoide_10.1.0_589/ide/tools/bin/../lib/gcc/arm-none-eabi/6.3.1/../../../../arm-none-eabi/lib/thumb/v7-m\libc.a(lib_a-vfprintf.o)
 .text.__swbuf_r
                0x00007ae8       0xb0 c:/nxp/mcuxpressoide_10.1.0_589/ide/tools/bin/../lib/gcc/arm-none-eabi/6.3.1/../../../../arm-none-eabi/lib/thumb/v7-m\libc.a(lib_a-wbuf.o)
                0x00007ae8                __swbuf_r
 .text._write_r
                0x00007b98       0x2c c:/nxp/mcuxpressoide_10.1.0_589/ide/tools/bin/../lib/gcc/arm-none-eabi/6.3.1/../../../../arm-none-eabi/lib/thumb/v7-m\libc.a(lib_a-writer.o)
                0x00007b98                _write_r
 .text.__swsetup_r
                0x00007bc4       0xc8 c:/nxp/mcuxpressoide_10.1.0_589/ide/tools/bin/../lib/gcc/arm-none-eabi/6.3.1/../../../../arm-none-eabi/lib/thumb/v7-m\libc.a(lib_a-wsetup.o)
                0x00007bc4                __swsetup_r
 .text._close_r
                0x00007c8c       0x24 c:/nxp/mcuxpressoide_10.1.0_589/ide/tools/bin/../lib/gcc/arm-none-eabi/6.3.1/../../../../arm-none-eabi/lib/thumb/v7-m\libc.a(lib_a-closer.o)
                0x00007c8c                _close_r
 .text.quorem   0x00007cb0      0x128 c:/nxp/mcuxpressoide_10.1.0_589/ide/tools/bin/../lib/gcc/arm-none-eabi/6.3.1/../../../../arm-none-eabi/lib/thumb/v7-m\libc.a(lib_a-dtoa.o)
 .text._dtoa_r  0x00007dd8      0xe44 c:/nxp/mcuxpressoide_10.1.0_589/ide/tools/bin/../lib/gcc/arm-none-eabi/6.3.1/../../../../arm-none-eabi/lib/thumb/v7-m\libc.a(lib_a-dtoa.o)
                0x00007dd8                _dtoa_r
 .text.__sflags
                0x00008c1c       0x78 c:/nxp/mcuxpressoide_10.1.0_589/ide/tools/bin/../lib/gcc/arm-none-eabi/6.3.1/../../../../arm-none-eabi/lib/thumb/v7-m\libc.a(lib_a-flags.o)
                0x00008c1c                __sflags
 .text._isatty_r
                0x00008c94       0x24 c:/nxp/mcuxpressoide_10.1.0_589/ide/tools/bin/../lib/gcc/arm-none-eabi/6.3.1/../../../../arm-none-eabi/lib/thumb/v7-m\libc.a(lib_a-isattyr.o)
                0x00008c94                _isatty_r
 .text.iswspace
                0x00008cb8       0x1c c:/nxp/mcuxpressoide_10.1.0_589/ide/tools/bin/../lib/gcc/arm-none-eabi/6.3.1/../../../../arm-none-eabi/lib/thumb/v7-m\libc.a(lib_a-iswspace.o)
                0x00008cb8                iswspace
 .text.__locale_mb_cur_max
                0x00008cd4       0x1c c:/nxp/mcuxpressoide_10.1.0_589/ide/tools/bin/../lib/gcc/arm-none-eabi/6.3.1/../../../../arm-none-eabi/lib/thumb/v7-m\libc.a(lib_a-locale.o)
                0x00008cd4                __locale_mb_cur_max
 .text.__locale_ctype_ptr_l
                0x00008cf0        0x8 c:/nxp/mcuxpressoide_10.1.0_589/ide/tools/bin/../lib/gcc/arm-none-eabi/6.3.1/../../../../arm-none-eabi/lib/thumb/v7-m\libc.a(lib_a-locale.o)
                0x00008cf0                __locale_ctype_ptr_l
 .text.__locale_ctype_ptr
                0x00008cf8       0x1c c:/nxp/mcuxpressoide_10.1.0_589/ide/tools/bin/../lib/gcc/arm-none-eabi/6.3.1/../../../../arm-none-eabi/lib/thumb/v7-m\libc.a(lib_a-locale.o)
                0x00008cf8                __locale_ctype_ptr
 .text.__localeconv_l
                0x00008d14        0x4 c:/nxp/mcuxpressoide_10.1.0_589/ide/tools/bin/../lib/gcc/arm-none-eabi/6.3.1/../../../../arm-none-eabi/lib/thumb/v7-m\libc.a(lib_a-localeconv.o)
                0x00008d14                __localeconv_l
 .text._localeconv_r
                0x00008d18       0x1c c:/nxp/mcuxpressoide_10.1.0_589/ide/tools/bin/../lib/gcc/arm-none-eabi/6.3.1/../../../../arm-none-eabi/lib/thumb/v7-m\libc.a(lib_a-localeconv.o)
                0x00008d18                _localeconv_r
 .text._lseek_r
                0x00008d34       0x2c c:/nxp/mcuxpressoide_10.1.0_589/ide/tools/bin/../lib/gcc/arm-none-eabi/6.3.1/../../../../arm-none-eabi/lib/thumb/v7-m\libc.a(lib_a-lseekr.o)
                0x00008d34                _lseek_r
 .text._mbrtowc_r
                0x00008d60       0x5c c:/nxp/mcuxpressoide_10.1.0_589/ide/tools/bin/../lib/gcc/arm-none-eabi/6.3.1/../../../../arm-none-eabi/lib/thumb/v7-m\libc.a(lib_a-mbrtowc.o)
                0x00008d60                _mbrtowc_r
 .text.__ascii_mbtowc
                0x00008dbc       0x2c c:/nxp/mcuxpressoide_10.1.0_589/ide/tools/bin/../lib/gcc/arm-none-eabi/6.3.1/../../../../arm-none-eabi/lib/thumb/v7-m\libc.a(lib_a-mbtowc_r.o)
                0x00008dbc                __ascii_mbtowc
 .text._Balloc  0x00008de8       0x4c c:/nxp/mcuxpressoide_10.1.0_589/ide/tools/bin/../lib/gcc/arm-none-eabi/6.3.1/../../../../arm-none-eabi/lib/thumb/v7-m\libc.a(lib_a-mprec.o)
                0x00008de8                _Balloc
 .text._Bfree   0x00008e34       0x14 c:/nxp/mcuxpressoide_10.1.0_589/ide/tools/bin/../lib/gcc/arm-none-eabi/6.3.1/../../../../arm-none-eabi/lib/thumb/v7-m\libc.a(lib_a-mprec.o)
                0x00008e34                _Bfree
 .text.__multadd
                0x00008e48       0x84 c:/nxp/mcuxpressoide_10.1.0_589/ide/tools/bin/../lib/gcc/arm-none-eabi/6.3.1/../../../../arm-none-eabi/lib/thumb/v7-m\libc.a(lib_a-mprec.o)
                0x00008e48                __multadd
 .text.__s2b    0x00008ecc       0x9c c:/nxp/mcuxpressoide_10.1.0_589/ide/tools/bin/../lib/gcc/arm-none-eabi/6.3.1/../../../../arm-none-eabi/lib/thumb/v7-m\libc.a(lib_a-mprec.o)
                0x00008ecc                __s2b
 .text.__hi0bits
                0x00008f68       0x40 c:/nxp/mcuxpressoide_10.1.0_589/ide/tools/bin/../lib/gcc/arm-none-eabi/6.3.1/../../../../arm-none-eabi/lib/thumb/v7-m\libc.a(lib_a-mprec.o)
                0x00008f68                __hi0bits
 .text.__lo0bits
                0x00008fa8       0x60 c:/nxp/mcuxpressoide_10.1.0_589/ide/tools/bin/../lib/gcc/arm-none-eabi/6.3.1/../../../../arm-none-eabi/lib/thumb/v7-m\libc.a(lib_a-mprec.o)
                0x00008fa8                __lo0bits
 .text.__i2b    0x00009008       0x14 c:/nxp/mcuxpressoide_10.1.0_589/ide/tools/bin/../lib/gcc/arm-none-eabi/6.3.1/../../../../arm-none-eabi/lib/thumb/v7-m\libc.a(lib_a-mprec.o)
                0x00009008                __i2b
 .text.__multiply
                0x0000901c      0x124 c:/nxp/mcuxpressoide_10.1.0_589/ide/tools/bin/../lib/gcc/arm-none-eabi/6.3.1/../../../../arm-none-eabi/lib/thumb/v7-m\libc.a(lib_a-mprec.o)
                0x0000901c                __multiply
 .text.__pow5mult
                0x00009140       0xa0 c:/nxp/mcuxpressoide_10.1.0_589/ide/tools/bin/../lib/gcc/arm-none-eabi/6.3.1/../../../../arm-none-eabi/lib/thumb/v7-m\libc.a(lib_a-mprec.o)
                0x00009140                __pow5mult
 .text.__lshift
                0x000091e0       0xa0 c:/nxp/mcuxpressoide_10.1.0_589/ide/tools/bin/../lib/gcc/arm-none-eabi/6.3.1/../../../../arm-none-eabi/lib/thumb/v7-m\libc.a(lib_a-mprec.o)
                0x000091e0                __lshift
 .text.__mcmp   0x00009280       0x38 c:/nxp/mcuxpressoide_10.1.0_589/ide/tools/bin/../lib/gcc/arm-none-eabi/6.3.1/../../../../arm-none-eabi/lib/thumb/v7-m\libc.a(lib_a-mprec.o)
                0x00009280                __mcmp
 .text.__mdiff  0x000092b8      0x11c c:/nxp/mcuxpressoide_10.1.0_589/ide/tools/bin/../lib/gcc/arm-none-eabi/6.3.1/../../../../arm-none-eabi/lib/thumb/v7-m\libc.a(lib_a-mprec.o)
                0x000092b8                __mdiff
 .text.__ulp    0x000093d4       0x44 c:/nxp/mcuxpressoide_10.1.0_589/ide/tools/bin/../lib/gcc/arm-none-eabi/6.3.1/../../../../arm-none-eabi/lib/thumb/v7-m\libc.a(lib_a-mprec.o)
                0x000093d4                __ulp
 .text.__b2d    0x00009418       0xd4 c:/nxp/mcuxpressoide_10.1.0_589/ide/tools/bin/../lib/gcc/arm-none-eabi/6.3.1/../../../../arm-none-eabi/lib/thumb/v7-m\libc.a(lib_a-mprec.o)
                0x00009418                __b2d
 .text.__d2b    0x000094ec       0xa8 c:/nxp/mcuxpressoide_10.1.0_589/ide/tools/bin/../lib/gcc/arm-none-eabi/6.3.1/../../../../arm-none-eabi/lib/thumb/v7-m\libc.a(lib_a-mprec.o)
                0x000094ec                __d2b
 .text.__ratio  0x00009594       0x58 c:/nxp/mcuxpressoide_10.1.0_589/ide/tools/bin/../lib/gcc/arm-none-eabi/6.3.1/../../../../arm-none-eabi/lib/thumb/v7-m\libc.a(lib_a-mprec.o)
                0x00009594                __ratio
 .text.__copybits
                0x000095ec       0x48 c:/nxp/mcuxpressoide_10.1.0_589/ide/tools/bin/../lib/gcc/arm-none-eabi/6.3.1/../../../../arm-none-eabi/lib/thumb/v7-m\libc.a(lib_a-mprec.o)
                0x000095ec                __copybits
 .text.__any_on
                0x00009634       0x5c c:/nxp/mcuxpressoide_10.1.0_589/ide/tools/bin/../lib/gcc/arm-none-eabi/6.3.1/../../../../arm-none-eabi/lib/thumb/v7-m\libc.a(lib_a-mprec.o)
                0x00009634                __any_on
 .text._read_r  0x00009690       0x2c c:/nxp/mcuxpressoide_10.1.0_589/ide/tools/bin/../lib/gcc/arm-none-eabi/6.3.1/../../../../arm-none-eabi/lib/thumb/v7-m\libc.a(lib_a-readr.o)
                0x00009690                _read_r
 .text.__sccl   0x000096bc       0x74 c:/nxp/mcuxpressoide_10.1.0_589/ide/tools/bin/../lib/gcc/arm-none-eabi/6.3.1/../../../../arm-none-eabi/lib/thumb/v7-m\libc.a(lib_a-sccl.o)
                0x000096bc                __sccl
 .text.nanf     0x00009730        0x8 c:/nxp/mcuxpressoide_10.1.0_589/ide/tools/bin/../lib/gcc/arm-none-eabi/6.3.1/../../../../arm-none-eabi/lib/thumb/v7-m\libc.a(lib_a-sf_nan.o)
                0x00009730                nanf
 .text.unlikely.sulp
                0x00009738       0x42 c:/nxp/mcuxpressoide_10.1.0_589/ide/tools/bin/../lib/gcc/arm-none-eabi/6.3.1/../../../../arm-none-eabi/lib/thumb/v7-m\libc.a(lib_a-strtod.o)
 *fill*         0x0000977a        0x6 ff
 .text._strtod_l
                0x00009780      0xec0 c:/nxp/mcuxpressoide_10.1.0_589/ide/tools/bin/../lib/gcc/arm-none-eabi/6.3.1/../../../../arm-none-eabi/lib/thumb/v7-m\libc.a(lib_a-strtod.o)
                0x00009780                _strtod_l
 .text._strtod_r
                0x0000a640       0x20 c:/nxp/mcuxpressoide_10.1.0_589/ide/tools/bin/../lib/gcc/arm-none-eabi/6.3.1/../../../../arm-none-eabi/lib/thumb/v7-m\libc.a(lib_a-strtod.o)
                0x0000a640                _strtod_r
 .text._strtol_l.isra.0
                0x0000a660      0x128 c:/nxp/mcuxpressoide_10.1.0_589/ide/tools/bin/../lib/gcc/arm-none-eabi/6.3.1/../../../../arm-none-eabi/lib/thumb/v7-m\libc.a(lib_a-strtol.o)
 .text._strtol_r
                0x0000a788       0x24 c:/nxp/mcuxpressoide_10.1.0_589/ide/tools/bin/../lib/gcc/arm-none-eabi/6.3.1/../../../../arm-none-eabi/lib/thumb/v7-m\libc.a(lib_a-strtol.o)
                0x0000a788                _strtol_r
 .text._strtoll_l.isra.0
                0x0000a7ac      0x19c c:/nxp/mcuxpressoide_10.1.0_589/ide/tools/bin/../lib/gcc/arm-none-eabi/6.3.1/../../../../arm-none-eabi/lib/thumb/v7-m\libc.a(lib_a-strtoll.o)
 .text._strtoll_r
                0x0000a948       0x24 c:/nxp/mcuxpressoide_10.1.0_589/ide/tools/bin/../lib/gcc/arm-none-eabi/6.3.1/../../../../arm-none-eabi/lib/thumb/v7-m\libc.a(lib_a-strtoll.o)
                0x0000a948                _strtoll_r
 .text._strtoul_l.isra.0
                0x0000a96c      0x148 c:/nxp/mcuxpressoide_10.1.0_589/ide/tools/bin/../lib/gcc/arm-none-eabi/6.3.1/../../../../arm-none-eabi/lib/thumb/v7-m\libc.a(lib_a-strtoul.o)
 .text._strtoul_r
                0x0000aab4       0x24 c:/nxp/mcuxpressoide_10.1.0_589/ide/tools/bin/../lib/gcc/arm-none-eabi/6.3.1/../../../../arm-none-eabi/lib/thumb/v7-m\libc.a(lib_a-strtoul.o)
                0x0000aab4                _strtoul_r
 .text._strtoull_l.isra.0
                0x0000aad8      0x1bc c:/nxp/mcuxpressoide_10.1.0_589/ide/tools/bin/../lib/gcc/arm-none-eabi/6.3.1/../../../../arm-none-eabi/lib/thumb/v7-m\libc.a(lib_a-strtoull.o)
 .text._strtoull_r
                0x0000ac94       0x24 c:/nxp/mcuxpressoide_10.1.0_589/ide/tools/bin/../lib/gcc/arm-none-eabi/6.3.1/../../../../arm-none-eabi/lib/thumb/v7-m\libc.a(lib_a-strtoull.o)
                0x0000ac94                _strtoull_r
 .text.__ssprint_r
                0x0000acb8       0xfc c:/nxp/mcuxpressoide_10.1.0_589/ide/tools/bin/../lib/gcc/arm-none-eabi/6.3.1/../../../../arm-none-eabi/lib/thumb/v7-m\libc.a(lib_a-svfiprintf.o)
                0x0000acb8                __ssprint_r
 .text._sungetc_r
                0x0000adb4       0x80 c:/nxp/mcuxpressoide_10.1.0_589/ide/tools/bin/../lib/gcc/arm-none-eabi/6.3.1/../../../../arm-none-eabi/lib/thumb/v7-m\libc.a(lib_a-svfiscanf.o)
                0x0000adb4                _sungetc_r
 .text.__ssrefill_r
                0x0000ae34       0x3c c:/nxp/mcuxpressoide_10.1.0_589/ide/tools/bin/../lib/gcc/arm-none-eabi/6.3.1/../../../../arm-none-eabi/lib/thumb/v7-m\libc.a(lib_a-svfiscanf.o)
                0x0000ae34                __ssrefill_r
 .text._sfread_r
                0x0000ae70       0x80 c:/nxp/mcuxpressoide_10.1.0_589/ide/tools/bin/../lib/gcc/arm-none-eabi/6.3.1/../../../../arm-none-eabi/lib/thumb/v7-m\libc.a(lib_a-svfiscanf.o)
                0x0000ae70                _sfread_r
 .text.__submore
                0x0000aef0       0x7c c:/nxp/mcuxpressoide_10.1.0_589/ide/tools/bin/../lib/gcc/arm-none-eabi/6.3.1/../../../../arm-none-eabi/lib/thumb/v7-m\libc.a(lib_a-ungetc.o)
                0x0000aef0                __submore
 .text.__sprint_r.part.0
                0x0000af6c       0x80 c:/nxp/mcuxpressoide_10.1.0_589/ide/tools/bin/../lib/gcc/arm-none-eabi/6.3.1/../../../../arm-none-eabi/lib/thumb/v7-m\libc.a(lib_a-vfiprintf.o)
 .text.__sprint_r
                0x0000afec       0x14 c:/nxp/mcuxpressoide_10.1.0_589/ide/tools/bin/../lib/gcc/arm-none-eabi/6.3.1/../../../../arm-none-eabi/lib/thumb/v7-m\libc.a(lib_a-vfiprintf.o)
                0x0000afec                __sprint_r
 .text.__ascii_wctomb
                0x0000b000       0x18 c:/nxp/mcuxpressoide_10.1.0_589/ide/tools/bin/../lib/gcc/arm-none-eabi/6.3.1/../../../../arm-none-eabi/lib/thumb/v7-m\libc.a(lib_a-wctomb_r.o)
                0x0000b000                __ascii_wctomb
 .text._calloc_r
                0x0000b018       0x60 c:/nxp/mcuxpressoide_10.1.0_589/ide/tools/bin/../lib/gcc/arm-none-eabi/6.3.1/../../../../arm-none-eabi/lib/thumb/v7-m\libc.a(lib_a-callocr.o)
                0x0000b018                _calloc_r
 .text.__fputwc
                0x0000b078       0x98 c:/nxp/mcuxpressoide_10.1.0_589/ide/tools/bin/../lib/gcc/arm-none-eabi/6.3.1/../../../../arm-none-eabi/lib/thumb/v7-m\libc.a(lib_a-fputwc.o)
                0x0000b078                __fputwc
 .text._fputwc_r
                0x0000b110       0x68 c:/nxp/mcuxpressoide_10.1.0_589/ide/tools/bin/../lib/gcc/arm-none-eabi/6.3.1/../../../../arm-none-eabi/lib/thumb/v7-m\libc.a(lib_a-fputwc.o)
                0x0000b110                _fputwc_r
 .text.rshift   0x0000b178       0x98 c:/nxp/mcuxpressoide_10.1.0_589/ide/tools/bin/../lib/gcc/arm-none-eabi/6.3.1/../../../../arm-none-eabi/lib/thumb/v7-m\libc.a(lib_a-gdtoa-gethex.o)
 .text.__gethex
                0x0000b210      0x50c c:/nxp/mcuxpressoide_10.1.0_589/ide/tools/bin/../lib/gcc/arm-none-eabi/6.3.1/../../../../arm-none-eabi/lib/thumb/v7-m\libc.a(lib_a-gdtoa-gethex.o)
                0x0000b210                __gethex
 .text.__match  0x0000b71c       0x30 c:/nxp/mcuxpressoide_10.1.0_589/ide/tools/bin/../lib/gcc/arm-none-eabi/6.3.1/../../../../arm-none-eabi/lib/thumb/v7-m\libc.a(lib_a-gdtoa-hexnan.o)
                0x0000b71c                __match
 .text.__hexnan
                0x0000b74c      0x184 c:/nxp/mcuxpressoide_10.1.0_589/ide/tools/bin/../lib/gcc/arm-none-eabi/6.3.1/../../../../arm-none-eabi/lib/thumb/v7-m\libc.a(lib_a-gdtoa-hexnan.o)
                0x0000b74c                __hexnan
 .text._wcrtomb_r
                0x0000b8d0       0x54 c:/nxp/mcuxpressoide_10.1.0_589/ide/tools/bin/../lib/gcc/arm-none-eabi/6.3.1/../../../../arm-none-eabi/lib/thumb/v7-m\libc.a(lib_a-wcrtomb.o)
                0x0000b8d0                _wcrtomb_r
 .text._sbrk    0x0000b924       0x3c c:/nxp/mcuxpressoide_10.1.0_589/ide/tools/bin/../lib/gcc/arm-none-eabi/6.3.1/../../../../arm-none-eabi/lib/thumb/v7-m\libcr_newlib_nohost.a(_cr_sbrk.o)
                0x0000b924                _sbrk
 .text.__check_heap_overflow
                0x0000b960       0x18 c:/nxp/mcuxpressoide_10.1.0_589/ide/tools/bin/../lib/gcc/arm-none-eabi/6.3.1/../../../../arm-none-eabi/lib/thumb/v7-m\libcr_newlib_nohost.a(_cr_check_heap.o)
                0x0000b960                __check_heap_overflow
 .text          0x0000b978       0x6c c:/nxp/mcuxpressoide_10.1.0_589/ide/tools/bin/../lib/gcc/arm-none-eabi/6.3.1/thumb/v7-m\crtbegin.o
 .text          0x0000b9e4      0x370 c:/nxp/mcuxpressoide_10.1.0_589/ide/tools/bin/../lib/gcc/arm-none-eabi/6.3.1/thumb/v7-m\libgcc.a(_arm_addsubdf3.o)
                0x0000b9e4                __aeabi_drsub
                0x0000b9ec                __aeabi_dsub
                0x0000b9ec                __subdf3
                0x0000b9f0                __aeabi_dadd
                0x0000b9f0                __adddf3
                0x0000bc68                __floatunsidf
                0x0000bc68                __aeabi_ui2d
                0x0000bc88                __floatsidf
                0x0000bc88                __aeabi_i2d
                0x0000bcac                __aeabi_f2d
                0x0000bcac                __extendsfdf2
                0x0000bce8                __floatundidf
                0x0000bce8                __aeabi_ul2d
                0x0000bcf8                __floatdidf
                0x0000bcf8                __aeabi_l2d
 .text          0x0000bd54      0x424 c:/nxp/mcuxpressoide_10.1.0_589/ide/tools/bin/../lib/gcc/arm-none-eabi/6.3.1/thumb/v7-m\libgcc.a(_arm_muldivdf3.o)
                0x0000bd54                __aeabi_dmul
                0x0000bd54                __muldf3
                0x0000bfa8                __divdf3
                0x0000bfa8                __aeabi_ddiv
 .text          0x0000c178      0x110 c:/nxp/mcuxpressoide_10.1.0_589/ide/tools/bin/../lib/gcc/arm-none-eabi/6.3.1/thumb/v7-m\libgcc.a(_arm_cmpdf2.o)
                0x0000c178                __gtdf2
                0x0000c178                __gedf2
                0x0000c180                __ltdf2
                0x0000c180                __ledf2
                0x0000c188                __nedf2
                0x0000c188                __eqdf2
                0x0000c188                __cmpdf2
                0x0000c204                __aeabi_cdrcmple
                0x0000c214                __aeabi_cdcmpeq
                0x0000c214                __aeabi_cdcmple
                0x0000c224                __aeabi_dcmpeq
                0x0000c238                __aeabi_dcmplt
                0x0000c24c                __aeabi_dcmple
                0x0000c260                __aeabi_dcmpge
                0x0000c274                __aeabi_dcmpgt
 .text          0x0000c288       0x2c c:/nxp/mcuxpressoide_10.1.0_589/ide/tools/bin/../lib/gcc/arm-none-eabi/6.3.1/thumb/v7-m\libgcc.a(_arm_unorddf2.o)
                0x0000c288                __unorddf2
                0x0000c288                __aeabi_dcmpun
 .text          0x0000c2b4       0x50 c:/nxp/mcuxpressoide_10.1.0_589/ide/tools/bin/../lib/gcc/arm-none-eabi/6.3.1/thumb/v7-m\libgcc.a(_arm_fixdfsi.o)
                0x0000c2b4                __aeabi_d2iz
                0x0000c2b4                __fixdfsi
 .text          0x0000c304       0x40 c:/nxp/mcuxpressoide_10.1.0_589/ide/tools/bin/../lib/gcc/arm-none-eabi/6.3.1/thumb/v7-m\libgcc.a(_arm_fixunsdfsi.o)
                0x0000c304                __aeabi_d2uiz
                0x0000c304                __fixunsdfsi
 .text          0x0000c344       0xa0 c:/nxp/mcuxpressoide_10.1.0_589/ide/tools/bin/../lib/gcc/arm-none-eabi/6.3.1/thumb/v7-m\libgcc.a(_arm_truncdfsf2.o)
                0x0000c344                __truncdfsf2
                0x0000c344                __aeabi_d2f
 *(.rodata .rodata.*)
 .rodata.gpio_write.str1.1
                0x0000c3e4       0xa4 ./main.o
 .rodata.str1.4
                0x0000c488       0x80 C:/Users/AGATSUMA/Documents/MCUXpressoIDE_10.1.0_589/workspace/TestProject_ver8/mbed/TARGET_LPC1768/TOOLCHAIN_GCC_CR/board.o
 .rodata.__stdin_name
                0x0000c508        0x8 C:/Users/AGATSUMA/Documents/MCUXpressoIDE_10.1.0_589/workspace/TestProject_ver8/mbed/TARGET_LPC1768/TOOLCHAIN_GCC_CR/retarget.o
                0x0000c508                __stdin_name
 .rodata.__stderr_name
                0x0000c510        0x8 C:/Users/AGATSUMA/Documents/MCUXpressoIDE_10.1.0_589/workspace/TestProject_ver8/mbed/TARGET_LPC1768/TOOLCHAIN_GCC_CR/retarget.o
                0x0000c510                __stderr_name
 .rodata.__stdout_name
                0x0000c518        0x8 C:/Users/AGATSUMA/Documents/MCUXpressoIDE_10.1.0_589/workspace/TestProject_ver8/mbed/TARGET_LPC1768/TOOLCHAIN_GCC_CR/retarget.o
                0x0000c518                __stdout_name
 .rodata._ZTVN4mbed10FileHandleE
                0x0000c520       0x30 C:/Users/AGATSUMA/Documents/MCUXpressoIDE_10.1.0_589/workspace/TestProject_ver8/mbed/TARGET_LPC1768/TOOLCHAIN_GCC_CR/retarget.o
                0x0000c520                vtable for mbed::FileHandle
 .rodata.str1.4
                0x0000c550        0xe C:/Users/AGATSUMA/Documents/MCUXpressoIDE_10.1.0_589/workspace/TestProject_ver8/mbed/TARGET_LPC1768/TOOLCHAIN_GCC_CR/retarget.o
                                 0x10 (size before relaxing)
 *fill*         0x0000c55e        0x2 ff
 .rodata.PinMap_UART_RTS
                0x0000c560       0x24 C:\Users\AGATSUMA\Documents\MCUXpressoIDE_10.1.0_589\workspace\TestProject_ver8\mbed\TARGET_LPC1768\TOOLCHAIN_GCC_CR\libmbed.a(serial_api.o)
 .rodata.CSWTCH.24
                0x0000c584       0x10 C:\Users\AGATSUMA\Documents\MCUXpressoIDE_10.1.0_589\workspace\TestProject_ver8\mbed\TARGET_LPC1768\TOOLCHAIN_GCC_CR\libmbed.a(serial_api.o)
 .rodata.PinMap_UART_RX
                0x0000c594       0x6c C:\Users\AGATSUMA\Documents\MCUXpressoIDE_10.1.0_589\workspace\TestProject_ver8\mbed\TARGET_LPC1768\TOOLCHAIN_GCC_CR\libmbed.a(serial_api.o)
 .rodata.str1.4
                0x0000c600      0x1d0 C:\Users\AGATSUMA\Documents\MCUXpressoIDE_10.1.0_589\workspace\TestProject_ver8\mbed\TARGET_LPC1768\TOOLCHAIN_GCC_CR\libmbed.a(serial_api.o)
                                0x1e8 (size before relaxing)
 .rodata.PinMap_UART_TX
                0x0000c7d0       0x6c C:\Users\AGATSUMA\Documents\MCUXpressoIDE_10.1.0_589\workspace\TestProject_ver8\mbed\TARGET_LPC1768\TOOLCHAIN_GCC_CR\libmbed.a(serial_api.o)
 .rodata.PinMap_UART_CTS
                0x0000c83c       0x24 C:\Users\AGATSUMA\Documents\MCUXpressoIDE_10.1.0_589\workspace\TestProject_ver8\mbed\TARGET_LPC1768\TOOLCHAIN_GCC_CR\libmbed.a(serial_api.o)
 .rodata._ZTVN4mbed10SerialBaseE
                0x0000c860       0x10 C:\Users\AGATSUMA\Documents\MCUXpressoIDE_10.1.0_589\workspace\TestProject_ver8\mbed\TARGET_LPC1768\TOOLCHAIN_GCC_CR\libmbed.a(Serial.o)
                0x0000c860                vtable for mbed::SerialBase
 .rodata._ZTVN4mbed6SerialE
                0x0000c870       0x60 C:\Users\AGATSUMA\Documents\MCUXpressoIDE_10.1.0_589\workspace\TestProject_ver8\mbed\TARGET_LPC1768\TOOLCHAIN_GCC_CR\libmbed.a(Serial.o)
                0x0000c870                vtable for mbed::Serial
 .rodata._ZTVN4mbed6StreamE
                0x0000c8d0       0x48 C:\Users\AGATSUMA\Documents\MCUXpressoIDE_10.1.0_589\workspace\TestProject_ver8\mbed\TARGET_LPC1768\TOOLCHAIN_GCC_CR\libmbed.a(Stream.o)
                0x0000c8d0                vtable for mbed::Stream
 .rodata.str1.4
                0x0000c918        0x3 C:\Users\AGATSUMA\Documents\MCUXpressoIDE_10.1.0_589\workspace\TestProject_ver8\mbed\TARGET_LPC1768\TOOLCHAIN_GCC_CR\libmbed.a(Stream.o)
                                  0x8 (size before relaxing)
 *fill*         0x0000c91b        0x1 ff
 .rodata.str1.4
                0x0000c91c       0x31 C:\Users\AGATSUMA\Documents\MCUXpressoIDE_10.1.0_589\workspace\TestProject_ver8\mbed\TARGET_LPC1768\TOOLCHAIN_GCC_CR\libmbed.a(assert.o)
                                 0x34 (size before relaxing)
 .rodata.str1.4
                0x0000c94d       0x80 C:\Users\AGATSUMA\Documents\MCUXpressoIDE_10.1.0_589\workspace\TestProject_ver8\mbed\TARGET_LPC1768\TOOLCHAIN_GCC_CR\libmbed.a(gpio.o)
 *fill*         0x0000c94d        0x3 ff
 .rodata.str1.4
                0x0000c950       0x66 C:\Users\AGATSUMA\Documents\MCUXpressoIDE_10.1.0_589\workspace\TestProject_ver8\mbed\TARGET_LPC1768\TOOLCHAIN_GCC_CR\libmbed.a(pinmap_common.o)
                                 0x68 (size before relaxing)
 *fill*         0x0000c9b6        0x2 ff
 .rodata.str1.4
                0x0000c9b8       0x7a C:\Users\AGATSUMA\Documents\MCUXpressoIDE_10.1.0_589\workspace\TestProject_ver8\mbed\TARGET_LPC1768\TOOLCHAIN_GCC_CR\libmbed.a(gpio_api.o)
                                 0x94 (size before relaxing)
 *fill*         0x0000ca32        0x2 ff
 .rodata.str1.4
                0x0000ca34       0x64 C:\Users\AGATSUMA\Documents\MCUXpressoIDE_10.1.0_589\workspace\TestProject_ver8\mbed\TARGET_LPC1768\TOOLCHAIN_GCC_CR\libmbed.a(pinmap.o)
                                 0x78 (size before relaxing)
 .rodata._ZTVN4mbed8FileLikeE
                0x0000ca98       0x40 C:\Users\AGATSUMA\Documents\MCUXpressoIDE_10.1.0_589\workspace\TestProject_ver8\mbed\TARGET_LPC1768\TOOLCHAIN_GCC_CR\libmbed.a(FileLike.o)
                0x0000ca98                vtable for mbed::FileLike
 .rodata._ZTVN4mbed8FileBaseE
                0x0000cad8       0x10 C:\Users\AGATSUMA\Documents\MCUXpressoIDE_10.1.0_589\workspace\TestProject_ver8\mbed\TARGET_LPC1768\TOOLCHAIN_GCC_CR\libmbed.a(FileBase.o)
                0x0000cad8                vtable for mbed::FileBase
 .rodata.us_interface
                0x0000cae8       0x14 C:\Users\AGATSUMA\Documents\MCUXpressoIDE_10.1.0_589\workspace\TestProject_ver8\mbed\TARGET_LPC1768\TOOLCHAIN_GCC_CR\libmbed.a(us_ticker_api.o)
 .rodata.us_data
                0x0000cafc        0x8 C:\Users\AGATSUMA\Documents\MCUXpressoIDE_10.1.0_589\workspace\TestProject_ver8\mbed\TARGET_LPC1768\TOOLCHAIN_GCC_CR\libmbed.a(us_ticker_api.o)
 .rodata._global_impure_ptr
                0x0000cb04        0x4 c:/nxp/mcuxpressoide_10.1.0_589/ide/tools/bin/../lib/gcc/arm-none-eabi/6.3.1/../../../../arm-none-eabi/lib/thumb/v7-m\libc.a(lib_a-impure.o)
                0x0000cb04                _global_impure_ptr
 .rodata._svfprintf_r.str1.4
                0x0000cb08       0x42 c:/nxp/mcuxpressoide_10.1.0_589/ide/tools/bin/../lib/gcc/arm-none-eabi/6.3.1/../../../../arm-none-eabi/lib/thumb/v7-m\libc.a(lib_a-svfprintf.o)
 *fill*         0x0000cb4a        0x2 ff
 .rodata.blanks.7223
                0x0000cb4c       0x10 c:/nxp/mcuxpressoide_10.1.0_589/ide/tools/bin/../lib/gcc/arm-none-eabi/6.3.1/../../../../arm-none-eabi/lib/thumb/v7-m\libc.a(lib_a-svfprintf.o)
 .rodata.zeroes.7224
                0x0000cb5c       0x10 c:/nxp/mcuxpressoide_10.1.0_589/ide/tools/bin/../lib/gcc/arm-none-eabi/6.3.1/../../../../arm-none-eabi/lib/thumb/v7-m\libc.a(lib_a-svfprintf.o)
 .rodata.__ssvfscanf_r.str1.4
                0x0000cb6c        0x5 c:/nxp/mcuxpressoide_10.1.0_589/ide/tools/bin/../lib/gcc/arm-none-eabi/6.3.1/../../../../arm-none-eabi/lib/thumb/v7-m\libc.a(lib_a-svfscanf.o)
 *fill*         0x0000cb71        0x3 ff
 .rodata.basefix.7294
                0x0000cb74       0x22 c:/nxp/mcuxpressoide_10.1.0_589/ide/tools/bin/../lib/gcc/arm-none-eabi/6.3.1/../../../../arm-none-eabi/lib/thumb/v7-m\libc.a(lib_a-svfscanf.o)
 .rodata._vfprintf_r.str1.4
                0x0000cb96       0x42 c:/nxp/mcuxpressoide_10.1.0_589/ide/tools/bin/../lib/gcc/arm-none-eabi/6.3.1/../../../../arm-none-eabi/lib/thumb/v7-m\libc.a(lib_a-vfprintf.o)
 *fill*         0x0000cb96        0x2 ff
 .rodata.blanks.7238
                0x0000cb98       0x10 c:/nxp/mcuxpressoide_10.1.0_589/ide/tools/bin/../lib/gcc/arm-none-eabi/6.3.1/../../../../arm-none-eabi/lib/thumb/v7-m\libc.a(lib_a-vfprintf.o)
 .rodata.zeroes.7239
                0x0000cba8       0x10 c:/nxp/mcuxpressoide_10.1.0_589/ide/tools/bin/../lib/gcc/arm-none-eabi/6.3.1/../../../../arm-none-eabi/lib/thumb/v7-m\libc.a(lib_a-vfprintf.o)
 .rodata._dtoa_r.str1.4
                0x0000cbb8       0x10 c:/nxp/mcuxpressoide_10.1.0_589/ide/tools/bin/../lib/gcc/arm-none-eabi/6.3.1/../../../../arm-none-eabi/lib/thumb/v7-m\libc.a(lib_a-dtoa.o)
                                 0x12 (size before relaxing)
 .rodata._setlocale_r.str1.4
                0x0000cbc8        0xa c:/nxp/mcuxpressoide_10.1.0_589/ide/tools/bin/../lib/gcc/arm-none-eabi/6.3.1/../../../../arm-none-eabi/lib/thumb/v7-m\libc.a(lib_a-locale.o)
                                  0xd (size before relaxing)
 *fill*         0x0000cbd2        0x2 ff
 .rodata.str1.4
                0x0000cbd4        0x2 c:/nxp/mcuxpressoide_10.1.0_589/ide/tools/bin/../lib/gcc/arm-none-eabi/6.3.1/../../../../arm-none-eabi/lib/thumb/v7-m\libc.a(lib_a-locale.o)
 .rodata._mbrtowc_r.str1.4
                0x0000cbd6        0x1 c:/nxp/mcuxpressoide_10.1.0_589/ide/tools/bin/../lib/gcc/arm-none-eabi/6.3.1/../../../../arm-none-eabi/lib/thumb/v7-m\libc.a(lib_a-mbrtowc.o)
 *fill*         0x0000cbd6        0x2 ff
 .rodata.__mprec_bigtens
                0x0000cbd8       0x28 c:/nxp/mcuxpressoide_10.1.0_589/ide/tools/bin/../lib/gcc/arm-none-eabi/6.3.1/../../../../arm-none-eabi/lib/thumb/v7-m\libc.a(lib_a-mprec.o)
                0x0000cbd8                __mprec_bigtens
 .rodata.__mprec_tens
                0x0000cc00       0xc8 c:/nxp/mcuxpressoide_10.1.0_589/ide/tools/bin/../lib/gcc/arm-none-eabi/6.3.1/../../../../arm-none-eabi/lib/thumb/v7-m\libc.a(lib_a-mprec.o)
                0x0000cc00                __mprec_tens
 .rodata.p05.6055
                0x0000ccc8        0xc c:/nxp/mcuxpressoide_10.1.0_589/ide/tools/bin/../lib/gcc/arm-none-eabi/6.3.1/../../../../arm-none-eabi/lib/thumb/v7-m\libc.a(lib_a-mprec.o)
 .rodata._strtod_l.str1.4
                0x0000ccd4       0x10 c:/nxp/mcuxpressoide_10.1.0_589/ide/tools/bin/../lib/gcc/arm-none-eabi/6.3.1/../../../../arm-none-eabi/lib/thumb/v7-m\libc.a(lib_a-strtod.o)
                                  0xf (size before relaxing)
 .rodata.fpi.6141
                0x0000cce4       0x14 c:/nxp/mcuxpressoide_10.1.0_589/ide/tools/bin/../lib/gcc/arm-none-eabi/6.3.1/../../../../arm-none-eabi/lib/thumb/v7-m\libc.a(lib_a-strtod.o)
 .rodata.fpinan.6177
                0x0000ccf8       0x14 c:/nxp/mcuxpressoide_10.1.0_589/ide/tools/bin/../lib/gcc/arm-none-eabi/6.3.1/../../../../arm-none-eabi/lib/thumb/v7-m\libc.a(lib_a-strtod.o)
 *fill*         0x0000cd0c        0x4 ff
 .rodata.tinytens
                0x0000cd10       0x28 c:/nxp/mcuxpressoide_10.1.0_589/ide/tools/bin/../lib/gcc/arm-none-eabi/6.3.1/../../../../arm-none-eabi/lib/thumb/v7-m\libc.a(lib_a-strtod.o)
 .rodata._ctype_
                0x0000cd38      0x101 c:/nxp/mcuxpressoide_10.1.0_589/ide/tools/bin/../lib/gcc/arm-none-eabi/6.3.1/../../../../arm-none-eabi/lib/thumb/v7-m\libc.a(lib_a-ctype_.o)
                0x0000cd38                _ctype_
 *fill*         0x0000ce39        0x3 ff
 .rodata.__hexdig
                0x0000ce3c      0x100 c:/nxp/mcuxpressoide_10.1.0_589/ide/tools/bin/../lib/gcc/arm-none-eabi/6.3.1/../../../../arm-none-eabi/lib/thumb/v7-m\libc.a(lib_a-gdtoa-gethex.o)
                0x0000ce3c                __hexdig
                0x0000cf3c                . = ALIGN (0x4)
                0x0000cf3c                . = ALIGN (0x4)
 *(.init)
 .init          0x0000cf3c        0x4 c:/nxp/mcuxpressoide_10.1.0_589/ide/tools/bin/../lib/gcc/arm-none-eabi/6.3.1/thumb/v7-m\crti.o
                0x0000cf3c                _init
 .init          0x0000cf40        0x8 c:/nxp/mcuxpressoide_10.1.0_589/ide/tools/bin/../lib/gcc/arm-none-eabi/6.3.1/thumb/v7-m\crtn.o
                0x0000cf48                . = ALIGN (0x4)
                0x0000cf48                __preinit_array_start = .
 *(.preinit_array)
                0x0000cf48                __preinit_array_end = .
                0x0000cf48                . = ALIGN (0x4)
                0x0000cf48                __init_array_start = .
 *(SORT(.init_array.*))
 *(.init_array)
 .init_array    0x0000cf48        0x4 ./main.o
 .init_array    0x0000cf4c        0x4 c:/nxp/mcuxpressoide_10.1.0_589/ide/tools/bin/../lib/gcc/arm-none-eabi/6.3.1/thumb/v7-m\crtbegin.o
                0x0000cf50                __init_array_end = .
 *(.fini)
 .fini          0x0000cf50        0x4 c:/nxp/mcuxpressoide_10.1.0_589/ide/tools/bin/../lib/gcc/arm-none-eabi/6.3.1/thumb/v7-m\crti.o
                0x0000cf50                _fini
 .fini          0x0000cf54        0x8 c:/nxp/mcuxpressoide_10.1.0_589/ide/tools/bin/../lib/gcc/arm-none-eabi/6.3.1/thumb/v7-m\crtn.o
                0x0000cf5c                . = ALIGN (0x4)
 *crtbegin.o(.ctors)
 *(EXCLUDE_FILE(*crtend.o) .ctors)
 *(SORT(.ctors.*))
 *crtend.o(.ctors)
                0x0000cf5c                . = ALIGN (0x4)
 *crtbegin.o(.dtors)
 *(EXCLUDE_FILE(*crtend.o) .dtors)
 *(SORT(.dtors.*))
 *crtend.o(.dtors)

.glue_7         0x0000cf5c        0x0
 .glue_7        0x0000cf5c        0x0 linker stubs

.glue_7t        0x0000cf5c        0x0
 .glue_7t       0x0000cf5c        0x0 linker stubs

.vfp11_veneer   0x0000cf5c        0x0
 .vfp11_veneer  0x0000cf5c        0x0 linker stubs

.v4_bx          0x0000cf5c        0x0
 .v4_bx         0x0000cf5c        0x0 linker stubs

.iplt           0x0000cf5c        0x0
 .iplt          0x0000cf5c        0x0 ./main.o

.ARM.extab
 *(.ARM.extab* .gnu.linkonce.armextab.*)
                0x0000cf5c                __exidx_start = .

.ARM.exidx      0x0000cf5c        0x8
 *(.ARM.exidx* .gnu.linkonce.armexidx.*)
 .ARM.exidx     0x0000cf5c        0x8 c:/nxp/mcuxpressoide_10.1.0_589/ide/tools/bin/../lib/gcc/arm-none-eabi/6.3.1/thumb/v7-m\libgcc.a(_udivmoddi4.o)
                0x0000cf64                __exidx_end = .
                0x0000cf64                _etext = .

.rel.dyn        0x0000cf64        0x0
 .rel.iplt      0x0000cf64        0x0 ./main.o

.eh_frame       0x0000cf64        0x0
 .eh_frame      0x0000cf64        0x0 c:/nxp/mcuxpressoide_10.1.0_589/ide/tools/bin/../lib/gcc/arm-none-eabi/6.3.1/thumb/v7-m\crtbegin.o

.data_RAM2      0x2007c000        0x0 load address 0x0000cf64
 FILL mask 0xff
 *(.data.$RAM2*)
 *(.data.$RamAHB32*)
                0x2007c000                . = ALIGN (0x4)

.uninit_RESERVED
 *(.bss.$RESERVED*)

.data           0x100000c8      0x9b0 load address 0x0000cf64
 FILL mask 0xff
                0x100000c8                _data = .
 *(vtable)
 *(.data*)
 .data.SystemCoreClock
                0x100000c8        0x4 C:/Users/AGATSUMA/Documents/MCUXpressoIDE_10.1.0_589/workspace/TestProject_ver8/mbed/TARGET_LPC1768/TOOLCHAIN_GCC_CR/system_LPC17xx.o
                0x100000c8                SystemCoreClock
 .data._impure_ptr
                0x100000cc        0x4 c:/nxp/mcuxpressoide_10.1.0_589/ide/tools/bin/../lib/gcc/arm-none-eabi/6.3.1/../../../../arm-none-eabi/lib/thumb/v7-m\libc.a(lib_a-impure.o)
                0x100000cc                _impure_ptr
 .data.impure_data
                0x100000d0      0x428 c:/nxp/mcuxpressoide_10.1.0_589/ide/tools/bin/../lib/gcc/arm-none-eabi/6.3.1/../../../../arm-none-eabi/lib/thumb/v7-m\libc.a(lib_a-impure.o)
 .data.__malloc_av_
                0x100004f8      0x408 c:/nxp/mcuxpressoide_10.1.0_589/ide/tools/bin/../lib/gcc/arm-none-eabi/6.3.1/../../../../arm-none-eabi/lib/thumb/v7-m\libc.a(lib_a-mallocr.o)
                0x100004f8                __malloc_av_
 .data.__malloc_sbrk_base
                0x10000900        0x4 c:/nxp/mcuxpressoide_10.1.0_589/ide/tools/bin/../lib/gcc/arm-none-eabi/6.3.1/../../../../arm-none-eabi/lib/thumb/v7-m\libc.a(lib_a-mallocr.o)
                0x10000900                __malloc_sbrk_base
 .data.__malloc_trim_threshold
                0x10000904        0x4 c:/nxp/mcuxpressoide_10.1.0_589/ide/tools/bin/../lib/gcc/arm-none-eabi/6.3.1/../../../../arm-none-eabi/lib/thumb/v7-m\libc.a(lib_a-mallocr.o)
                0x10000904                __malloc_trim_threshold
 .data.__global_locale
                0x10000908      0x16c c:/nxp/mcuxpressoide_10.1.0_589/ide/tools/bin/../lib/gcc/arm-none-eabi/6.3.1/../../../../arm-none-eabi/lib/thumb/v7-m\libc.a(lib_a-locale.o)
                0x10000908                __global_locale
 .data          0x10000a74        0x4 c:/nxp/mcuxpressoide_10.1.0_589/ide/tools/bin/../lib/gcc/arm-none-eabi/6.3.1/thumb/v7-m\crtbegin.o
                0x10000a74                __dso_handle
                0x10000a78                . = ALIGN (0x4)
                0x10000a78                _edata = .

.igot.plt       0x10000a78        0x0 load address 0x0000d914
 .igot.plt      0x10000a78        0x0 ./main.o

.jcr            0x10000a78        0x0 load address 0x0000d914
 .jcr           0x10000a78        0x0 c:/nxp/mcuxpressoide_10.1.0_589/ide/tools/bin/../lib/gcc/arm-none-eabi/6.3.1/thumb/v7-m\crtbegin.o

.bss_RAM2       0x2007c000        0x0
 *(.bss.$RAM2*)
 *(.bss.$RamAHB32*)
 *(AHBSRAM0)
                0x2007c000                . = ALIGN (0x4)

.bss_RAM3       0x20080000        0x0
 *(AHBSRAM1)
                0x20080000                . = ALIGN (0x4)

.bss            0x10000a78      0x34c
                0x10000a78                _bss = .
 *(.bss*)
 .bss.InData    0x10000a78       0x2c ./main.o
                0x10000a78                InData
 .bss.ch1       0x10000aa4       0x58 ./main.o
                0x10000aa4                ch1
 .bss.debugG    0x10000afc       0x18 ./main.o
                0x10000afc                debugG
 .bss.debugR    0x10000b14       0x18 ./main.o
                0x10000b14                debugR
 .bss.debugY    0x10000b2c       0x18 ./main.o
                0x10000b2c                debugY
 .bss.sum       0x10000b44        0x4 ./main.o
                0x10000b44                sum
 .bss._ZL11filehandles
                0x10000b48      0x100 C:/Users/AGATSUMA/Documents/MCUXpressoIDE_10.1.0_589/workspace/TestProject_ver8/mbed/TARGET_LPC1768/TOOLCHAIN_GCC_CR/retarget.o
 .bss.stdio_uart_inited
                0x10000c48        0x4 C:\Users\AGATSUMA\Documents\MCUXpressoIDE_10.1.0_589\workspace\TestProject_ver8\mbed\TARGET_LPC1768\TOOLCHAIN_GCC_CR\libmbed.a(serial_api.o)
                0x10000c48                stdio_uart_inited
 .bss.irq_handler
                0x10000c4c        0x4 C:\Users\AGATSUMA\Documents\MCUXpressoIDE_10.1.0_589\workspace\TestProject_ver8\mbed\TARGET_LPC1768\TOOLCHAIN_GCC_CR\libmbed.a(serial_api.o)
 .bss.uart_data
                0x10000c50       0xe0 C:\Users\AGATSUMA\Documents\MCUXpressoIDE_10.1.0_589\workspace\TestProject_ver8\mbed\TARGET_LPC1768\TOOLCHAIN_GCC_CR\libmbed.a(serial_api.o)
 .bss.us_ticker_inited
                0x10000d30        0x4 C:\Users\AGATSUMA\Documents\MCUXpressoIDE_10.1.0_589\workspace\TestProject_ver8\mbed\TARGET_LPC1768\TOOLCHAIN_GCC_CR\libmbed.a(us_ticker.o)
                0x10000d30                us_ticker_inited
 .bss._ZN4mbed8FileBase5_headE
                0x10000d34        0x4 C:\Users\AGATSUMA\Documents\MCUXpressoIDE_10.1.0_589\workspace\TestProject_ver8\mbed\TARGET_LPC1768\TOOLCHAIN_GCC_CR\libmbed.a(FileBase.o)
                0x10000d34                mbed::FileBase::_head
 .bss.events    0x10000d38        0x8 C:\Users\AGATSUMA\Documents\MCUXpressoIDE_10.1.0_589\workspace\TestProject_ver8\mbed\TARGET_LPC1768\TOOLCHAIN_GCC_CR\libmbed.a(us_ticker_api.o)
 .bss.__malloc_current_mallinfo
                0x10000d40       0x28 c:/nxp/mcuxpressoide_10.1.0_589/ide/tools/bin/../lib/gcc/arm-none-eabi/6.3.1/../../../../arm-none-eabi/lib/thumb/v7-m\libc.a(lib_a-mallocr.o)
                0x10000d40                __malloc_current_mallinfo
 .bss.__malloc_max_sbrked_mem
                0x10000d68        0x4 c:/nxp/mcuxpressoide_10.1.0_589/ide/tools/bin/../lib/gcc/arm-none-eabi/6.3.1/../../../../arm-none-eabi/lib/thumb/v7-m\libc.a(lib_a-mallocr.o)
                0x10000d68                __malloc_max_sbrked_mem
 .bss.__malloc_max_total_mem
                0x10000d6c        0x4 c:/nxp/mcuxpressoide_10.1.0_589/ide/tools/bin/../lib/gcc/arm-none-eabi/6.3.1/../../../../arm-none-eabi/lib/thumb/v7-m\libc.a(lib_a-mallocr.o)
                0x10000d6c                __malloc_max_total_mem
 .bss.__malloc_top_pad
                0x10000d70        0x4 c:/nxp/mcuxpressoide_10.1.0_589/ide/tools/bin/../lib/gcc/arm-none-eabi/6.3.1/../../../../arm-none-eabi/lib/thumb/v7-m\libc.a(lib_a-mallocr.o)
                0x10000d70                __malloc_top_pad
 .bss.__end_of_heap
                0x10000d74        0x4 c:/nxp/mcuxpressoide_10.1.0_589/ide/tools/bin/../lib/gcc/arm-none-eabi/6.3.1/../../../../arm-none-eabi/lib/thumb/v7-m\libcr_newlib_nohost.a(_cr_sbrk.o)
                0x10000d74                __end_of_heap
 .bss           0x10000d78       0x1c c:/nxp/mcuxpressoide_10.1.0_589/ide/tools/bin/../lib/gcc/arm-none-eabi/6.3.1/thumb/v7-m\crtbegin.o
 *(COMMON)
 COMMON         0x10000d94        0x8 C:\Users\AGATSUMA\Documents\MCUXpressoIDE_10.1.0_589\workspace\TestProject_ver8\mbed\TARGET_LPC1768\TOOLCHAIN_GCC_CR\libmbed.a(serial_api.o)
                0x10000d94                stdio_uart
 COMMON         0x10000d9c       0x21 c:/nxp/mcuxpressoide_10.1.0_589/ide/tools/bin/../lib/gcc/arm-none-eabi/6.3.1/../../../../arm-none-eabi/lib/thumb/v7-m\libc.a(lib_a-lock.o)
                0x10000d9c                __lock___atexit_recursive_mutex
                0x10000da0                __lock___arc4random_mutex
                0x10000da4                __lock___env_recursive_mutex
                0x10000da8                __lock___sinit_recursive_mutex
                0x10000dac                __lock___malloc_recursive_mutex
                0x10000db0                __lock___at_quick_exit_mutex
                0x10000db4                __lock___dd_hash_mutex
                0x10000db8                __lock___tz_mutex
                0x10000dbc                __lock___sfp_recursive_mutex