Archive member included to satisfy reference by file (symbol)

C:\Users\AGATSUMA\Documents\LPCXpresso_8.2.2_650\workspace\TestProject_ver2.1\mbed\TARGET_LPC1768\TOOLCHAIN_GCC_CR\libmbed.a(pwmout_api.o)
                              ./main.o (pwmout_write)
C:\Users\AGATSUMA\Documents\LPCXpresso_8.2.2_650\workspace\TestProject_ver2.1\mbed\TARGET_LPC1768\TOOLCHAIN_GCC_CR\libmbed.a(serial_api.o)
                              C:/Users/AGATSUMA/Documents/LPCXpresso_8.2.2_650/workspace/TestProject_ver2.1/mbed/TARGET_LPC1768/TOOLCHAIN_GCC_CR/retarget.o (serial_getc)
C:\Users\AGATSUMA\Documents\LPCXpresso_8.2.2_650\workspace\TestProject_ver2.1\mbed\TARGET_LPC1768\TOOLCHAIN_GCC_CR\libmbed.a(FilePath.o)
                              C:/Users/AGATSUMA/Documents/LPCXpresso_8.2.2_650/workspace/TestProject_ver2.1/mbed/TARGET_LPC1768/TOOLCHAIN_GCC_CR/retarget.o (mbed::FilePath::FilePath(char const*))
C:\Users\AGATSUMA\Documents\LPCXpresso_8.2.2_650\workspace\TestProject_ver2.1\mbed\TARGET_LPC1768\TOOLCHAIN_GCC_CR\libmbed.a(FileSystemLike.o)
                              C:/Users/AGATSUMA/Documents/LPCXpresso_8.2.2_650/workspace/TestProject_ver2.1/mbed/TARGET_LPC1768/TOOLCHAIN_GCC_CR/retarget.o (mbed::FileSystemLike::opendir())
C:\Users\AGATSUMA\Documents\LPCXpresso_8.2.2_650\workspace\TestProject_ver2.1\mbed\TARGET_LPC1768\TOOLCHAIN_GCC_CR\libmbed.a(Serial.o)
                              ./main.o (mbed::Serial::Serial(PinName, PinName, char const*))
C:\Users\AGATSUMA\Documents\LPCXpresso_8.2.2_650\workspace\TestProject_ver2.1\mbed\TARGET_LPC1768\TOOLCHAIN_GCC_CR\libmbed.a(SerialBase.o)
                              C:\Users\AGATSUMA\Documents\LPCXpresso_8.2.2_650\workspace\TestProject_ver2.1\mbed\TARGET_LPC1768\TOOLCHAIN_GCC_CR\libmbed.a(Serial.o) (mbed::SerialBase::SerialBase(PinName, PinName))
C:\Users\AGATSUMA\Documents\LPCXpresso_8.2.2_650\workspace\TestProject_ver2.1\mbed\TARGET_LPC1768\TOOLCHAIN_GCC_CR\libmbed.a(Stream.o)
                              C:\Users\AGATSUMA\Documents\LPCXpresso_8.2.2_650\workspace\TestProject_ver2.1\mbed\TARGET_LPC1768\TOOLCHAIN_GCC_CR\libmbed.a(Serial.o) (mbed::Stream::close())
C:\Users\AGATSUMA\Documents\LPCXpresso_8.2.2_650\workspace\TestProject_ver2.1\mbed\TARGET_LPC1768\TOOLCHAIN_GCC_CR\libmbed.a(assert.o)
                              ./main.o (mbed_assert_internal)
C:\Users\AGATSUMA\Documents\LPCXpresso_8.2.2_650\workspace\TestProject_ver2.1\mbed\TARGET_LPC1768\TOOLCHAIN_GCC_CR\libmbed.a(error.o)
                              C:/Users/AGATSUMA/Documents/LPCXpresso_8.2.2_650/workspace/TestProject_ver2.1/mbed/TARGET_LPC1768/TOOLCHAIN_GCC_CR/retarget.o (error)
C:\Users\AGATSUMA\Documents\LPCXpresso_8.2.2_650\workspace\TestProject_ver2.1\mbed\TARGET_LPC1768\TOOLCHAIN_GCC_CR\libmbed.a(gpio.o)
                              C:\Users\AGATSUMA\Documents\LPCXpresso_8.2.2_650\workspace\TestProject_ver2.1\mbed\TARGET_LPC1768\TOOLCHAIN_GCC_CR\libmbed.a(serial_api.o) (gpio_init_in)
C:\Users\AGATSUMA\Documents\LPCXpresso_8.2.2_650\workspace\TestProject_ver2.1\mbed\TARGET_LPC1768\TOOLCHAIN_GCC_CR\libmbed.a(mbed_interface.o)
                              C:/Users/AGATSUMA/Documents/LPCXpresso_8.2.2_650/workspace/TestProject_ver2.1/mbed/TARGET_LPC1768/TOOLCHAIN_GCC_CR/retarget.o (mbed_interface_connected)
C:\Users\AGATSUMA\Documents\LPCXpresso_8.2.2_650\workspace\TestProject_ver2.1\mbed\TARGET_LPC1768\TOOLCHAIN_GCC_CR\libmbed.a(pinmap_common.o)
                              C:\Users\AGATSUMA\Documents\LPCXpresso_8.2.2_650\workspace\TestProject_ver2.1\mbed\TARGET_LPC1768\TOOLCHAIN_GCC_CR\libmbed.a(pwmout_api.o) (pinmap_pinout)
C:\Users\AGATSUMA\Documents\LPCXpresso_8.2.2_650\workspace\TestProject_ver2.1\mbed\TARGET_LPC1768\TOOLCHAIN_GCC_CR\libmbed.a(semihost_api.o)
                              C:/Users/AGATSUMA/Documents/LPCXpresso_8.2.2_650/workspace/TestProject_ver2.1/mbed/TARGET_LPC1768/TOOLCHAIN_GCC_CR/retarget.o (semihost_exit)
C:\Users\AGATSUMA\Documents\LPCXpresso_8.2.2_650\workspace\TestProject_ver2.1\mbed\TARGET_LPC1768\TOOLCHAIN_GCC_CR\libmbed.a(wait_api.o)
                              C:\Users\AGATSUMA\Documents\LPCXpresso_8.2.2_650\workspace\TestProject_ver2.1\mbed\TARGET_LPC1768\TOOLCHAIN_GCC_CR\libmbed.a(SerialBase.o) (wait_us)
C:\Users\AGATSUMA\Documents\LPCXpresso_8.2.2_650\workspace\TestProject_ver2.1\mbed\TARGET_LPC1768\TOOLCHAIN_GCC_CR\libmbed.a(gpio_api.o)
                              C:\Users\AGATSUMA\Documents\LPCXpresso_8.2.2_650\workspace\TestProject_ver2.1\mbed\TARGET_LPC1768\TOOLCHAIN_GCC_CR\libmbed.a(gpio.o) (gpio_init)
C:\Users\AGATSUMA\Documents\LPCXpresso_8.2.2_650\workspace\TestProject_ver2.1\mbed\TARGET_LPC1768\TOOLCHAIN_GCC_CR\libmbed.a(pinmap.o)
                              C:\Users\AGATSUMA\Documents\LPCXpresso_8.2.2_650\workspace\TestProject_ver2.1\mbed\TARGET_LPC1768\TOOLCHAIN_GCC_CR\libmbed.a(pinmap_common.o) (pin_function)
[...]
Memory Configuration

Name             Origin             Length             Attributes
MFlash512        0x00000000         0x00080000         xr
RamLoc32         0x100000c8         0x00007f38         xrw
RamAHB_USB       0x2007c000         0x00004000         xrw
RamAHB_Eth       0x20080000         0x00004000         xrw
*default*        0x00000000         0xffffffff

Linker script and memory map

LOAD ./main.o
LOAD C:/Users/AGATSUMA/Documents/LPCXpresso_8.2.2_650/workspace/TestProject_ver2.1/mbed/TARGET_LPC1768/TOOLCHAIN_GCC_CR/board.o
LOAD C:/Users/AGATSUMA/Documents/LPCXpresso_8.2.2_650/workspace/TestProject_ver2.1/mbed/TARGET_LPC1768/TOOLCHAIN_GCC_CR/cmsis_nvic.o
LOAD C:/Users/AGATSUMA/Documents/LPCXpresso_8.2.2_650/workspace/TestProject_ver2.1/mbed/TARGET_LPC1768/TOOLCHAIN_GCC_CR/retarget.o
LOAD C:/Users/AGATSUMA/Documents/LPCXpresso_8.2.2_650/workspace/TestProject_ver2.1/mbed/TARGET_LPC1768/TOOLCHAIN_GCC_CR/startup_LPC17xx.o
LOAD C:/Users/AGATSUMA/Documents/LPCXpresso_8.2.2_650/workspace/TestProject_ver2.1/mbed/TARGET_LPC1768/TOOLCHAIN_GCC_CR/system_LPC17xx.o
LOAD C:\Users\AGATSUMA\Documents\LPCXpresso_8.2.2_650\workspace\TestProject_ver2.1\mbed\TARGET_LPC1768\TOOLCHAIN_GCC_CR\libmbed.a
START GROUP
LOAD c:/nxp/lpcxpresso_8.2.2_650/lpcxpresso/tools/bin/../lib/gcc/arm-none-eabi/5.4.1/armv7-m\libgcc.a
LOAD c:/nxp/lpcxpresso_8.2.2_650/lpcxpresso/tools/bin/../lib/gcc/arm-none-eabi/5.4.1/../../../../arm-none-eabi/lib/armv7-m\libc.a
LOAD c:/nxp/lpcxpresso_8.2.2_650/lpcxpresso/tools/bin/../lib/gcc/arm-none-eabi/5.4.1/../../../../arm-none-eabi/lib/armv7-m\libstdc++.a
LOAD c:/nxp/lpcxpresso_8.2.2_650/lpcxpresso/tools/bin/../lib/gcc/arm-none-eabi/5.4.1/../../../../arm-none-eabi/lib/armv7-m\libm.a
LOAD c:/nxp/lpcxpresso_8.2.2_650/lpcxpresso/tools/bin/../lib/gcc/arm-none-eabi/5.4.1/../../../../arm-none-eabi/lib/armv7-m\libcr_newlib_nohost.a
LOAD c:/nxp/lpcxpresso_8.2.2_650/lpcxpresso/tools/bin/../lib/gcc/arm-none-eabi/5.4.1/armv7-m\crti.o
LOAD c:/nxp/lpcxpresso_8.2.2_650/lpcxpresso/tools/bin/../lib/gcc/arm-none-eabi/5.4.1/armv7-m\crtn.o
LOAD c:/nxp/lpcxpresso_8.2.2_650/lpcxpresso/tools/bin/../lib/gcc/arm-none-eabi/5.4.1/armv7-m\crtbegin.o
LOAD c:/nxp/lpcxpresso_8.2.2_650/lpcxpresso/tools/bin/../lib/gcc/arm-none-eabi/5.4.1/armv7-m\crtend.o
END GROUP
                0x00080000                __top_MFlash512 = 0x80000
                0x10008000                __top_RamLoc32 = 0x10008000
                0x20084000                __top_RamAHB32 = 0x20084000

.text           0x00000000     0xdb38
 FILL mask 0xff
 *(.isr_vector)
 .isr_vector    0x00000000       0xcc C:/Users/AGATSUMA/Documents/LPCXpresso_8.2.2_650/workspace/TestProject_ver2.1/mbed/TARGET_LPC1768/TOOLCHAIN_GCC_CR/startup_LPC17xx.o
                0x00000000                g_pfnVectors
                0x000000cc                . = ALIGN (0x4)
                0x000000cc                __section_table_start = .
                0x000000cc                __data_section_table = .
                0x000000cc        0x4 LONG 0xdb40 LOADADDR (.data)
                0x000000d0        0x4 LONG 0x100000c8 ADDR (.data)
                0x000000d4        0x4 LONG 0x8d0 SIZEOF (.data)
                0x000000d8        0x4 LONG 0xdb40 LOADADDR (.data_RAM2)
                0x000000dc        0x4 LONG 0x2007c000 ADDR (.data_RAM2)
                0x000000e0        0x4 LONG 0x0 SIZEOF (.data_RAM2)
                0x000000e4                __data_section_table_end = .
                0x000000e4                __bss_section_table = .
                0x000000e4        0x4 LONG 0x10000998 ADDR (.bss)
                0x000000e8        0x4 LONG 0x338 SIZEOF (.bss)
                0x000000ec        0x4 LONG 0x2007c000 ADDR (.bss_RAM2)
                0x000000f0        0x4 LONG 0x0 SIZEOF (.bss_RAM2)
                0x000000f4                __bss_section_table_end = .
                0x000000f4                __section_table_end = .
 *(.after_vectors*)
 .after_vectors
                0x000000f4       0xd0 C:/Users/AGATSUMA/Documents/LPCXpresso_8.2.2_650/workspace/TestProject_ver2.1/mbed/TARGET_LPC1768/TOOLCHAIN_GCC_CR/startup_LPC17xx.o
                0x000000f4                NMI_Handler
                0x000000f8                HardFault_Handler
                0x000000fc                MemManage_Handler
                0x00000100                BusFault_Handler
                0x00000104                UsageFault_Handler
                0x00000108                SVC_Handler
                0x0000010c                DebugMon_Handler
                0x00000110                PendSV_Handler
                0x00000114                SysTick_Handler
                0x00000118                PWM1_IRQHandler
                0x00000118                I2C1_IRQHandler
                0x00000118                EINT2_IRQHandler
                0x00000118                UART1_IRQHandler
                0x00000118                EINT3_IRQHandler
                0x00000118                CANActivity_IRQHandler
                0x00000118                TIMER3_IRQHandler
                0x00000118                UART0_IRQHandler
                0x00000118                MCPWM_IRQHandler
                0x00000118                I2C0_IRQHandler
                0x00000118                IntDefaultHandler
                0x00000118                RIT_IRQHandler
                0x00000118                CAN_IRQHandler
                0x00000118                PLL1_IRQHandler
                0x00000118                SSP0_IRQHandler
                0x00000118                I2S_IRQHandler
                0x00000118                I2C2_IRQHandler
                0x00000118                RTC_IRQHandler
                0x00000118                TIMER0_IRQHandler
                0x00000118                SPI_IRQHandler
                0x00000118                UART3_IRQHandler
                0x00000118                EINT1_IRQHandler
                0x00000118                TIMER1_IRQHandler
                0x00000118                UART2_IRQHandler
                0x00000118                ADC_IRQHandler
                0x00000118                SSP1_IRQHandler
                0x00000118                USB_IRQHandler
                0x00000118                BOD_IRQHandler
                0x00000118                USBActivity_IRQHandler
                0x00000118                WDT_IRQHandler
                0x00000118                PLL0_IRQHandler
                0x00000118                QEI_IRQHandler
                0x00000118                EINT0_IRQHandler
                0x00000118                TIMER2_IRQHandler
                0x00000118                DMA_IRQHandler
                0x00000118                ENET_IRQHandler
                0x0000011c                ResetISR
                0x0000019c                data_init
                0x000001b4                bss_init
 *(.text*)
 .text._ZN4mbed10SerialBaseD2Ev
                0x000001c4        0x2 ./main.o
                0x000001c4                mbed::SerialBase::~SerialBase()
                0x000001c4                mbed::SerialBase::~SerialBase()
 *fill*         0x000001c6        0x2 ff
 .text.gpio_write
                0x000001c8       0x2c ./main.o
 .text._ZN4mbed6SerialD2Ev
                0x000001f4       0x30 ./main.o
                0x000001f4                mbed::Serial::~Serial()
                0x000001f4                mbed::Serial::~Serial()
                0x00000218                non-virtual thunk to mbed::Serial::~Serial()
                0x0000021e                non-virtual thunk to mbed::Serial::~Serial()
 .text._ZN4mbed10SerialBaseD0Ev
                0x00000224        0xc ./main.o
                0x00000224                mbed::SerialBase::~SerialBase()
 .text._ZN4mbed10DigitalOutC2E7PinName
                0x00000230       0x1a ./main.o
                0x00000230                mbed::DigitalOut::DigitalOut(PinName)
                0x00000230                mbed::DigitalOut::DigitalOut(PinName)
 *fill*         0x0000024a        0x2 ff
 .text._ZN4mbed10DigitalOutaSERS0_
                0x0000024c       0x38 ./main.o
                0x0000024c                mbed::DigitalOut::operator=(mbed::DigitalOut&)
 .text._Z5setUpv
                0x00000284       0x6c ./main.o
                0x00000284                setUp()
 .text._Z6serialv
                0x000002f0       0xc0 ./main.o
                0x000002f0                serial()
 .text._Z4stopv
                0x000003b0       0x5c ./main.o
                0x000003b0                stop()
 .text._Z4loopv
                0x0000040c       0x20 ./main.o
                0x0000040c                loop()
 .text.startup.main
                0x0000042c        0xa ./main.o
                0x0000042c                main
 .text._ZN4mbed6SerialD0Ev
                0x00000436       0x1e ./main.o
                0x00000436                mbed::Serial::~Serial()
                0x00000448                non-virtual thunk to mbed::Serial::~Serial()
                0x0000044e                non-virtual thunk to mbed::Serial::~Serial()
 .text.startup._GLOBAL__sub_I_ch1
                0x00000454       0xa4 ./main.o
 .text.mbed_die
                0x000004f8      0x10c C:/Users/AGATSUMA/Documents/LPCXpresso_8.2.2_650/workspace/TestProject_ver2.1/mbed/TARGET_LPC1768/TOOLCHAIN_GCC_CR/board.o
                0x000004f8                mbed_die
 .text.NVIC_SetVector
                0x00000604       0x3c C:/Users/AGATSUMA/Documents/LPCXpresso_8.2.2_650/workspace/TestProject_ver2.1/mbed/TARGET_LPC1768/TOOLCHAIN_GCC_CR/cmsis_nvic.o
                0x00000604                NVIC_SetVector
 .text._ZN4mbed10FileHandle4flenEv
                0x00000640       0x34 C:/Users/AGATSUMA/Documents/LPCXpresso_8.2.2_650/workspace/TestProject_ver2.1/mbed/TARGET_LPC1768/TOOLCHAIN_GCC_CR/retarget.o
                0x00000640                mbed::FileHandle::flen()
 .text._ZN4mbed10FileHandleD2Ev
                0x00000674       0x2c C:/Users/AGATSUMA/Documents/LPCXpresso_8.2.2_650/workspace/TestProject_ver2.1/mbed/TARGET_LPC1768/TOOLCHAIN_GCC_CR/retarget.o
                0x00000674                mbed::FileHandle::~FileHandle()
                0x00000674                mbed::FileHandle::~FileHandle()
 .text._ZN4mbed10FileHandleD0Ev
                0x000006a0       0x34 C:/Users/AGATSUMA/Documents/LPCXpresso_8.2.2_650/workspace/TestProject_ver2.1/mbed/TARGET_LPC1768/TOOLCHAIN_GCC_CR/retarget.o
                0x000006a0                mbed::FileHandle::~FileHandle()
 .text._ZL11init_serialv.part.0
                0x000006d4       0x18 C:/Users/AGATSUMA/Documents/LPCXpresso_8.2.2_650/workspace/TestProject_ver2.1/mbed/TARGET_LPC1768/TOOLCHAIN_GCC_CR/retarget.o
 .text._open    0x000006ec       0xfc C:/Users/AGATSUMA/Documents/LPCXpresso_8.2.2_650/workspace/TestProject_ver2.1/mbed/TARGET_LPC1768/TOOLCHAIN_GCC_CR/retarget.o
                0x000006ec                _open
 .text._close   0x000007e8       0x2c C:/Users/AGATSUMA/Documents/LPCXpresso_8.2.2_650/workspace/TestProject_ver2.1/mbed/TARGET_LPC1768/TOOLCHAIN_GCC_CR/retarget.o
                0x000007e8                _close
 .text._write   0x00000814       0x50 C:/Users/AGATSUMA/Documents/LPCXpresso_8.2.2_650/workspace/TestProject_ver2.1/mbed/TARGET_LPC1768/TOOLCHAIN_GCC_CR/retarget.o
                0x00000814                _write
 .text._read    0x00000864       0x4c C:/Users/AGATSUMA/Documents/LPCXpresso_8.2.2_650/workspace/TestProject_ver2.1/mbed/TARGET_LPC1768/TOOLCHAIN_GCC_CR/retarget.o
                0x00000864                _read
 .text._isatty  0x000008b0       0x28 C:/Users/AGATSUMA/Documents/LPCXpresso_8.2.2_650/workspace/TestProject_ver2.1/mbed/TARGET_LPC1768/TOOLCHAIN_GCC_CR/retarget.o
                0x000008b0                _isatty
 .text._lseek   0x000008d8       0x28 C:/Users/AGATSUMA/Documents/LPCXpresso_8.2.2_650/workspace/TestProject_ver2.1/mbed/TARGET_LPC1768/TOOLCHAIN_GCC_CR/retarget.o
                0x000008d8                _lseek
 .text._fstat   0x00000900       0x20 C:/Users/AGATSUMA/Documents/LPCXpresso_8.2.2_650/workspace/TestProject_ver2.1/mbed/TARGET_LPC1768/TOOLCHAIN_GCC_CR/retarget.o
                0x00000900                _fstat
 .text.exit     0x00000920       0x30 C:/Users/AGATSUMA/Documents/LPCXpresso_8.2.2_650/workspace/TestProject_ver2.1/mbed/TARGET_LPC1768/TOOLCHAIN_GCC_CR/retarget.o
                0x00000920                exit
 .text.__cxa_pure_virtual
                0x00000950        0x8 C:/Users/AGATSUMA/Documents/LPCXpresso_8.2.2_650/workspace/TestProject_ver2.1/mbed/TARGET_LPC1768/TOOLCHAIN_GCC_CR/retarget.o
                0x00000950                __cxa_pure_virtual
 .text._ZN4mbed26mbed_set_unbuffered_streamEP7__sFILE
                0x00000958        0x8 C:/Users/AGATSUMA/Documents/LPCXpresso_8.2.2_650/workspace/TestProject_ver2.1/mbed/TARGET_LPC1768/TOOLCHAIN_GCC_CR/retarget.o
                0x00000958                mbed::mbed_set_unbuffered_stream(__sFILE*)
 .text._ZN4mbed9mbed_getcEP7__sFILE
                0x00000960        0x4 C:/Users/AGATSUMA/Documents/LPCXpresso_8.2.2_650/workspace/TestProject_ver2.1/mbed/TARGET_LPC1768/TOOLCHAIN_GCC_CR/retarget.o
                0x00000960                mbed::mbed_getc(__sFILE*)
 .text.__aeabi_atexit
                0x00000964        0x4 C:/Users/AGATSUMA/Documents/LPCXpresso_8.2.2_650/workspace/TestProject_ver2.1/mbed/TARGET_LPC1768/TOOLCHAIN_GCC_CR/startup_LPC17xx.o
                0x00000964                __aeabi_atexit
 .text._ZdlPv   0x00000968        0x4 C:/Users/AGATSUMA/Documents/LPCXpresso_8.2.2_650/workspace/TestProject_ver2.1/mbed/TARGET_LPC1768/TOOLCHAIN_GCC_CR/startup_LPC17xx.o
                0x00000968                operator delete(void*)
 .text.SystemInit
                0x0000096c       0xb8 C:/Users/AGATSUMA/Documents/LPCXpresso_8.2.2_650/workspace/TestProject_ver2.1/mbed/TARGET_LPC1768/TOOLCHAIN_GCC_CR/system_LPC17xx.o
                0x0000096c                SystemInit
 .text.pwmout_write
                0x00000a24       0x5c C:\Users\AGATSUMA\Documents\LPCXpresso_8.2.2_650\workspace\TestProject_ver2.1\mbed\TARGET_LPC1768\TOOLCHAIN_GCC_CR\libmbed.a(pwmout_api.o)
                0x00000a24                pwmout_write
 .text.pwmout_period_us
                0x00000a80       0x44 C:\Users\AGATSUMA\Documents\LPCXpresso_8.2.2_650\workspace\TestProject_ver2.1\mbed\TARGET_LPC1768\TOOLCHAIN_GCC_CR\libmbed.a(pwmout_api.o)
                0x00000a80                pwmout_period_us
 .text.pwmout_init
                0x00000ac4       0xd8 C:\Users\AGATSUMA\Documents\LPCXpresso_8.2.2_650\workspace\TestProject_ver2.1\mbed\TARGET_LPC1768\TOOLCHAIN_GCC_CR\libmbed.a(pwmout_api.o)
                0x00000ac4                pwmout_init
 .text.uart2_irq
                0x00000b9c       0x64 C:\Users\AGATSUMA\Documents\LPCXpresso_8.2.2_650\workspace\TestProject_ver2.1\mbed\TARGET_LPC1768\TOOLCHAIN_GCC_CR\libmbed.a(serial_api.o)
                0x00000b9c                uart2_irq
 .text.serial_irq_set_internal
                0x00000c00       0xcc C:\Users\AGATSUMA\Documents\LPCXpresso_8.2.2_650\workspace\TestProject_ver2.1\mbed\TARGET_LPC1768\TOOLCHAIN_GCC_CR\libmbed.a(serial_api.o)
 .text.uart0_irq
                0x00000ccc       0x64 C:\Users\AGATSUMA\Documents\LPCXpresso_8.2.2_650\workspace\TestProject_ver2.1\mbed\TARGET_LPC1768\TOOLCHAIN_GCC_CR\libmbed.a(serial_api.o)
                0x00000ccc                uart0_irq
 .text.uart3_irq
                0x00000d30       0x6c C:\Users\AGATSUMA\Documents\LPCXpresso_8.2.2_650\workspace\TestProject_ver2.1\mbed\TARGET_LPC1768\TOOLCHAIN_GCC_CR\libmbed.a(serial_api.o)
                0x00000d30                uart3_irq
 .text.uart1_irq
                0x00000d9c       0x64 C:\Users\AGATSUMA\Documents\LPCXpresso_8.2.2_650\workspace\TestProject_ver2.1\mbed\TARGET_LPC1768\TOOLCHAIN_GCC_CR\libmbed.a(serial_api.o)
                0x00000d9c                uart1_irq
 .text.serial_baud
                0x00000e00      0x244 C:\Users\AGATSUMA\Documents\LPCXpresso_8.2.2_650\workspace\TestProject_ver2.1\mbed\TARGET_LPC1768\TOOLCHAIN_GCC_CR\libmbed.a(serial_api.o)
                0x00000e00                serial_baud
 .text.serial_format
                0x00001044       0x78 C:\Users\AGATSUMA\Documents\LPCXpresso_8.2.2_650\workspace\TestProject_ver2.1\mbed\TARGET_LPC1768\TOOLCHAIN_GCC_CR\libmbed.a(serial_api.o)
                0x00001044                serial_format
 .text.serial_irq_handler
                0x000010bc       0x20 C:\Users\AGATSUMA\Documents\LPCXpresso_8.2.2_650\workspace\TestProject_ver2.1\mbed\TARGET_LPC1768\TOOLCHAIN_GCC_CR\libmbed.a(serial_api.o)
                0x000010bc                serial_irq_handler
 .text.serial_getc
                0x000010dc       0x38 C:\Users\AGATSUMA\Documents\LPCXpresso_8.2.2_650\workspace\TestProject_ver2.1\mbed\TARGET_LPC1768\TOOLCHAIN_GCC_CR\libmbed.a(serial_api.o)
                0x000010dc                serial_getc
 .text.serial_readable
                0x00001114        0xc C:\Users\AGATSUMA\Documents\LPCXpresso_8.2.2_650\workspace\TestProject_ver2.1\mbed\TARGET_LPC1768\TOOLCHAIN_GCC_CR\libmbed.a(serial_api.o)
                0x00001114                serial_readable
 .text.serial_writable
                0x00001120       0x74 C:\Users\AGATSUMA\Documents\LPCXpresso_8.2.2_650\workspace\TestProject_ver2.1\mbed\TARGET_LPC1768\TOOLCHAIN_GCC_CR\libmbed.a(serial_api.o)
                0x00001120                serial_writable
 .text.serial_putc
                0x00001194       0x34 C:\Users\AGATSUMA\Documents\LPCXpresso_8.2.2_650\workspace\TestProject_ver2.1\mbed\TARGET_LPC1768\TOOLCHAIN_GCC_CR\libmbed.a(serial_api.o)
                0x00001194                serial_putc
 .text.serial_set_flow_control
                0x000011c8      0x12c C:\Users\AGATSUMA\Documents\LPCXpresso_8.2.2_650\workspace\TestProject_ver2.1\mbed\TARGET_LPC1768\TOOLCHAIN_GCC_CR\libmbed.a(serial_api.o)
                0x000011c8                serial_set_flow_control
 .text.serial_init
                0x000012f4      0x1bc C:\Users\AGATSUMA\Documents\LPCXpresso_8.2.2_650\workspace\TestProject_ver2.1\mbed\TARGET_LPC1768\TOOLCHAIN_GCC_CR\libmbed.a(serial_api.o)
                0x000012f4                serial_init
 .text._ZN4mbed8FilePathC2EPKc
                0x000014b0       0x58 C:\Users\AGATSUMA\Documents\LPCXpresso_8.2.2_650\workspace\TestProject_ver2.1\mbed\TARGET_LPC1768\TOOLCHAIN_GCC_CR\libmbed.a(FilePath.o)
                0x000014b0                mbed::FilePath::FilePath(char const*)
                0x000014b0                mbed::FilePath::FilePath(char const*)
 .text._ZN4mbed8FilePath8fileNameEv
                0x00001508        0x4 C:\Users\AGATSUMA\Documents\LPCXpresso_8.2.2_650\workspace\TestProject_ver2.1\mbed\TARGET_LPC1768\TOOLCHAIN_GCC_CR\libmbed.a(FilePath.o)
                0x00001508                mbed::FilePath::fileName()
 .text._ZN4mbed8FilePath10fileSystemEv
                0x0000150c       0x18 C:\Users\AGATSUMA\Documents\LPCXpresso_8.2.2_650\workspace\TestProject_ver2.1\mbed\TARGET_LPC1768\TOOLCHAIN_GCC_CR\libmbed.a(FilePath.o)
                0x0000150c                mbed::FilePath::fileSystem()
 .text._ZN4mbed8FilePath6isFileEv
                0x00001524       0x14 C:\Users\AGATSUMA\Documents\LPCXpresso_8.2.2_650\workspace\TestProject_ver2.1\mbed\TARGET_LPC1768\TOOLCHAIN_GCC_CR\libmbed.a(FilePath.o)
                0x00001524                mbed::FilePath::isFile()
 .text._ZN4mbed8FilePath4fileEv
                0x00001538       0x1c C:\Users\AGATSUMA\Documents\LPCXpresso_8.2.2_650\workspace\TestProject_ver2.1\mbed\TARGET_LPC1768\TOOLCHAIN_GCC_CR\libmbed.a(FilePath.o)
                0x00001538                mbed::FilePath::file()
 .text._ZN4mbed8FilePath6existsEv
                0x00001554        0xc C:\Users\AGATSUMA\Documents\LPCXpresso_8.2.2_650\workspace\TestProject_ver2.1\mbed\TARGET_LPC1768\TOOLCHAIN_GCC_CR\libmbed.a(FilePath.o)
                0x00001554                mbed::FilePath::exists()
 .text._ZN4mbed6Serial5_getcEv
                0x00001560        0x4 C:\Users\AGATSUMA\Documents\LPCXpresso_8.2.2_650\workspace\TestProject_ver2.1\mbed\TARGET_LPC1768\TOOLCHAIN_GCC_CR\libmbed.a(Serial.o)
                0x00001560                mbed::Serial::_getc()
 .text._ZThn64_N4mbed6Serial5_getcEv
                0x00001564        0x8 C:\Users\AGATSUMA\Documents\LPCXpresso_8.2.2_650\workspace\TestProject_ver2.1\mbed\TARGET_LPC1768\TOOLCHAIN_GCC_CR\libmbed.a(Serial.o)
                0x00001564                non-virtual thunk to mbed::Serial::_getc()
 .text._ZN4mbed6Serial5_putcEi
                0x0000156c        0x4 C:\Users\AGATSUMA\Documents\LPCXpresso_8.2.2_650\workspace\TestProject_ver2.1\mbed\TARGET_LPC1768\TOOLCHAIN_GCC_CR\libmbed.a(Serial.o)
                0x0000156c                mbed::Serial::_putc(int)
 .text._ZThn64_N4mbed6Serial5_putcEi
                0x00001570        0x8 C:\Users\AGATSUMA\Documents\LPCXpresso_8.2.2_650\workspace\TestProject_ver2.1\mbed\TARGET_LPC1768\TOOLCHAIN_GCC_CR\libmbed.a(Serial.o)
                0x00001570                non-virtual thunk to mbed::Serial::_putc(int)
 .text._ZN4mbed6SerialC2E7PinNameS1_PKc
                0x00001578       0x30 C:\Users\AGATSUMA\Documents\LPCXpresso_8.2.2_650\workspace\TestProject_ver2.1\mbed\TARGET_LPC1768\TOOLCHAIN_GCC_CR\libmbed.a(Serial.o)
                0x00001578                mbed::Serial::Serial(PinName, PinName, char const*)
                0x00001578                mbed::Serial::Serial(PinName, PinName, char const*)
 .text._ZN4mbed10SerialBase12_irq_handlerEm9SerialIrq
                0x000015a8       0x28 C:\Users\AGATSUMA\Documents\LPCXpresso_8.2.2_650\workspace\TestProject_ver2.1\mbed\TARGET_LPC1768\TOOLCHAIN_GCC_CR\libmbed.a(SerialBase.o)
                0x000015a8                mbed::SerialBase::_irq_handler(unsigned long, SerialIrq)
 .text._ZN4mbed10SerialBaseC2E7PinNameS1_
                0x000015d0       0x3c C:\Users\AGATSUMA\Documents\LPCXpresso_8.2.2_650\workspace\TestProject_ver2.1\mbed\TARGET_LPC1768\TOOLCHAIN_GCC_CR\libmbed.a(SerialBase.o)
                0x000015d0                mbed::SerialBase::SerialBase(PinName, PinName)
                0x000015d0                mbed::SerialBase::SerialBase(PinName, PinName)
 .text._ZN4mbed10SerialBase4baudEi
                0x0000160c       0x10 C:\Users\AGATSUMA\Documents\LPCXpresso_8.2.2_650\workspace\TestProject_ver2.1\mbed\TARGET_LPC1768\TOOLCHAIN_GCC_CR\libmbed.a(SerialBase.o)
                0x0000160c                mbed::SerialBase::baud(int)
 .text._ZN4mbed10SerialBase8readableEv
                0x0000161c        0x8 C:\Users\AGATSUMA\Documents\LPCXpresso_8.2.2_650\workspace\TestProject_ver2.1\mbed\TARGET_LPC1768\TOOLCHAIN_GCC_CR\libmbed.a(SerialBase.o)
                0x0000161c                mbed::SerialBase::readable()
 .text._ZN4mbed10SerialBase10_base_getcEv
                0x00001624        0x8 C:\Users\AGATSUMA\Documents\LPCXpresso_8.2.2_650\workspace\TestProject_ver2.1\mbed\TARGET_LPC1768\TOOLCHAIN_GCC_CR\libmbed.a(SerialBase.o)
                0x00001624                mbed::SerialBase::_base_getc()
 .text._ZN4mbed10SerialBase10_base_putcEi
                0x0000162c       0x10 C:\Users\AGATSUMA\Documents\LPCXpresso_8.2.2_650\workspace\TestProject_ver2.1\mbed\TARGET_LPC1768\TOOLCHAIN_GCC_CR\libmbed.a(SerialBase.o)
                0x0000162c                mbed::SerialBase::_base_putc(int)
 .text._ZN4mbed6Stream5closeEv
                0x0000163c        0x4 C:\Users\AGATSUMA\Documents\LPCXpresso_8.2.2_650\workspace\TestProject_ver2.1\mbed\TARGET_LPC1768\TOOLCHAIN_GCC_CR\libmbed.a(Stream.o)
                0x0000163c                mbed::Stream::close()
 .text._ZN4mbed6Stream5writeEPKvj
                0x00001640       0x30 C:\Users\AGATSUMA\Documents\LPCXpresso_8.2.2_650\workspace\TestProject_ver2.1\mbed\TARGET_LPC1768\TOOLCHAIN_GCC_CR\libmbed.a(Stream.o)
                0x00001640                mbed::Stream::write(void const*, unsigned int)
 .text._ZN4mbed6Stream4readEPvj
                0x00001670       0x30 C:\Users\AGATSUMA\Documents\LPCXpresso_8.2.2_650\workspace\TestProject_ver2.1\mbed\TARGET_LPC1768\TOOLCHAIN_GCC_CR\libmbed.a(Stream.o)
                0x00001670                mbed::Stream::read(void*, unsigned int)
 .text._ZN4mbed6Stream5lseekEli
                0x000016a0        0x4 C:\Users\AGATSUMA\Documents\LPCXpresso_8.2.2_650\workspace\TestProject_ver2.1\mbed\TARGET_LPC1768\TOOLCHAIN_GCC_CR\libmbed.a(Stream.o)
                0x000016a0                mbed::Stream::lseek(long, int)
 .text._ZN4mbed6Stream6isattyEv
                0x000016a4        0x4 C:\Users\AGATSUMA\Documents\LPCXpresso_8.2.2_650\workspace\TestProject_ver2.1\mbed\TARGET_LPC1768\TOOLCHAIN_GCC_CR\libmbed.a(Stream.o)
                0x000016a4                mbed::Stream::isatty()
 .text._ZN4mbed6Stream5fsyncEv
                0x000016a8        0x4 C:\Users\AGATSUMA\Documents\LPCXpresso_8.2.2_650\workspace\TestProject_ver2.1\mbed\TARGET_LPC1768\TOOLCHAIN_GCC_CR\libmbed.a(Stream.o)
                0x000016a8                mbed::Stream::fsync()
 .text._ZN4mbed6Stream4flenEv
                0x000016ac        0x4 C:\Users\AGATSUMA\Documents\LPCXpresso_8.2.2_650\workspace\TestProject_ver2.1\mbed\TARGET_LPC1768\TOOLCHAIN_GCC_CR\libmbed.a(Stream.o)
                0x000016ac                mbed::Stream::flen()
 .text._ZN4mbed6StreamD2Ev
                0x000016b0       0x24 C:\Users\AGATSUMA\Documents\LPCXpresso_8.2.2_650\workspace\TestProject_ver2.1\mbed\TARGET_LPC1768\TOOLCHAIN_GCC_CR\libmbed.a(Stream.o)
                0x000016b0                mbed::Stream::~Stream()
                0x000016b0                mbed::Stream::~Stream()
 .text._ZThn4_N4mbed6StreamD1Ev
                0x000016d4        0x8 C:\Users\AGATSUMA\Documents\LPCXpresso_8.2.2_650\workspace\TestProject_ver2.1\mbed\TARGET_LPC1768\TOOLCHAIN_GCC_CR\libmbed.a(Stream.o)
                0x000016d4                non-virtual thunk to mbed::Stream::~Stream()
 .text._ZN4mbed6StreamD0Ev
                0x000016dc       0x14 C:\Users\AGATSUMA\Documents\LPCXpresso_8.2.2_650\workspace\TestProject_ver2.1\mbed\TARGET_LPC1768\TOOLCHAIN_GCC_CR\libmbed.a(Stream.o)
                0x000016dc                mbed::Stream::~Stream()
 .text._ZThn4_N4mbed6StreamD0Ev
                0x000016f0        0x8 C:\Users\AGATSUMA\Documents\LPCXpresso_8.2.2_650\workspace\TestProject_ver2.1\mbed\TARGET_LPC1768\TOOLCHAIN_GCC_CR\libmbed.a(Stream.o)
                0x000016f0                non-virtual thunk to mbed::Stream::~Stream()
 .text._ZN4mbed6StreamC2EPKc
                0x000016f8       0x44 C:\Users\AGATSUMA\Documents\LPCXpresso_8.2.2_650\workspace\TestProject_ver2.1\mbed\TARGET_LPC1768\TOOLCHAIN_GCC_CR\libmbed.a(Stream.o)
                0x000016f8                mbed::Stream::Stream(char const*)
                0x000016f8                mbed::Stream::Stream(char const*)
 .text._ZN4mbed6Stream4getcEv
                0x0000173c       0x14 C:\Users\AGATSUMA\Documents\LPCXpresso_8.2.2_650\workspace\TestProject_ver2.1\mbed\TARGET_LPC1768\TOOLCHAIN_GCC_CR\libmbed.a(Stream.o)
                0x0000173c                mbed::Stream::getc()
 .text.mbed_assert_internal
                0x00001750       0x18 C:\Users\AGATSUMA\Documents\LPCXpresso_8.2.2_650\workspace\TestProject_ver2.1\mbed\TARGET_LPC1768\TOOLCHAIN_GCC_CR\libmbed.a(assert.o)
                0x00001750                mbed_assert_internal
 .text.error    0x00001768       0x24 C:\Users\AGATSUMA\Documents\LPCXpresso_8.2.2_650\workspace\TestProject_ver2.1\mbed\TARGET_LPC1768\TOOLCHAIN_GCC_CR\libmbed.a(error.o)
                0x00001768                error
 .text.gpio_init_in
                0x0000178c       0x24 C:\Users\AGATSUMA\Documents\LPCXpresso_8.2.2_650\workspace\TestProject_ver2.1\mbed\TARGET_LPC1768\TOOLCHAIN_GCC_CR\libmbed.a(gpio.o)
                0x0000178c                gpio_init_in
 .text.gpio_init_out
                0x000017b0       0x44 C:\Users\AGATSUMA\Documents\LPCXpresso_8.2.2_650\workspace\TestProject_ver2.1\mbed\TARGET_LPC1768\TOOLCHAIN_GCC_CR\libmbed.a(gpio.o)
                0x000017b0                gpio_init_out
 .text.gpio_init_out_ex
                0x000017f4       0x54 C:\Users\AGATSUMA\Documents\LPCXpresso_8.2.2_650\workspace\TestProject_ver2.1\mbed\TARGET_LPC1768\TOOLCHAIN_GCC_CR\libmbed.a(gpio.o)
                0x000017f4                gpio_init_out_ex
 .text.mbed_interface_connected
                0x00001848        0x4 C:\Users\AGATSUMA\Documents\LPCXpresso_8.2.2_650\workspace\TestProject_ver2.1\mbed\TARGET_LPC1768\TOOLCHAIN_GCC_CR\libmbed.a(mbed_interface.o)
                0x00001848                mbed_interface_connected
 .text.pinmap_pinout
                0x0000184c       0x40 C:\Users\AGATSUMA\Documents\LPCXpresso_8.2.2_650\workspace\TestProject_ver2.1\mbed\TARGET_LPC1768\TOOLCHAIN_GCC_CR\libmbed.a(pinmap_common.o)
                0x0000184c                pinmap_pinout
 .text.pinmap_merge
                0x0000188c       0x24 C:\Users\AGATSUMA\Documents\LPCXpresso_8.2.2_650\workspace\TestProject_ver2.1\mbed\TARGET_LPC1768\TOOLCHAIN_GCC_CR\libmbed.a(pinmap_common.o)
                0x0000188c                pinmap_merge
 .text.pinmap_find_peripheral
                0x000018b0       0x1c C:\Users\AGATSUMA\Documents\LPCXpresso_8.2.2_650\workspace\TestProject_ver2.1\mbed\TARGET_LPC1768\TOOLCHAIN_GCC_CR\libmbed.a(pinmap_common.o)
                0x000018b0                pinmap_find_peripheral
 .text.pinmap_peripheral
                0x000018cc       0x34 C:\Users\AGATSUMA\Documents\LPCXpresso_8.2.2_650\workspace\TestProject_ver2.1\mbed\TARGET_LPC1768\TOOLCHAIN_GCC_CR\libmbed.a(pinmap_common.o)
                0x000018cc                pinmap_peripheral
 .text.semihost_exit
                0x00001900       0x18 C:\Users\AGATSUMA\Documents\LPCXpresso_8.2.2_650\workspace\TestProject_ver2.1\mbed\TARGET_LPC1768\TOOLCHAIN_GCC_CR\libmbed.a(semihost_api.o)
                0x00001900                semihost_exit
 .text.semihost_connected
                0x00001918       0x10 C:\Users\AGATSUMA\Documents\LPCXpresso_8.2.2_650\workspace\TestProject_ver2.1\mbed\TARGET_LPC1768\TOOLCHAIN_GCC_CR\libmbed.a(semihost_api.o)
                0x00001918                semihost_connected
 .text.wait_us  0x00001928       0x18 C:\Users\AGATSUMA\Documents\LPCXpresso_8.2.2_650\workspace\TestProject_ver2.1\mbed\TARGET_LPC1768\TOOLCHAIN_GCC_CR\libmbed.a(wait_api.o)
                0x00001928                wait_us
 .text.wait_ms  0x00001940        0xc C:\Users\AGATSUMA\Documents\LPCXpresso_8.2.2_650\workspace\TestProject_ver2.1\mbed\TARGET_LPC1768\TOOLCHAIN_GCC_CR\libmbed.a(wait_api.o)
                0x00001940                wait_ms
 .text.gpio_set
                0x0000194c       0x30 C:\Users\AGATSUMA\Documents\LPCXpresso_8.2.2_650\workspace\TestProject_ver2.1\mbed\TARGET_LPC1768\TOOLCHAIN_GCC_CR\libmbed.a(gpio_api.o)
                0x0000194c                gpio_set
 .text.gpio_init
                0x0000197c       0x30 C:\Users\AGATSUMA\Documents\LPCXpresso_8.2.2_650\workspace\TestProject_ver2.1\mbed\TARGET_LPC1768\TOOLCHAIN_GCC_CR\libmbed.a(gpio_api.o)
                0x0000197c                gpio_init
 .text.gpio_mode
                0x000019ac        0x8 C:\Users\AGATSUMA\Documents\LPCXpresso_8.2.2_650\workspace\TestProject_ver2.1\mbed\TARGET_LPC1768\TOOLCHAIN_GCC_CR\libmbed.a(gpio_api.o)
                0x000019ac                gpio_mode
 .text.gpio_dir
                0x000019b4       0x44 C:\Users\AGATSUMA\Documents\LPCXpresso_8.2.2_650\workspace\TestProject_ver2.1\mbed\TARGET_LPC1768\TOOLCHAIN_GCC_CR\libmbed.a(gpio_api.o)
                0x000019b4                gpio_dir
 .text.pin_function
                0x000019f8       0x50 C:\Users\AGATSUMA\Documents\LPCXpresso_8.2.2_650\workspace\TestProject_ver2.1\mbed\TARGET_LPC1768\TOOLCHAIN_GCC_CR\libmbed.a(pinmap.o)
                0x000019f8                pin_function
 .text.pin_mode
                0x00001a48       0x78 C:\Users\AGATSUMA\Documents\LPCXpresso_8.2.2_650\workspace\TestProject_ver2.1\mbed\TARGET_LPC1768\TOOLCHAIN_GCC_CR\libmbed.a(pinmap.o)
                0x00001a48                pin_mode
 .text.us_ticker_init
                0x00001ac0       0x68 C:\Users\AGATSUMA\Documents\LPCXpresso_8.2.2_650\workspace\TestProject_ver2.1\mbed\TARGET_LPC1768\TOOLCHAIN_GCC_CR\libmbed.a(us_ticker.o)
                0x00001ac0                us_ticker_init
 .text.us_ticker_read
                0x00001b28       0x1c C:\Users\AGATSUMA\Documents\LPCXpresso_8.2.2_650\workspace\TestProject_ver2.1\mbed\TARGET_LPC1768\TOOLCHAIN_GCC_CR\libmbed.a(us_ticker.o)
                0x00001b28                us_ticker_read
 .text.us_ticker_set_interrupt
                0x00001b44       0x14 C:\Users\AGATSUMA\Documents\LPCXpresso_8.2.2_650\workspace\TestProject_ver2.1\mbed\TARGET_LPC1768\TOOLCHAIN_GCC_CR\libmbed.a(us_ticker.o)
                0x00001b44                us_ticker_set_interrupt
 .text.us_ticker_disable_interrupt
                0x00001b58       0x10 C:\Users\AGATSUMA\Documents\LPCXpresso_8.2.2_650\workspace\TestProject_ver2.1\mbed\TARGET_LPC1768\TOOLCHAIN_GCC_CR\libmbed.a(us_ticker.o)
                0x00001b58                us_ticker_disable_interrupt
 .text.us_ticker_clear_interrupt
                0x00001b68        0xc C:\Users\AGATSUMA\Documents\LPCXpresso_8.2.2_650\workspace\TestProject_ver2.1\mbed\TARGET_LPC1768\TOOLCHAIN_GCC_CR\libmbed.a(us_ticker.o)
                0x00001b68                us_ticker_clear_interrupt
 .text._ZN4mbed8FileLikeD2Ev
                0x00001b74       0x24 C:\Users\AGATSUMA\Documents\LPCXpresso_8.2.2_650\workspace\TestProject_ver2.1\mbed\TARGET_LPC1768\TOOLCHAIN_GCC_CR\libmbed.a(FileLike.o)
                0x00001b74                mbed::FileLike::~FileLike()
                0x00001b74                mbed::FileLike::~FileLike()
 .text._ZThn4_N4mbed8FileLikeD1Ev
                0x00001b98        0x8 C:\Users\AGATSUMA\Documents\LPCXpresso_8.2.2_650\workspace\TestProject_ver2.1\mbed\TARGET_LPC1768\TOOLCHAIN_GCC_CR\libmbed.a(FileLike.o)
                0x00001b98                non-virtual thunk to mbed::FileLike::~FileLike()
 .text._ZN4mbed8FileLikeD0Ev
                0x00001ba0       0x2c C:\Users\AGATSUMA\Documents\LPCXpresso_8.2.2_650\workspace\TestProject_ver2.1\mbed\TARGET_LPC1768\TOOLCHAIN_GCC_CR\libmbed.a(FileLike.o)
                0x00001ba0                mbed::FileLike::~FileLike()
 .text._ZThn4_N4mbed8FileLikeD0Ev
                0x00001bcc        0x8 C:\Users\AGATSUMA\Documents\LPCXpresso_8.2.2_650\workspace\TestProject_ver2.1\mbed\TARGET_LPC1768\TOOLCHAIN_GCC_CR\libmbed.a(FileLike.o)
                0x00001bcc                non-virtual thunk to mbed::FileLike::~FileLike()
 .text._ZN4mbed8FileLikeC2EPKc
                0x00001bd4       0x28 C:\Users\AGATSUMA\Documents\LPCXpresso_8.2.2_650\workspace\TestProject_ver2.1\mbed\TARGET_LPC1768\TOOLCHAIN_GCC_CR\libmbed.a(FileLike.o)
                0x00001bd4                mbed::FileLike::FileLike(char const*)
                0x00001bd4                mbed::FileLike::FileLike(char const*)
 .text._ZN4mbed8FileBaseD2Ev
                0x00001bfc       0x30 C:\Users\AGATSUMA\Documents\LPCXpresso_8.2.2_650\workspace\TestProject_ver2.1\mbed\TARGET_LPC1768\TOOLCHAIN_GCC_CR\libmbed.a(FileBase.o)
                0x00001bfc                mbed::FileBase::~FileBase()
                0x00001bfc                mbed::FileBase::~FileBase()
 .text._ZN4mbed8FileBaseD0Ev
                0x00001c2c       0x3c C:\Users\AGATSUMA\Documents\LPCXpresso_8.2.2_650\workspace\TestProject_ver2.1\mbed\TARGET_LPC1768\TOOLCHAIN_GCC_CR\libmbed.a(FileBase.o)
                0x00001c2c                mbed::FileBase::~FileBase()
 .text._ZN4mbed8FileBaseC2EPKcNS_8PathTypeE
                0x00001c68       0x28 C:\Users\AGATSUMA\Documents\LPCXpresso_8.2.2_650\workspace\TestProject_ver2.1\mbed\TARGET_LPC1768\TOOLCHAIN_GCC_CR\libmbed.a(FileBase.o)
                0x00001c68                mbed::FileBase::FileBase(char const*, mbed::PathType)
                0x00001c68                mbed::FileBase::FileBase(char const*, mbed::PathType)
 .text._ZN4mbed8FileBase6lookupEPKcj
                0x00001c90       0x3c C:\Users\AGATSUMA\Documents\LPCXpresso_8.2.2_650\workspace\TestProject_ver2.1\mbed\TARGET_LPC1768\TOOLCHAIN_GCC_CR\libmbed.a(FileBase.o)
                0x00001c90                mbed::FileBase::lookup(char const*, unsigned int)
 .text._ZN4mbed8FileBase11getPathTypeEv
                0x00001ccc        0x4 C:\Users\AGATSUMA\Documents\LPCXpresso_8.2.2_650\workspace\TestProject_ver2.1\mbed\TARGET_LPC1768\TOOLCHAIN_GCC_CR\libmbed.a(FileBase.o)
                0x00001ccc                mbed::FileBase::getPathType()
 .text.us_ticker_irq_handler
                0x00001cd0        0xc C:\Users\AGATSUMA\Documents\LPCXpresso_8.2.2_650\workspace\TestProject_ver2.1\mbed\TARGET_LPC1768\TOOLCHAIN_GCC_CR\libmbed.a(us_ticker_api.o)
                0x00001cd0                us_ticker_irq_handler
 .text.ticker_irq_handler
                0x00001cdc       0x48 C:\Users\AGATSUMA\Documents\LPCXpresso_8.2.2_650\workspace\TestProject_ver2.1\mbed\TARGET_LPC1768\TOOLCHAIN_GCC_CR\libmbed.a(ticker_api.o)
                0x00001cdc                ticker_irq_handler
 .text          0x00001d24      0x21c c:/nxp/lpcxpresso_8.2.2_650/lpcxpresso/tools/bin/../lib/gcc/arm-none-eabi/5.4.1/armv7-m\libgcc.a(_arm_addsubsf3.o)
                0x00001d24                __aeabi_frsub
                0x00001d2c                __subsf3
                0x00001d2c                __aeabi_fsub
                0x00001d30                __aeabi_fadd
                0x00001d30                __addsf3
                0x00001e90                __aeabi_ui2f
                0x00001e90                __floatunsisf
                0x00001e98                __aeabi_i2f
                0x00001e98                __floatsisf
                0x00001eb4                __aeabi_ul2f
                0x00001eb4                __floatundisf
                0x00001ec4                __aeabi_l2f
                0x00001ec4                __floatdisf
 .text          0x00001f40      0x2a0 c:/nxp/lpcxpresso_8.2.2_650/lpcxpresso/tools/bin/../lib/gcc/arm-none-eabi/5.4.1/armv7-m\libgcc.a(_arm_muldivsf3.o)
                0x00001f40                __mulsf3
                0x00001f40                __aeabi_fmul
                0x000020a8                __aeabi_fdiv
                0x000020a8                __divsf3
 .text          0x000021e0       0xec c:/nxp/lpcxpresso_8.2.2_650/lpcxpresso/tools/bin/../lib/gcc/arm-none-eabi/5.4.1/armv7-m\libgcc.a(_arm_cmpsf2.o)
                0x000021e0                __gesf2
                0x000021e0                __gtsf2
                0x000021e8                __lesf2
                0x000021e8                __ltsf2
                0x000021f0                __nesf2
                0x000021f0                __eqsf2
                0x000021f0                __cmpsf2
                0x00002250                __aeabi_cfrcmple
                0x00002258                __aeabi_cfcmpeq
                0x00002258                __aeabi_cfcmple
                0x00002268                __aeabi_fcmpeq
                0x0000227c                __aeabi_fcmplt
                0x00002290                __aeabi_fcmple
                0x000022a4                __aeabi_fcmpge
                0x000022b8                __aeabi_fcmpgt
 .text          0x000022cc       0x40 c:/nxp/lpcxpresso_8.2.2_650/lpcxpresso/tools/bin/../lib/gcc/arm-none-eabi/5.4.1/armv7-m\libgcc.a(_arm_fixunssfsi.o)
                0x000022cc                __fixunssfsi
                0x000022cc                __aeabi_f2uiz
 .text          0x0000230c       0x30 c:/nxp/lpcxpresso_8.2.2_650/lpcxpresso/tools/bin/../lib/gcc/arm-none-eabi/5.4.1/armv7-m\libgcc.a(_aeabi_uldivmod.o)
                0x0000230c                __aeabi_uldivmod
 .text          0x0000233c      0x2ec c:/nxp/lpcxpresso_8.2.2_650/lpcxpresso/tools/bin/../lib/gcc/arm-none-eabi/5.4.1/armv7-m\libgcc.a(_udivmoddi4.o)
                0x0000233c                __udivmoddi4
 .text          0x00002628        0x4 c:/nxp/lpcxpresso_8.2.2_650/lpcxpresso/tools/bin/../lib/gcc/arm-none-eabi/5.4.1/armv7-m\libgcc.a(_dvmd_tls.o)
                0x00002628                __aeabi_idiv0
                0x00002628                __aeabi_ldiv0
 .text.abs      0x0000262c        0x8 c:/nxp/lpcxpresso_8.2.2_650/lpcxpresso/tools/bin/../lib/gcc/arm-none-eabi/5.4.1/../../../../arm-none-eabi/lib/armv7-m\libc.a(lib_a-abs.o)
                0x0000262c                abs
 .text.__errno  0x00002634        0xc c:/nxp/lpcxpresso_8.2.2_650/lpcxpresso/tools/bin/../lib/gcc/arm-none-eabi/5.4.1/../../../../arm-none-eabi/lib/armv7-m\libc.a(lib_a-errno.o)
                0x00002634                __errno
 .text._fclose_r
                0x00002640       0x84 c:/nxp/lpcxpresso_8.2.2_650/lpcxpresso/tools/bin/../lib/gcc/arm-none-eabi/5.4.1/../../../../arm-none-eabi/lib/armv7-m\libc.a(lib_a-fclose.o)
                0x00002640                _fclose_r
 .text.fclose   0x000026c4       0x10 c:/nxp/lpcxpresso_8.2.2_650/lpcxpresso/tools/bin/../lib/gcc/arm-none-eabi/5.4.1/../../../../arm-none-eabi/lib/armv7-m\libc.a(lib_a-fclose.o)
                0x000026c4                fclose
 .text.__sflush_r
                0x000026d4      0x148 c:/nxp/lpcxpresso_8.2.2_650/lpcxpresso/tools/bin/../lib/gcc/arm-none-eabi/5.4.1/../../../../arm-none-eabi/lib/armv7-m\libc.a(lib_a-fflush.o)
                0x000026d4                __sflush_r
 .text._fflush_r
                0x0000281c       0x2c c:/nxp/lpcxpresso_8.2.2_650/lpcxpresso/tools/bin/../lib/gcc/arm-none-eabi/5.4.1/../../../../arm-none-eabi/lib/armv7-m\libc.a(lib_a-fflush.o)
                0x0000281c                _fflush_r
 .text.fflush   0x00002848       0x24 c:/nxp/lpcxpresso_8.2.2_650/lpcxpresso/tools/bin/../lib/gcc/arm-none-eabi/5.4.1/../../../../arm-none-eabi/lib/armv7-m\libc.a(lib_a-fflush.o)
                0x00002848                fflush
 .text.fgetc    0x0000286c       0x3c c:/nxp/lpcxpresso_8.2.2_650/lpcxpresso/tools/bin/../lib/gcc/arm-none-eabi/5.4.1/../../../../arm-none-eabi/lib/armv7-m\libc.a(lib_a-fgetc.o)
                0x0000286c                fgetc
 .text._cleanup_r
                0x000028a8        0xc c:/nxp/lpcxpresso_8.2.2_650/lpcxpresso/tools/bin/../lib/gcc/arm-none-eabi/5.4.1/../../../../arm-none-eabi/lib/armv7-m\libc.a(lib_a-findfp.o)
                0x000028a8                _cleanup_r
 .text.__sinit.part.1
                0x000028b4       0xf0 c:/nxp/lpcxpresso_8.2.2_650/lpcxpresso/tools/bin/../lib/gcc/arm-none-eabi/5.4.1/../../../../arm-none-eabi/lib/armv7-m\libc.a(lib_a-findfp.o)
 .text.__sfmoreglue
                0x000029a4       0x30 c:/nxp/lpcxpresso_8.2.2_650/lpcxpresso/tools/bin/../lib/gcc/arm-none-eabi/5.4.1/../../../../arm-none-eabi/lib/armv7-m\libc.a(lib_a-findfp.o)
                0x000029a4                __sfmoreglue
 .text.__sfp    0x000029d4       0x88 c:/nxp/lpcxpresso_8.2.2_650/lpcxpresso/tools/bin/../lib/gcc/arm-none-eabi/5.4.1/../../../../arm-none-eabi/lib/armv7-m\libc.a(lib_a-findfp.o)
                0x000029d4                __sfp
 .text.__sinit  0x00002a5c        0xc c:/nxp/lpcxpresso_8.2.2_650/lpcxpresso/tools/bin/../lib/gcc/arm-none-eabi/5.4.1/../../../../arm-none-eabi/lib/armv7-m\libc.a(lib_a-findfp.o)
                0x00002a5c                __sinit
 .text.__sfp_lock_acquire
                0x00002a68        0x4 c:/nxp/lpcxpresso_8.2.2_650/lpcxpresso/tools/bin/../lib/gcc/arm-none-eabi/5.4.1/../../../../arm-none-eabi/lib/armv7-m\libc.a(lib_a-findfp.o)
                0x00002a68                __sfp_lock_acquire
 .text.__sfp_lock_release
                0x00002a6c        0x4 c:/nxp/lpcxpresso_8.2.2_650/lpcxpresso/tools/bin/../lib/gcc/arm-none-eabi/5.4.1/../../../../arm-none-eabi/lib/armv7-m\libc.a(lib_a-findfp.o)
                0x00002a6c                __sfp_lock_release
 .text._fopen_r
                0x00002a70       0x8c c:/nxp/lpcxpresso_8.2.2_650/lpcxpresso/tools/bin/../lib/gcc/arm-none-eabi/5.4.1/../../../../arm-none-eabi/lib/armv7-m\libc.a(lib_a-fopen.o)
                0x00002a70                _fopen_r
 .text.fopen    0x00002afc       0x10 c:/nxp/lpcxpresso_8.2.2_650/lpcxpresso/tools/bin/../lib/gcc/arm-none-eabi/5.4.1/../../../../arm-none-eabi/lib/armv7-m\libc.a(lib_a-fopen.o)
                0x00002afc                fopen
 .text._malloc_trim_r
                0x00002b0c       0x9c c:/nxp/lpcxpresso_8.2.2_650/lpcxpresso/tools/bin/../lib/gcc/arm-none-eabi/5.4.1/../../../../arm-none-eabi/lib/armv7-m\libc.a(lib_a-freer.o)
                0x00002b0c                _malloc_trim_r
 .text._free_r  0x00002ba8      0x1d0 c:/nxp/lpcxpresso_8.2.2_650/lpcxpresso/tools/bin/../lib/gcc/arm-none-eabi/5.4.1/../../../../arm-none-eabi/lib/armv7-m\libc.a(lib_a-freer.o)
                0x00002ba8                _free_r
 .text._fseek_r
                0x00002d78        0x4 c:/nxp/lpcxpresso_8.2.2_650/lpcxpresso/tools/bin/../lib/gcc/arm-none-eabi/5.4.1/../../../../arm-none-eabi/lib/armv7-m\libc.a(lib_a-fseek.o)
                0x00002d78                _fseek_r
 .text._fseeko_r
                0x00002d7c      0x2c4 c:/nxp/lpcxpresso_8.2.2_650/lpcxpresso/tools/bin/../lib/gcc/arm-none-eabi/5.4.1/../../../../arm-none-eabi/lib/armv7-m\libc.a(lib_a-fseeko.o)
                0x00002d7c                _fseeko_r
 .text._fstat_r
                0x00003040       0x28 c:/nxp/lpcxpresso_8.2.2_650/lpcxpresso/tools/bin/../lib/gcc/arm-none-eabi/5.4.1/../../../../arm-none-eabi/lib/armv7-m\libc.a(lib_a-fstatr.o)
                0x00003040                _fstat_r
 .text.__sfvwrite_r
                0x00003068      0x308 c:/nxp/lpcxpresso_8.2.2_650/lpcxpresso/tools/bin/../lib/gcc/arm-none-eabi/5.4.1/../../../../arm-none-eabi/lib/armv7-m\libc.a(lib_a-fvwrite.o)
                0x00003068                __sfvwrite_r
 .text._fwalk   0x00003370       0x48 c:/nxp/lpcxpresso_8.2.2_650/lpcxpresso/tools/bin/../lib/gcc/arm-none-eabi/5.4.1/../../../../arm-none-eabi/lib/armv7-m\libc.a(lib_a-fwalk.o)
                0x00003370                _fwalk
 .text._fwalk_reent
                0x000033b8       0x50 c:/nxp/lpcxpresso_8.2.2_650/lpcxpresso/tools/bin/../lib/gcc/arm-none-eabi/5.4.1/../../../../arm-none-eabi/lib/armv7-m\libc.a(lib_a-fwalk.o)
                0x000033b8                _fwalk_reent
 .text.__libc_init_array
                0x00003408       0x50 c:/nxp/lpcxpresso_8.2.2_650/lpcxpresso/tools/bin/../lib/gcc/arm-none-eabi/5.4.1/../../../../arm-none-eabi/lib/armv7-m\libc.a(lib_a-init.o)
                0x00003408                __libc_init_array
 .text.__swhatbuf_r
                0x00003458       0x60 c:/nxp/lpcxpresso_8.2.2_650/lpcxpresso/tools/bin/../lib/gcc/arm-none-eabi/5.4.1/../../../../arm-none-eabi/lib/armv7-m\libc.a(lib_a-makebuf.o)
                0x00003458                __swhatbuf_r
 .text.__smakebuf_r
                0x000034b8       0x88 c:/nxp/lpcxpresso_8.2.2_650/lpcxpresso/tools/bin/../lib/gcc/arm-none-eabi/5.4.1/../../../../arm-none-eabi/lib/armv7-m\libc.a(lib_a-makebuf.o)
                0x000034b8                __smakebuf_r
 .text.malloc   0x00003540       0x10 c:/nxp/lpcxpresso_8.2.2_650/lpcxpresso/tools/bin/../lib/gcc/arm-none-eabi/5.4.1/../../../../arm-none-eabi/lib/armv7-m\libc.a(lib_a-malloc.o)
                0x00003540                malloc
 .text.free     0x00003550       0x10 c:/nxp/lpcxpresso_8.2.2_650/lpcxpresso/tools/bin/../lib/gcc/arm-none-eabi/5.4.1/../../../../arm-none-eabi/lib/armv7-m\libc.a(lib_a-malloc.o)
                0x00003550                free
 .text._malloc_r
                0x00003560      0x558 c:/nxp/lpcxpresso_8.2.2_650/lpcxpresso/tools/bin/../lib/gcc/arm-none-eabi/5.4.1/../../../../arm-none-eabi/lib/armv7-m\libc.a(lib_a-mallocr.o)
                0x00003560                _malloc_r
 .text.memchr   0x00003ab8       0x8c c:/nxp/lpcxpresso_8.2.2_650/lpcxpresso/tools/bin/../lib/gcc/arm-none-eabi/5.4.1/../../../../arm-none-eabi/lib/armv7-m\libc.a(lib_a-memchr-stub.o)
                0x00003ab8                memchr
 .text          0x00003b44       0xec c:/nxp/lpcxpresso_8.2.2_650/lpcxpresso/tools/bin/../lib/gcc/arm-none-eabi/5.4.1/../../../../arm-none-eabi/lib/armv7-m\libc.a(lib_a-memcpy.o)
                0x00003b44                memcpy
 .text.memmove  0x00003c30       0xc8 c:/nxp/lpcxpresso_8.2.2_650/lpcxpresso/tools/bin/../lib/gcc/arm-none-eabi/5.4.1/../../../../arm-none-eabi/lib/armv7-m\libc.a(lib_a-memmove.o)
                0x00003c30                memmove
 .text.memset   0x00003cf8       0x9c c:/nxp/lpcxpresso_8.2.2_650/lpcxpresso/tools/bin/../lib/gcc/arm-none-eabi/5.4.1/../../../../arm-none-eabi/lib/armv7-m\libc.a(lib_a-memset.o)
                0x00003cf8                memset
 .text.__malloc_lock
                0x00003d94        0x4 c:/nxp/lpcxpresso_8.2.2_650/lpcxpresso/tools/bin/../lib/gcc/arm-none-eabi/5.4.1/../../../../arm-none-eabi/lib/armv7-m\libc.a(lib_a-mlock.o)
                0x00003d94                __malloc_lock
 .text.__malloc_unlock
                0x00003d98        0x4 c:/nxp/lpcxpresso_8.2.2_650/lpcxpresso/tools/bin/../lib/gcc/arm-none-eabi/5.4.1/../../../../arm-none-eabi/lib/armv7-m\libc.a(lib_a-mlock.o)
                0x00003d98                __malloc_unlock
 .text._open_r  0x00003d9c       0x2c c:/nxp/lpcxpresso_8.2.2_650/lpcxpresso/tools/bin/../lib/gcc/arm-none-eabi/5.4.1/../../../../arm-none-eabi/lib/armv7-m\libc.a(lib_a-openr.o)
                0x00003d9c                _open_r
 .text._realloc_r
                0x00003dc8      0x3d4 c:/nxp/lpcxpresso_8.2.2_650/lpcxpresso/tools/bin/../lib/gcc/arm-none-eabi/5.4.1/../../../../arm-none-eabi/lib/armv7-m\libc.a(lib_a-reallocr.o)
                0x00003dc8                _realloc_r
 .text.lflush   0x0000419c       0x14 c:/nxp/lpcxpresso_8.2.2_650/lpcxpresso/tools/bin/../lib/gcc/arm-none-eabi/5.4.1/../../../../arm-none-eabi/lib/armv7-m\libc.a(lib_a-refill.o)
 .text.__srefill_r
                0x000041b0      0x114 c:/nxp/lpcxpresso_8.2.2_650/lpcxpresso/tools/bin/../lib/gcc/arm-none-eabi/5.4.1/../../../../arm-none-eabi/lib/armv7-m\libc.a(lib_a-refill.o)
                0x000041b0                __srefill_r
 .text.__srget_r
                0x000042c4       0x34 c:/nxp/lpcxpresso_8.2.2_650/lpcxpresso/tools/bin/../lib/gcc/arm-none-eabi/5.4.1/../../../../arm-none-eabi/lib/armv7-m\libc.a(lib_a-rget.o)
                0x000042c4                __srget_r
 .text._sbrk_r  0x000042f8       0x24 c:/nxp/lpcxpresso_8.2.2_650/lpcxpresso/tools/bin/../lib/gcc/arm-none-eabi/5.4.1/../../../../arm-none-eabi/lib/armv7-m\libc.a(lib_a-sbrkr.o)
                0x000042f8                _sbrk_r
 .text.setbuf   0x0000431c       0x10 c:/nxp/lpcxpresso_8.2.2_650/lpcxpresso/tools/bin/../lib/gcc/arm-none-eabi/5.4.1/../../../../arm-none-eabi/lib/armv7-m\libc.a(lib_a-setbuf.o)
                0x0000431c                setbuf
 .text.setvbuf  0x0000432c      0x150 c:/nxp/lpcxpresso_8.2.2_650/lpcxpresso/tools/bin/../lib/gcc/arm-none-eabi/5.4.1/../../../../arm-none-eabi/lib/armv7-m\libc.a(lib_a-setvbuf.o)
                0x0000432c                setvbuf
 .text.sprintf  0x0000447c       0x4c c:/nxp/lpcxpresso_8.2.2_650/lpcxpresso/tools/bin/../lib/gcc/arm-none-eabi/5.4.1/../../../../arm-none-eabi/lib/armv7-m\libc.a(lib_a-sprintf.o)
                0x0000447c                sprintf
 .text.sscanf   0x000044c8       0x58 c:/nxp/lpcxpresso_8.2.2_650/lpcxpresso/tools/bin/../lib/gcc/arm-none-eabi/5.4.1/../../../../arm-none-eabi/lib/armv7-m\libc.a(lib_a-sscanf.o)
                0x000044c8                sscanf
 .text.__sread  0x00004520       0x24 c:/nxp/lpcxpresso_8.2.2_650/lpcxpresso/tools/bin/../lib/gcc/arm-none-eabi/5.4.1/../../../../arm-none-eabi/lib/armv7-m\libc.a(lib_a-stdio.o)
                0x00004520                __sread
 .text.__seofread
                0x00004544        0x4 c:/nxp/lpcxpresso_8.2.2_650/lpcxpresso/tools/bin/../lib/gcc/arm-none-eabi/5.4.1/../../../../arm-none-eabi/lib/armv7-m\libc.a(lib_a-stdio.o)
                0x00004544                __seofread
 .text.__swrite
                0x00004548       0x3c c:/nxp/lpcxpresso_8.2.2_650/lpcxpresso/tools/bin/../lib/gcc/arm-none-eabi/5.4.1/../../../../arm-none-eabi/lib/armv7-m\libc.a(lib_a-stdio.o)
                0x00004548                __swrite
 .text.__sseek  0x00004584       0x20 c:/nxp/lpcxpresso_8.2.2_650/lpcxpresso/tools/bin/../lib/gcc/arm-none-eabi/5.4.1/../../../../arm-none-eabi/lib/armv7-m\libc.a(lib_a-stdio.o)
                0x00004584                __sseek
 .text.__sclose
                0x000045a4        0x8 c:/nxp/lpcxpresso_8.2.2_650/lpcxpresso/tools/bin/../lib/gcc/arm-none-eabi/5.4.1/../../../../arm-none-eabi/lib/armv7-m\libc.a(lib_a-stdio.o)
                0x000045a4                __sclose
 .text          0x000045ac      0x1bc c:/nxp/lpcxpresso_8.2.2_650/lpcxpresso/tools/bin/../lib/gcc/arm-none-eabi/5.4.1/../../../../arm-none-eabi/lib/armv7-m\libc.a(lib_a-strcmp.o)
                0x000045ac                strcmp
 .text.strlen   0x00004768       0x5c c:/nxp/lpcxpresso_8.2.2_650/lpcxpresso/tools/bin/../lib/gcc/arm-none-eabi/5.4.1/../../../../arm-none-eabi/lib/armv7-m\libc.a(lib_a-strlen-stub.o)
                0x00004768                strlen
 .text.strncmp  0x000047c4       0x9c c:/nxp/lpcxpresso_8.2.2_650/lpcxpresso/tools/bin/../lib/gcc/arm-none-eabi/5.4.1/../../../../arm-none-eabi/lib/armv7-m\libc.a(lib_a-strncmp.o)
                0x000047c4                strncmp
 .text._svfprintf_r
                0x00004860     0x175c c:/nxp/lpcxpresso_8.2.2_650/lpcxpresso/tools/bin/../lib/gcc/arm-none-eabi/5.4.1/../../../../arm-none-eabi/lib/armv7-m\libc.a(lib_a-svfprintf.o)
                0x00004860                _svfprintf_r
 .text.__ssvfscanf_r
                0x00005fbc      0xeac c:/nxp/lpcxpresso_8.2.2_650/lpcxpresso/tools/bin/../lib/gcc/arm-none-eabi/5.4.1/../../../../arm-none-eabi/lib/armv7-m\libc.a(lib_a-svfscanf.o)
                0x00005fbc                __ssvfscanf_r
 .text._vfprintf_r
                0x00006e68     0x1788 c:/nxp/lpcxpresso_8.2.2_650/lpcxpresso/tools/bin/../lib/gcc/arm-none-eabi/5.4.1/../../../../arm-none-eabi/lib/armv7-m\libc.a(lib_a-vfprintf.o)
                0x00006e68                _vfprintf_r
 .text.vfprintf
                0x000085f0       0x18 c:/nxp/lpcxpresso_8.2.2_650/lpcxpresso/tools/bin/../lib/gcc/arm-none-eabi/5.4.1/../../../../arm-none-eabi/lib/armv7-m\libc.a(lib_a-vfprintf.o)
                0x000085f0                vfprintf
 .text.__sbprintf
                0x00008608       0x6c c:/nxp/lpcxpresso_8.2.2_650/lpcxpresso/tools/bin/../lib/gcc/arm-none-eabi/5.4.1/../../../../arm-none-eabi/lib/armv7-m\libc.a(lib_a-vfprintf.o)
 .text.__swbuf_r
                0x00008674       0xac c:/nxp/lpcxpresso_8.2.2_650/lpcxpresso/tools/bin/../lib/gcc/arm-none-eabi/5.4.1/../../../../arm-none-eabi/lib/armv7-m\libc.a(lib_a-wbuf.o)
                0x00008674                __swbuf_r
 .text._write_r
                0x00008720       0x2c c:/nxp/lpcxpresso_8.2.2_650/lpcxpresso/tools/bin/../lib/gcc/arm-none-eabi/5.4.1/../../../../arm-none-eabi/lib/armv7-m\libc.a(lib_a-writer.o)
                0x00008720                _write_r
 .text.__swsetup_r
                0x0000874c       0xc8 c:/nxp/lpcxpresso_8.2.2_650/lpcxpresso/tools/bin/../lib/gcc/arm-none-eabi/5.4.1/../../../../arm-none-eabi/lib/armv7-m\libc.a(lib_a-wsetup.o)
                0x0000874c                __swsetup_r
 .text._close_r
                0x00008814       0x24 c:/nxp/lpcxpresso_8.2.2_650/lpcxpresso/tools/bin/../lib/gcc/arm-none-eabi/5.4.1/../../../../arm-none-eabi/lib/armv7-m\libc.a(lib_a-closer.o)
                0x00008814                _close_r
 .text.quorem   0x00008838      0x12c c:/nxp/lpcxpresso_8.2.2_650/lpcxpresso/tools/bin/../lib/gcc/arm-none-eabi/5.4.1/../../../../arm-none-eabi/lib/armv7-m\libc.a(lib_a-dtoa.o)
 *fill*         0x00008964        0x4 ff
 .text._dtoa_r  0x00008968      0xe4c c:/nxp/lpcxpresso_8.2.2_650/lpcxpresso/tools/bin/../lib/gcc/arm-none-eabi/5.4.1/../../../../arm-none-eabi/lib/armv7-m\libc.a(lib_a-dtoa.o)
                0x00008968                _dtoa_r
 .text.__sflags
                0x000097b4       0x74 c:/nxp/lpcxpresso_8.2.2_650/lpcxpresso/tools/bin/../lib/gcc/arm-none-eabi/5.4.1/../../../../arm-none-eabi/lib/armv7-m\libc.a(lib_a-flags.o)
                0x000097b4                __sflags
 .text._isatty_r
                0x00009828       0x24 c:/nxp/lpcxpresso_8.2.2_650/lpcxpresso/tools/bin/../lib/gcc/arm-none-eabi/5.4.1/../../../../arm-none-eabi/lib/armv7-m\libc.a(lib_a-isattyr.o)
                0x00009828                _isatty_r
 .text.iswspace
                0x0000984c       0x1c c:/nxp/lpcxpresso_8.2.2_650/lpcxpresso/tools/bin/../lib/gcc/arm-none-eabi/5.4.1/../../../../arm-none-eabi/lib/armv7-m\libc.a(lib_a-iswspace.o)
                0x0000984c                iswspace
 .text.__locale_charset
                0x00009868        0x8 c:/nxp/lpcxpresso_8.2.2_650/lpcxpresso/tools/bin/../lib/gcc/arm-none-eabi/5.4.1/../../../../arm-none-eabi/lib/armv7-m\libc.a(lib_a-locale.o)
                0x00009868                __locale_charset
 .text.__locale_mb_cur_max
                0x00009870        0xc c:/nxp/lpcxpresso_8.2.2_650/lpcxpresso/tools/bin/../lib/gcc/arm-none-eabi/5.4.1/../../../../arm-none-eabi/lib/armv7-m\libc.a(lib_a-locale.o)
                0x00009870                __locale_mb_cur_max
 .text._localeconv_r
                0x0000987c        0x8 c:/nxp/lpcxpresso_8.2.2_650/lpcxpresso/tools/bin/../lib/gcc/arm-none-eabi/5.4.1/../../../../arm-none-eabi/lib/armv7-m\libc.a(lib_a-locale.o)
                0x0000987c                _localeconv_r
 .text._lseek_r
                0x00009884       0x2c c:/nxp/lpcxpresso_8.2.2_650/lpcxpresso/tools/bin/../lib/gcc/arm-none-eabi/5.4.1/../../../../arm-none-eabi/lib/armv7-m\libc.a(lib_a-lseekr.o)
                0x00009884                _lseek_r
 .text._mbrtowc_r
                0x000098b0       0x5c c:/nxp/lpcxpresso_8.2.2_650/lpcxpresso/tools/bin/../lib/gcc/arm-none-eabi/5.4.1/../../../../arm-none-eabi/lib/armv7-m\libc.a(lib_a-mbrtowc.o)
                0x000098b0                _mbrtowc_r
 .text.__ascii_mbtowc
                0x0000990c       0x2c c:/nxp/lpcxpresso_8.2.2_650/lpcxpresso/tools/bin/../lib/gcc/arm-none-eabi/5.4.1/../../../../arm-none-eabi/lib/armv7-m\libc.a(lib_a-mbtowc_r.o)
                0x0000990c                __ascii_mbtowc
 .text._Balloc  0x00009938       0x50 c:/nxp/lpcxpresso_8.2.2_650/lpcxpresso/tools/bin/../lib/gcc/arm-none-eabi/5.4.1/../../../../arm-none-eabi/lib/armv7-m\libc.a(lib_a-mprec.o)
                0x00009938                _Balloc
 .text._Bfree   0x00009988       0x14 c:/nxp/lpcxpresso_8.2.2_650/lpcxpresso/tools/bin/../lib/gcc/arm-none-eabi/5.4.1/../../../../arm-none-eabi/lib/armv7-m\libc.a(lib_a-mprec.o)
                0x00009988                _Bfree
 .text.__multadd
                0x0000999c       0x80 c:/nxp/lpcxpresso_8.2.2_650/lpcxpresso/tools/bin/../lib/gcc/arm-none-eabi/5.4.1/../../../../arm-none-eabi/lib/armv7-m\libc.a(lib_a-mprec.o)
                0x0000999c                __multadd
 .text.__s2b    0x00009a1c       0x98 c:/nxp/lpcxpresso_8.2.2_650/lpcxpresso/tools/bin/../lib/gcc/arm-none-eabi/5.4.1/../../../../arm-none-eabi/lib/armv7-m\libc.a(lib_a-mprec.o)
                0x00009a1c                __s2b
 .text.__hi0bits
                0x00009ab4       0x40 c:/nxp/lpcxpresso_8.2.2_650/lpcxpresso/tools/bin/../lib/gcc/arm-none-eabi/5.4.1/../../../../arm-none-eabi/lib/armv7-m\libc.a(lib_a-mprec.o)
                0x00009ab4                __hi0bits
 .text.__lo0bits
                0x00009af4       0x5c c:/nxp/lpcxpresso_8.2.2_650/lpcxpresso/tools/bin/../lib/gcc/arm-none-eabi/5.4.1/../../../../arm-none-eabi/lib/armv7-m\libc.a(lib_a-mprec.o)
                0x00009af4                __lo0bits
 .text.__i2b    0x00009b50       0x14 c:/nxp/lpcxpresso_8.2.2_650/lpcxpresso/tools/bin/../lib/gcc/arm-none-eabi/5.4.1/../../../../arm-none-eabi/lib/armv7-m\libc.a(lib_a-mprec.o)
                0x00009b50                __i2b
 .text.__multiply
                0x00009b64      0x13c c:/nxp/lpcxpresso_8.2.2_650/lpcxpresso/tools/bin/../lib/gcc/arm-none-eabi/5.4.1/../../../../arm-none-eabi/lib/armv7-m\libc.a(lib_a-mprec.o)
                0x00009b64                __multiply
 .text.__pow5mult
                0x00009ca0       0xa0 c:/nxp/lpcxpresso_8.2.2_650/lpcxpresso/tools/bin/../lib/gcc/arm-none-eabi/5.4.1/../../../../arm-none-eabi/lib/armv7-m\libc.a(lib_a-mprec.o)
                0x00009ca0                __pow5mult
 .text.__lshift
                0x00009d40       0xac c:/nxp/lpcxpresso_8.2.2_650/lpcxpresso/tools/bin/../lib/gcc/arm-none-eabi/5.4.1/../../../../arm-none-eabi/lib/armv7-m\libc.a(lib_a-mprec.o)
                0x00009d40                __lshift
 .text.__mcmp   0x00009dec       0x40 c:/nxp/lpcxpresso_8.2.2_650/lpcxpresso/tools/bin/../lib/gcc/arm-none-eabi/5.4.1/../../../../arm-none-eabi/lib/armv7-m\libc.a(lib_a-mprec.o)
                0x00009dec                __mcmp
 .text.__mdiff  0x00009e2c      0x128 c:/nxp/lpcxpresso_8.2.2_650/lpcxpresso/tools/bin/../lib/gcc/arm-none-eabi/5.4.1/../../../../arm-none-eabi/lib/armv7-m\libc.a(lib_a-mprec.o)
                0x00009e2c                __mdiff
 .text.__ulp    0x00009f54       0x44 c:/nxp/lpcxpresso_8.2.2_650/lpcxpresso/tools/bin/../lib/gcc/arm-none-eabi/5.4.1/../../../../arm-none-eabi/lib/armv7-m\libc.a(lib_a-mprec.o)
                0x00009f54                __ulp
 .text.__b2d    0x00009f98       0xd4 c:/nxp/lpcxpresso_8.2.2_650/lpcxpresso/tools/bin/../lib/gcc/arm-none-eabi/5.4.1/../../../../arm-none-eabi/lib/armv7-m\libc.a(lib_a-mprec.o)
                0x00009f98                __b2d
 .text.__d2b    0x0000a06c       0xa8 c:/nxp/lpcxpresso_8.2.2_650/lpcxpresso/tools/bin/../lib/gcc/arm-none-eabi/5.4.1/../../../../arm-none-eabi/lib/armv7-m\libc.a(lib_a-mprec.o)
                0x0000a06c                __d2b
 .text.__ratio  0x0000a114       0x54 c:/nxp/lpcxpresso_8.2.2_650/lpcxpresso/tools/bin/../lib/gcc/arm-none-eabi/5.4.1/../../../../arm-none-eabi/lib/armv7-m\libc.a(lib_a-mprec.o)
                0x0000a114                __ratio
 .text.__copybits
                0x0000a168       0x48 c:/nxp/lpcxpresso_8.2.2_650/lpcxpresso/tools/bin/../lib/gcc/arm-none-eabi/5.4.1/../../../../arm-none-eabi/lib/armv7-m\libc.a(lib_a-mprec.o)
                0x0000a168                __copybits
 .text.__any_on
                0x0000a1b0       0x5c c:/nxp/lpcxpresso_8.2.2_650/lpcxpresso/tools/bin/../lib/gcc/arm-none-eabi/5.4.1/../../../../arm-none-eabi/lib/armv7-m\libc.a(lib_a-mprec.o)
                0x0000a1b0                __any_on
 .text._read_r  0x0000a20c       0x2c c:/nxp/lpcxpresso_8.2.2_650/lpcxpresso/tools/bin/../lib/gcc/arm-none-eabi/5.4.1/../../../../arm-none-eabi/lib/armv7-m\libc.a(lib_a-readr.o)
                0x0000a20c                _read_r
 .text.__sccl   0x0000a238       0x74 c:/nxp/lpcxpresso_8.2.2_650/lpcxpresso/tools/bin/../lib/gcc/arm-none-eabi/5.4.1/../../../../arm-none-eabi/lib/armv7-m\libc.a(lib_a-sccl.o)
                0x0000a238                __sccl
 .text.nanf     0x0000a2ac        0x8 c:/nxp/lpcxpresso_8.2.2_650/lpcxpresso/tools/bin/../lib/gcc/arm-none-eabi/5.4.1/../../../../arm-none-eabi/lib/armv7-m\libc.a(lib_a-sf_nan.o)
                0x0000a2ac                nanf
 .text.sulp     0x0000a2b4       0x44 c:/nxp/lpcxpresso_8.2.2_650/lpcxpresso/tools/bin/../lib/gcc/arm-none-eabi/5.4.1/../../../../arm-none-eabi/lib/armv7-m\libc.a(lib_a-strtod.o)
 .text._strtod_r
                0x0000a2f8      0xecc c:/nxp/lpcxpresso_8.2.2_650/lpcxpresso/tools/bin/../lib/gcc/arm-none-eabi/5.4.1/../../../../arm-none-eabi/lib/armv7-m\libc.a(lib_a-strtod.o)
                0x0000a2f8                _strtod_r
 .text._strtol_r
                0x0000b1c4      0x128 c:/nxp/lpcxpresso_8.2.2_650/lpcxpresso/tools/bin/../lib/gcc/arm-none-eabi/5.4.1/../../../../arm-none-eabi/lib/armv7-m\libc.a(lib_a-strtol.o)
                0x0000b1c4                _strtol_r
 .text._strtoll_r
                0x0000b2ec      0x1b4 c:/nxp/lpcxpresso_8.2.2_650/lpcxpresso/tools/bin/../lib/gcc/arm-none-eabi/5.4.1/../../../../arm-none-eabi/lib/armv7-m\libc.a(lib_a-strtoll_r.o)
                0x0000b2ec                _strtoll_r
 .text._strtoul_r
                0x0000b4a0      0x134 c:/nxp/lpcxpresso_8.2.2_650/lpcxpresso/tools/bin/../lib/gcc/arm-none-eabi/5.4.1/../../../../arm-none-eabi/lib/armv7-m\libc.a(lib_a-strtoul.o)
                0x0000b4a0                _strtoul_r
 .text._strtoull_r
                0x0000b5d4      0x1c8 c:/nxp/lpcxpresso_8.2.2_650/lpcxpresso/tools/bin/../lib/gcc/arm-none-eabi/5.4.1/../../../../arm-none-eabi/lib/armv7-m\libc.a(lib_a-strtoull_r.o)
                0x0000b5d4                _strtoull_r
 .text.__ssprint_r
                0x0000b79c      0x100 c:/nxp/lpcxpresso_8.2.2_650/lpcxpresso/tools/bin/../lib/gcc/arm-none-eabi/5.4.1/../../../../arm-none-eabi/lib/armv7-m\libc.a(lib_a-svfiprintf.o)
                0x0000b79c                __ssprint_r
 .text._sungetc_r
                0x0000b89c       0x8c c:/nxp/lpcxpresso_8.2.2_650/lpcxpresso/tools/bin/../lib/gcc/arm-none-eabi/5.4.1/../../../../arm-none-eabi/lib/armv7-m\libc.a(lib_a-svfiscanf.o)
                0x0000b89c                _sungetc_r
 .text.__ssrefill_r
                0x0000b928       0x3c c:/nxp/lpcxpresso_8.2.2_650/lpcxpresso/tools/bin/../lib/gcc/arm-none-eabi/5.4.1/../../../../arm-none-eabi/lib/armv7-m\libc.a(lib_a-svfiscanf.o)
                0x0000b928                __ssrefill_r
 .text._sfread_r
                0x0000b964       0x84 c:/nxp/lpcxpresso_8.2.2_650/lpcxpresso/tools/bin/../lib/gcc/arm-none-eabi/5.4.1/../../../../arm-none-eabi/lib/armv7-m\libc.a(lib_a-svfiscanf.o)
                0x0000b964                _sfread_r
 .text.__submore
                0x0000b9e8       0x7c c:/nxp/lpcxpresso_8.2.2_650/lpcxpresso/tools/bin/../lib/gcc/arm-none-eabi/5.4.1/../../../../arm-none-eabi/lib/armv7-m\libc.a(lib_a-ungetc.o)
                0x0000b9e8                __submore
 .text.__sprint_r.part.0
                0x0000ba64       0x78 c:/nxp/lpcxpresso_8.2.2_650/lpcxpresso/tools/bin/../lib/gcc/arm-none-eabi/5.4.1/../../../../arm-none-eabi/lib/armv7-m\libc.a(lib_a-vfiprintf.o)
 .text.__sprint_r
                0x0000badc       0x14 c:/nxp/lpcxpresso_8.2.2_650/lpcxpresso/tools/bin/../lib/gcc/arm-none-eabi/5.4.1/../../../../arm-none-eabi/lib/armv7-m\libc.a(lib_a-vfiprintf.o)
                0x0000badc                __sprint_r
 .text._calloc_r
                0x0000baf0       0x60 c:/nxp/lpcxpresso_8.2.2_650/lpcxpresso/tools/bin/../lib/gcc/arm-none-eabi/5.4.1/../../../../arm-none-eabi/lib/armv7-m\libc.a(lib_a-callocr.o)
                0x0000baf0                _calloc_r
 .text.__fputwc
                0x0000bb50       0x94 c:/nxp/lpcxpresso_8.2.2_650/lpcxpresso/tools/bin/../lib/gcc/arm-none-eabi/5.4.1/../../../../arm-none-eabi/lib/armv7-m\libc.a(lib_a-fputwc.o)
                0x0000bb50                __fputwc
 .text._fputwc_r
                0x0000bbe4       0x24 c:/nxp/lpcxpresso_8.2.2_650/lpcxpresso/tools/bin/../lib/gcc/arm-none-eabi/5.4.1/../../../../arm-none-eabi/lib/armv7-m\libc.a(lib_a-fputwc.o)
                0x0000bbe4                _fputwc_r
 .text.rshift   0x0000bc08       0xa8 c:/nxp/lpcxpresso_8.2.2_650/lpcxpresso/tools/bin/../lib/gcc/arm-none-eabi/5.4.1/../../../../arm-none-eabi/lib/armv7-m\libc.a(lib_a-gdtoa-gethex.o)
 .text.__gethex
                0x0000bcb0      0x50c c:/nxp/lpcxpresso_8.2.2_650/lpcxpresso/tools/bin/../lib/gcc/arm-none-eabi/5.4.1/../../../../arm-none-eabi/lib/armv7-m\libc.a(lib_a-gdtoa-gethex.o)
                0x0000bcb0                __gethex
 .text.__match  0x0000c1bc       0x30 c:/nxp/lpcxpresso_8.2.2_650/lpcxpresso/tools/bin/../lib/gcc/arm-none-eabi/5.4.1/../../../../arm-none-eabi/lib/armv7-m\libc.a(lib_a-gdtoa-hexnan.o)
                0x0000c1bc                __match
 .text.__hexnan
                0x0000c1ec      0x180 c:/nxp/lpcxpresso_8.2.2_650/lpcxpresso/tools/bin/../lib/gcc/arm-none-eabi/5.4.1/../../../../arm-none-eabi/lib/armv7-m\libc.a(lib_a-gdtoa-hexnan.o)
                0x0000c1ec                __hexnan
 .text._wcrtomb_r
                0x0000c36c       0x54 c:/nxp/lpcxpresso_8.2.2_650/lpcxpresso/tools/bin/../lib/gcc/arm-none-eabi/5.4.1/../../../../arm-none-eabi/lib/armv7-m\libc.a(lib_a-wcrtomb.o)
                0x0000c36c                _wcrtomb_r
 .text.__ascii_wctomb
                0x0000c3c0       0x1c c:/nxp/lpcxpresso_8.2.2_650/lpcxpresso/tools/bin/../lib/gcc/arm-none-eabi/5.4.1/../../../../arm-none-eabi/lib/armv7-m\libc.a(lib_a-wctomb_r.o)
                0x0000c3c0                __ascii_wctomb
 .text._sbrk    0x0000c3dc       0x3c c:/nxp/lpcxpresso_8.2.2_650/lpcxpresso/tools/bin/../lib/gcc/arm-none-eabi/5.4.1/../../../../arm-none-eabi/lib/armv7-m\libcr_newlib_nohost.a(_cr_sbrk.o)
                0x0000c3dc                _sbrk
 .text.__check_heap_overflow
                0x0000c418       0x18 c:/nxp/lpcxpresso_8.2.2_650/lpcxpresso/tools/bin/../lib/gcc/arm-none-eabi/5.4.1/../../../../arm-none-eabi/lib/armv7-m\libcr_newlib_nohost.a(_cr_check_heap.o)
                0x0000c418                __check_heap_overflow
 .text          0x0000c430       0x5c c:/nxp/lpcxpresso_8.2.2_650/lpcxpresso/tools/bin/../lib/gcc/arm-none-eabi/5.4.1/armv7-m\crtbegin.o
 .text          0x0000c48c      0x370 c:/nxp/lpcxpresso_8.2.2_650/lpcxpresso/tools/bin/../lib/gcc/arm-none-eabi/5.4.1/armv7-m\libgcc.a(_arm_addsubdf3.o)
                0x0000c48c                __aeabi_drsub
                0x0000c494                __aeabi_dsub
                0x0000c494                __subdf3
                0x0000c498                __aeabi_dadd
                0x0000c498                __adddf3
                0x0000c710                __floatunsidf
                0x0000c710                __aeabi_ui2d
                0x0000c730                __floatsidf
                0x0000c730                __aeabi_i2d
                0x0000c754                __aeabi_f2d
                0x0000c754                __extendsfdf2
                0x0000c790                __floatundidf
                0x0000c790                __aeabi_ul2d
                0x0000c7a0                __floatdidf
                0x0000c7a0                __aeabi_l2d
 .text          0x0000c7fc      0x424 c:/nxp/lpcxpresso_8.2.2_650/lpcxpresso/tools/bin/../lib/gcc/arm-none-eabi/5.4.1/armv7-m\libgcc.a(_arm_muldivdf3.o)
                0x0000c7fc                __aeabi_dmul
                0x0000c7fc                __muldf3
                0x0000ca50                __divdf3
                0x0000ca50                __aeabi_ddiv
 .text          0x0000cc20      0x110 c:/nxp/lpcxpresso_8.2.2_650/lpcxpresso/tools/bin/../lib/gcc/arm-none-eabi/5.4.1/armv7-m\libgcc.a(_arm_cmpdf2.o)
                0x0000cc20                __gtdf2
                0x0000cc20                __gedf2
                0x0000cc28                __ltdf2
                0x0000cc28                __ledf2
                0x0000cc30                __nedf2
                0x0000cc30                __eqdf2
                0x0000cc30                __cmpdf2
                0x0000ccac                __aeabi_cdrcmple
                0x0000ccbc                __aeabi_cdcmpeq
                0x0000ccbc                __aeabi_cdcmple
                0x0000cccc                __aeabi_dcmpeq
                0x0000cce0                __aeabi_dcmplt
                0x0000ccf4                __aeabi_dcmple
                0x0000cd08                __aeabi_dcmpge
                0x0000cd1c                __aeabi_dcmpgt
 .text          0x0000cd30       0x2c c:/nxp/lpcxpresso_8.2.2_650/lpcxpresso/tools/bin/../lib/gcc/arm-none-eabi/5.4.1/armv7-m\libgcc.a(_arm_unorddf2.o)
                0x0000cd30                __unorddf2
                0x0000cd30                __aeabi_dcmpun
 .text          0x0000cd5c       0x50 c:/nxp/lpcxpresso_8.2.2_650/lpcxpresso/tools/bin/../lib/gcc/arm-none-eabi/5.4.1/armv7-m\libgcc.a(_arm_fixdfsi.o)
                0x0000cd5c                __aeabi_d2iz
                0x0000cd5c                __fixdfsi
 .text          0x0000cdac       0x40 c:/nxp/lpcxpresso_8.2.2_650/lpcxpresso/tools/bin/../lib/gcc/arm-none-eabi/5.4.1/armv7-m\libgcc.a(_arm_fixunsdfsi.o)
                0x0000cdac                __aeabi_d2uiz
                0x0000cdac                __fixunsdfsi
 .text          0x0000cdec       0xa0 c:/nxp/lpcxpresso_8.2.2_650/lpcxpresso/tools/bin/../lib/gcc/arm-none-eabi/5.4.1/armv7-m\libgcc.a(_arm_truncdfsf2.o)
                0x0000cdec                __truncdfsf2
                0x0000cdec                __aeabi_d2f
 *(.rodata .rodata.*)
 .rodata.str1.1
                0x0000ce8c       0xa2 ./main.o
 *fill*         0x0000cf2e        0x2 ff
 .rodata.str1.4
                0x0000cf30       0x80 C:/Users/AGATSUMA/Documents/LPCXpresso_8.2.2_650/workspace/TestProject_ver2.1/mbed/TARGET_LPC1768/TOOLCHAIN_GCC_CR/board.o
 .rodata.__stdin_name
                0x0000cfb0        0x8 C:/Users/AGATSUMA/Documents/LPCXpresso_8.2.2_650/workspace/TestProject_ver2.1/mbed/TARGET_LPC1768/TOOLCHAIN_GCC_CR/retarget.o
                0x0000cfb0                __stdin_name
 .rodata.__stderr_name
                0x0000cfb8        0x8 C:/Users/AGATSUMA/Documents/LPCXpresso_8.2.2_650/workspace/TestProject_ver2.1/mbed/TARGET_LPC1768/TOOLCHAIN_GCC_CR/retarget.o
                0x0000cfb8                __stderr_name
 .rodata.__stdout_name
                0x0000cfc0        0x8 C:/Users/AGATSUMA/Documents/LPCXpresso_8.2.2_650/workspace/TestProject_ver2.1/mbed/TARGET_LPC1768/TOOLCHAIN_GCC_CR/retarget.o
                0x0000cfc0                __stdout_name
 .rodata._ZTVN4mbed10FileHandleE
                0x0000cfc8       0x30 C:/Users/AGATSUMA/Documents/LPCXpresso_8.2.2_650/workspace/TestProject_ver2.1/mbed/TARGET_LPC1768/TOOLCHAIN_GCC_CR/retarget.o
                0x0000cfc8                vtable for mbed::FileHandle
 .rodata.str1.4
                0x0000cff8        0xe C:/Users/AGATSUMA/Documents/LPCXpresso_8.2.2_650/workspace/TestProject_ver2.1/mbed/TARGET_LPC1768/TOOLCHAIN_GCC_CR/retarget.o
                                 0x10 (size before relaxing)
 *fill*         0x0000d006        0x2 ff
 .rodata.PinMap_PWM
                0x0000d008       0xb4 C:\Users\AGATSUMA\Documents\LPCXpresso_8.2.2_650\workspace\TestProject_ver2.1\mbed\TARGET_LPC1768\TOOLCHAIN_GCC_CR\libmbed.a(pwmout_api.o)
 .rodata.str1.4
                0x0000d0bc       0x7c C:\Users\AGATSUMA\Documents\LPCXpresso_8.2.2_650\workspace\TestProject_ver2.1\mbed\TARGET_LPC1768\TOOLCHAIN_GCC_CR\libmbed.a(pwmout_api.o)
 .rodata.PinMap_UART_RTS
                0x0000d138       0x24 C:\Users\AGATSUMA\Documents\LPCXpresso_8.2.2_650\workspace\TestProject_ver2.1\mbed\TARGET_LPC1768\TOOLCHAIN_GCC_CR\libmbed.a(serial_api.o)
 .rodata.CSWTCH.24
                0x0000d15c       0x10 C:\Users\AGATSUMA\Documents\LPCXpresso_8.2.2_650\workspace\TestProject_ver2.1\mbed\TARGET_LPC1768\TOOLCHAIN_GCC_CR\libmbed.a(serial_api.o)
 .rodata.PinMap_UART_RX
                0x0000d16c       0x6c C:\Users\AGATSUMA\Documents\LPCXpresso_8.2.2_650\workspace\TestProject_ver2.1\mbed\TARGET_LPC1768\TOOLCHAIN_GCC_CR\libmbed.a(serial_api.o)
 .rodata.str1.4
                0x0000d1d8      0x1d0 C:\Users\AGATSUMA\Documents\LPCXpresso_8.2.2_650\workspace\TestProject_ver2.1\mbed\TARGET_LPC1768\TOOLCHAIN_GCC_CR\libmbed.a(serial_api.o)
                                0x1e8 (size before relaxing)
 .rodata.PinMap_UART_TX
                0x0000d3a8       0x6c C:\Users\AGATSUMA\Documents\LPCXpresso_8.2.2_650\workspace\TestProject_ver2.1\mbed\TARGET_LPC1768\TOOLCHAIN_GCC_CR\libmbed.a(serial_api.o)
 .rodata.PinMap_UART_CTS
                0x0000d414       0x24 C:\Users\AGATSUMA\Documents\LPCXpresso_8.2.2_650\workspace\TestProject_ver2.1\mbed\TARGET_LPC1768\TOOLCHAIN_GCC_CR\libmbed.a(serial_api.o)
 .rodata._ZTVN4mbed10SerialBaseE
                0x0000d438       0x10 C:\Users\AGATSUMA\Documents\LPCXpresso_8.2.2_650\workspace\TestProject_ver2.1\mbed\TARGET_LPC1768\TOOLCHAIN_GCC_CR\libmbed.a(Serial.o)
                0x0000d438                vtable for mbed::SerialBase
 .rodata._ZTVN4mbed6SerialE
                0x0000d448       0x60 C:\Users\AGATSUMA\Documents\LPCXpresso_8.2.2_650\workspace\TestProject_ver2.1\mbed\TARGET_LPC1768\TOOLCHAIN_GCC_CR\libmbed.a(Serial.o)
                0x0000d448                vtable for mbed::Serial
 .rodata._ZTVN4mbed6StreamE
                0x0000d4a8       0x48 C:\Users\AGATSUMA\Documents\LPCXpresso_8.2.2_650\workspace\TestProject_ver2.1\mbed\TARGET_LPC1768\TOOLCHAIN_GCC_CR\libmbed.a(Stream.o)
                0x0000d4a8                vtable for mbed::Stream
 .rodata.str1.4
                0x0000d4f0        0x3 C:\Users\AGATSUMA\Documents\LPCXpresso_8.2.2_650\workspace\TestProject_ver2.1\mbed\TARGET_LPC1768\TOOLCHAIN_GCC_CR\libmbed.a(Stream.o)
                                  0x8 (size before relaxing)
 *fill*         0x0000d4f3        0x1 ff
 .rodata.str1.4
                0x0000d4f4       0x31 C:\Users\AGATSUMA\Documents\LPCXpresso_8.2.2_650\workspace\TestProject_ver2.1\mbed\TARGET_LPC1768\TOOLCHAIN_GCC_CR\libmbed.a(assert.o)
                                 0x34 (size before relaxing)
 .rodata.str1.4
                0x0000d525       0x80 C:\Users\AGATSUMA\Documents\LPCXpresso_8.2.2_650\workspace\TestProject_ver2.1\mbed\TARGET_LPC1768\TOOLCHAIN_GCC_CR\libmbed.a(gpio.o)
 *fill*         0x0000d525        0x3 ff
 .rodata.str1.4
                0x0000d528       0x66 C:\Users\AGATSUMA\Documents\LPCXpresso_8.2.2_650\workspace\TestProject_ver2.1\mbed\TARGET_LPC1768\TOOLCHAIN_GCC_CR\libmbed.a(pinmap_common.o)
                                 0x68 (size before relaxing)
 *fill*         0x0000d58e        0x2 ff
 .rodata.str1.4
                0x0000d590       0x7a C:\Users\AGATSUMA\Documents\LPCXpresso_8.2.2_650\workspace\TestProject_ver2.1\mbed\TARGET_LPC1768\TOOLCHAIN_GCC_CR\libmbed.a(gpio_api.o)
                                 0x94 (size before relaxing)
 *fill*         0x0000d60a        0x2 ff
 .rodata.str1.4
                0x0000d60c       0x64 C:\Users\AGATSUMA\Documents\LPCXpresso_8.2.2_650\workspace\TestProject_ver2.1\mbed\TARGET_LPC1768\TOOLCHAIN_GCC_CR\libmbed.a(pinmap.o)
                                 0x78 (size before relaxing)
 .rodata._ZTVN4mbed8FileLikeE
                0x0000d670       0x40 C:\Users\AGATSUMA\Documents\LPCXpresso_8.2.2_650\workspace\TestProject_ver2.1\mbed\TARGET_LPC1768\TOOLCHAIN_GCC_CR\libmbed.a(FileLike.o)
                0x0000d670                vtable for mbed::FileLike
 .rodata._ZTVN4mbed8FileBaseE
                0x0000d6b0       0x10 C:\Users\AGATSUMA\Documents\LPCXpresso_8.2.2_650\workspace\TestProject_ver2.1\mbed\TARGET_LPC1768\TOOLCHAIN_GCC_CR\libmbed.a(FileBase.o)
                0x0000d6b0                vtable for mbed::FileBase
 .rodata.us_interface
                0x0000d6c0       0x14 C:\Users\AGATSUMA\Documents\LPCXpresso_8.2.2_650\workspace\TestProject_ver2.1\mbed\TARGET_LPC1768\TOOLCHAIN_GCC_CR\libmbed.a(us_ticker_api.o)
 .rodata.us_data
                0x0000d6d4        0x8 C:\Users\AGATSUMA\Documents\LPCXpresso_8.2.2_650\workspace\TestProject_ver2.1\mbed\TARGET_LPC1768\TOOLCHAIN_GCC_CR\libmbed.a(us_ticker_api.o)
 .rodata.str1.4
                0x0000d6dc        0x2 c:/nxp/lpcxpresso_8.2.2_650/lpcxpresso/tools/bin/../lib/gcc/arm-none-eabi/5.4.1/../../../../arm-none-eabi/lib/armv7-m\libc.a(lib_a-impure.o)
 *fill*         0x0000d6de        0x2 ff
 .rodata._global_impure_ptr
                0x0000d6e0        0x4 c:/nxp/lpcxpresso_8.2.2_650/lpcxpresso/tools/bin/../lib/gcc/arm-none-eabi/5.4.1/../../../../arm-none-eabi/lib/armv7-m\libc.a(lib_a-impure.o)
                0x0000d6e0                _global_impure_ptr
 .rodata.blanks.7055
                0x0000d6e4       0x10 c:/nxp/lpcxpresso_8.2.2_650/lpcxpresso/tools/bin/../lib/gcc/arm-none-eabi/5.4.1/../../../../arm-none-eabi/lib/armv7-m\libc.a(lib_a-svfprintf.o)
 .rodata.str1.4
                0x0000d6f4       0x42 c:/nxp/lpcxpresso_8.2.2_650/lpcxpresso/tools/bin/../lib/gcc/arm-none-eabi/5.4.1/../../../../arm-none-eabi/lib/armv7-m\libc.a(lib_a-svfprintf.o)
 *fill*         0x0000d736        0x2 ff
 .rodata.zeroes.7056
                0x0000d738       0x10 c:/nxp/lpcxpresso_8.2.2_650/lpcxpresso/tools/bin/../lib/gcc/arm-none-eabi/5.4.1/../../../../arm-none-eabi/lib/armv7-m\libc.a(lib_a-svfprintf.o)
 .rodata.str1.4
                0x0000d748        0x5 c:/nxp/lpcxpresso_8.2.2_650/lpcxpresso/tools/bin/../lib/gcc/arm-none-eabi/5.4.1/../../../../arm-none-eabi/lib/armv7-m\libc.a(lib_a-svfscanf.o)
 *fill*         0x0000d74d        0x3 ff
 .rodata.basefix.7019
                0x0000d750       0x22 c:/nxp/lpcxpresso_8.2.2_650/lpcxpresso/tools/bin/../lib/gcc/arm-none-eabi/5.4.1/../../../../arm-none-eabi/lib/armv7-m\libc.a(lib_a-svfscanf.o)
 *fill*         0x0000d772        0x2 ff
 .rodata.blanks.7070
                0x0000d774       0x10 c:/nxp/lpcxpresso_8.2.2_650/lpcxpresso/tools/bin/../lib/gcc/arm-none-eabi/5.4.1/../../../../arm-none-eabi/lib/armv7-m\libc.a(lib_a-vfprintf.o)
 .rodata.str1.4
                0x0000d784       0x42 c:/nxp/lpcxpresso_8.2.2_650/lpcxpresso/tools/bin/../lib/gcc/arm-none-eabi/5.4.1/../../../../arm-none-eabi/lib/armv7-m\libc.a(lib_a-vfprintf.o)
 .rodata.zeroes.7071
                0x0000d784       0x10 c:/nxp/lpcxpresso_8.2.2_650/lpcxpresso/tools/bin/../lib/gcc/arm-none-eabi/5.4.1/../../../../arm-none-eabi/lib/armv7-m\libc.a(lib_a-vfprintf.o)
 .rodata._ctype_
                0x0000d794      0x101 c:/nxp/lpcxpresso_8.2.2_650/lpcxpresso/tools/bin/../lib/gcc/arm-none-eabi/5.4.1/../../../../arm-none-eabi/lib/armv7-m\libc.a(lib_a-ctype_.o)
                0x0000d794                _ctype_
 *fill*         0x0000d895        0x3 ff
 .rodata.str1.4
                0x0000d898       0x10 c:/nxp/lpcxpresso_8.2.2_650/lpcxpresso/tools/bin/../lib/gcc/arm-none-eabi/5.4.1/../../../../arm-none-eabi/lib/armv7-m\libc.a(lib_a-dtoa.o)
                                 0x12 (size before relaxing)
 .rodata.str1.4
                0x0000d8a8        0xa c:/nxp/lpcxpresso_8.2.2_650/lpcxpresso/tools/bin/../lib/gcc/arm-none-eabi/5.4.1/../../../../arm-none-eabi/lib/armv7-m\libc.a(lib_a-locale.o)
                                 0x12 (size before relaxing)
 .rodata.str1.4
                0x0000d8b2        0x1 c:/nxp/lpcxpresso_8.2.2_650/lpcxpresso/tools/bin/../lib/gcc/arm-none-eabi/5.4.1/../../../../arm-none-eabi/lib/armv7-m\libc.a(lib_a-mbrtowc.o)
 *fill*         0x0000d8b2        0x6 ff
 .rodata.__mprec_tens
                0x0000d8b8       0xc8 c:/nxp/lpcxpresso_8.2.2_650/lpcxpresso/tools/bin/../lib/gcc/arm-none-eabi/5.4.1/../../../../arm-none-eabi/lib/armv7-m\libc.a(lib_a-mprec.o)
                0x0000d8b8                __mprec_tens
 .rodata.__mprec_bigtens
                0x0000d980       0x28 c:/nxp/lpcxpresso_8.2.2_650/lpcxpresso/tools/bin/../lib/gcc/arm-none-eabi/5.4.1/../../../../arm-none-eabi/lib/armv7-m\libc.a(lib_a-mprec.o)
                0x0000d980                __mprec_bigtens
 .rodata.p05.5396
                0x0000d9a8        0xc c:/nxp/lpcxpresso_8.2.2_650/lpcxpresso/tools/bin/../lib/gcc/arm-none-eabi/5.4.1/../../../../arm-none-eabi/lib/armv7-m\libc.a(lib_a-mprec.o)
 *fill*         0x0000d9b4        0x4 ff
 .rodata.tinytens
                0x0000d9b8       0x28 c:/nxp/lpcxpresso_8.2.2_650/lpcxpresso/tools/bin/../lib/gcc/arm-none-eabi/5.4.1/../../../../arm-none-eabi/lib/armv7-m\libc.a(lib_a-strtod.o)
 .rodata.fpi.5357
                0x0000d9e0       0x14 c:/nxp/lpcxpresso_8.2.2_650/lpcxpresso/tools/bin/../lib/gcc/arm-none-eabi/5.4.1/../../../../arm-none-eabi/lib/armv7-m\libc.a(lib_a-strtod.o)
 .rodata.str1.4
                0x0000d9f4       0x10 c:/nxp/lpcxpresso_8.2.2_650/lpcxpresso/tools/bin/../lib/gcc/arm-none-eabi/5.4.1/../../../../arm-none-eabi/lib/armv7-m\libc.a(lib_a-strtod.o)
                                  0xf (size before relaxing)
 .rodata.fpinan.5393
                0x0000da04       0x14 c:/nxp/lpcxpresso_8.2.2_650/lpcxpresso/tools/bin/../lib/gcc/arm-none-eabi/5.4.1/../../../../arm-none-eabi/lib/armv7-m\libc.a(lib_a-strtod.o)
 .rodata.__hexdig
                0x0000da18      0x100 c:/nxp/lpcxpresso_8.2.2_650/lpcxpresso/tools/bin/../lib/gcc/arm-none-eabi/5.4.1/../../../../arm-none-eabi/lib/armv7-m\libc.a(lib_a-gdtoa-gethex.o)
                0x0000da18                __hexdig
                0x0000db18                . = ALIGN (0x4)
                0x0000db18                . = ALIGN (0x4)
 *(.init)
 .init          0x0000db18        0x4 c:/nxp/lpcxpresso_8.2.2_650/lpcxpresso/tools/bin/../lib/gcc/arm-none-eabi/5.4.1/armv7-m\crti.o
                0x0000db18                _init
 .init          0x0000db1c        0x8 c:/nxp/lpcxpresso_8.2.2_650/lpcxpresso/tools/bin/../lib/gcc/arm-none-eabi/5.4.1/armv7-m\crtn.o
                0x0000db24                . = ALIGN (0x4)
                0x0000db24                __preinit_array_start = .
 *(.preinit_array)
                0x0000db24                __preinit_array_end = .
                0x0000db24                . = ALIGN (0x4)
                0x0000db24                __init_array_start = .
 *(SORT(.init_array.*))
 *(.init_array)
 .init_array    0x0000db24        0x4 ./main.o
 .init_array    0x0000db28        0x4 c:/nxp/lpcxpresso_8.2.2_650/lpcxpresso/tools/bin/../lib/gcc/arm-none-eabi/5.4.1/armv7-m\crtbegin.o
                0x0000db2c                __init_array_end = .
 *(.fini)
 .fini          0x0000db2c        0x4 c:/nxp/lpcxpresso_8.2.2_650/lpcxpresso/tools/bin/../lib/gcc/arm-none-eabi/5.4.1/armv7-m\crti.o
                0x0000db2c                _fini
 .fini          0x0000db30        0x8 c:/nxp/lpcxpresso_8.2.2_650/lpcxpresso/tools/bin/../lib/gcc/arm-none-eabi/5.4.1/armv7-m\crtn.o
                0x0000db38                . = ALIGN (0x4)
 *crtbegin.o(.ctors)
 *(EXCLUDE_FILE(*crtend.o) .ctors)
 *(SORT(.ctors.*))
 *crtend.o(.ctors)
                0x0000db38                . = ALIGN (0x4)
 *crtbegin.o(.dtors)
 *(EXCLUDE_FILE(*crtend.o) .dtors)
 *(SORT(.dtors.*))
 *crtend.o(.dtors)

.glue_7         0x0000db38        0x0
 .glue_7        0x0000db38        0x0 linker stubs

.glue_7t        0x0000db38        0x0
 .glue_7t       0x0000db38        0x0 linker stubs

.vfp11_veneer   0x0000db38        0x0
 .vfp11_veneer  0x0000db38        0x0 linker stubs

.v4_bx          0x0000db38        0x0
 .v4_bx         0x0000db38        0x0 linker stubs

.iplt           0x0000db38        0x0
 .iplt          0x0000db38        0x0 ./main.o

.ARM.extab
 *(.ARM.extab* .gnu.linkonce.armextab.*)
                0x0000db38                __exidx_start = .

.ARM.exidx      0x0000db38        0x8
 *(.ARM.exidx* .gnu.linkonce.armexidx.*)
 .ARM.exidx     0x0000db38        0x8 c:/nxp/lpcxpresso_8.2.2_650/lpcxpresso/tools/bin/../lib/gcc/arm-none-eabi/5.4.1/armv7-m\libgcc.a(_udivmoddi4.o)
                0x0000db40                __exidx_end = .
                0x0000db40                _etext = .

.rel.dyn        0x0000db40        0x0
 .rel.iplt      0x0000db40        0x0 ./main.o

.eh_frame       0x0000db40        0x0
 .eh_frame      0x0000db40        0x0 c:/nxp/lpcxpresso_8.2.2_650/lpcxpresso/tools/bin/../lib/gcc/arm-none-eabi/5.4.1/armv7-m\crtbegin.o

.data_RAM2      0x2007c000        0x0 load address 0x0000db40
 FILL mask 0xff
 *(.data.$RAM2*)
 *(.data.$RamAHB32*)
                0x2007c000                . = ALIGN (0x4)

.uninit_RESERVED
 *(.bss.$RESERVED*)

.data           0x100000c8      0x8d0 load address 0x0000db40
 FILL mask 0xff
                0x100000c8                _data = .
 *(vtable)
 *(.data*)
 .data.retujyun
                0x100000c8        0x4 ./main.o
                0x100000c8                retujyun
 .data.SystemCoreClock
                0x100000cc        0x4 C:/Users/AGATSUMA/Documents/LPCXpresso_8.2.2_650/workspace/TestProject_ver2.1/mbed/TARGET_LPC1768/TOOLCHAIN_GCC_CR/system_LPC17xx.o
                0x100000cc                SystemCoreClock
 .data.PWM_MATCH
                0x100000d0       0x1c C:\Users\AGATSUMA\Documents\LPCXpresso_8.2.2_650\workspace\TestProject_ver2.1\mbed\TARGET_LPC1768\TOOLCHAIN_GCC_CR\libmbed.a(pwmout_api.o)
                0x100000d0                PWM_MATCH
 *fill*         0x100000ec        0x4 ff
 .data.impure_data
                0x100000f0      0x428 c:/nxp/lpcxpresso_8.2.2_650/lpcxpresso/tools/bin/../lib/gcc/arm-none-eabi/5.4.1/../../../../arm-none-eabi/lib/armv7-m\libc.a(lib_a-impure.o)
 .data._impure_ptr
                0x10000518        0x4 c:/nxp/lpcxpresso_8.2.2_650/lpcxpresso/tools/bin/../lib/gcc/arm-none-eabi/5.4.1/../../../../arm-none-eabi/lib/armv7-m\libc.a(lib_a-impure.o)
                0x10000518                _impure_ptr
 .data.__malloc_av_
                0x1000051c      0x408 c:/nxp/lpcxpresso_8.2.2_650/lpcxpresso/tools/bin/../lib/gcc/arm-none-eabi/5.4.1/../../../../arm-none-eabi/lib/armv7-m\libc.a(lib_a-mallocr.o)
                0x1000051c                __malloc_av_
 .data.__malloc_trim_threshold
                0x10000924        0x4 c:/nxp/lpcxpresso_8.2.2_650/lpcxpresso/tools/bin/../lib/gcc/arm-none-eabi/5.4.1/../../../../arm-none-eabi/lib/armv7-m\libc.a(lib_a-mallocr.o)
                0x10000924                __malloc_trim_threshold
 .data.__malloc_sbrk_base
                0x10000928        0x4 c:/nxp/lpcxpresso_8.2.2_650/lpcxpresso/tools/bin/../lib/gcc/arm-none-eabi/5.4.1/../../../../arm-none-eabi/lib/armv7-m\libc.a(lib_a-mallocr.o)
                0x10000928                __malloc_sbrk_base
 .data.__ctype_ptr__
                0x1000092c        0x4 c:/nxp/lpcxpresso_8.2.2_650/lpcxpresso/tools/bin/../lib/gcc/arm-none-eabi/5.4.1/../../../../arm-none-eabi/lib/armv7-m\libc.a(lib_a-ctype_.o)
                0x1000092c                __ctype_ptr__
 .data.lconv    0x10000930       0x38 c:/nxp/lpcxpresso_8.2.2_650/lpcxpresso/tools/bin/../lib/gcc/arm-none-eabi/5.4.1/../../../../arm-none-eabi/lib/armv7-m\libc.a(lib_a-locale.o)
 .data.lc_ctype_charset
                0x10000968       0x20 c:/nxp/lpcxpresso_8.2.2_650/lpcxpresso/tools/bin/../lib/gcc/arm-none-eabi/5.4.1/../../../../arm-none-eabi/lib/armv7-m\libc.a(lib_a-locale.o)
 .data.__mb_cur_max
                0x10000988        0x4 c:/nxp/lpcxpresso_8.2.2_650/lpcxpresso/tools/bin/../lib/gcc/arm-none-eabi/5.4.1/../../../../arm-none-eabi/lib/armv7-m\libc.a(lib_a-locale.o)
                0x10000988                __mb_cur_max
 .data.__mbtowc
                0x1000098c        0x4 c:/nxp/lpcxpresso_8.2.2_650/lpcxpresso/tools/bin/../lib/gcc/arm-none-eabi/5.4.1/../../../../arm-none-eabi/lib/armv7-m\libc.a(lib_a-mbtowc_r.o)
                0x1000098c                __mbtowc
 .data.__wctomb
                0x10000990        0x4 c:/nxp/lpcxpresso_8.2.2_650/lpcxpresso/tools/bin/../lib/gcc/arm-none-eabi/5.4.1/../../../../arm-none-eabi/lib/armv7-m\libc.a(lib_a-wctomb_r.o)
                0x10000990                __wctomb
 .data          0x10000994        0x4 c:/nxp/lpcxpresso_8.2.2_650/lpcxpresso/tools/bin/../lib/gcc/arm-none-eabi/5.4.1/armv7-m\crtbegin.o
                0x10000994                __dso_handle
                0x10000998                . = ALIGN (0x4)
                0x10000998                _edata = .

.igot.plt       0x10000998        0x0 load address 0x0000e410
 .igot.plt      0x10000998        0x0 ./main.o

.jcr            0x10000998        0x0 load address 0x0000e410
 .jcr           0x10000998        0x0 c:/nxp/lpcxpresso_8.2.2_650/lpcxpresso/tools/bin/../lib/gcc/arm-none-eabi/5.4.1/armv7-m\crtbegin.o

.bss_RAM2       0x2007c000        0x0
 *(.bss.$RAM2*)
 *(.bss.$RamAHB32*)
 *(AHBSRAM0)
                0x2007c000                . = ALIGN (0x4)

.bss_RAM3       0x20080000        0x0
 *(AHBSRAM1)
                0x20080000                . = ALIGN (0x4)

.bss            0x10000998      0x338
                0x10000998                _bss = .
 *(.bss*)
 .bss.InData    0x10000998        0xb ./main.o
                0x10000998                InData
 *fill*         0x100009a3        0x1 
 .bss.L2        0x100009a4        0x8 ./main.o
                0x100009a4                L2
 .bss.sum       0x100009ac        0x4 ./main.o
                0x100009ac                sum
 .bss.miss      0x100009b0        0x4 ./main.o
                0x100009b0                miss
 .bss.L1        0x100009b4        0x8 ./main.o
                0x100009b4                L1
 .bss.serialFlg
                0x100009bc        0x1 ./main.o
                0x100009bc                serialFlg
 *fill*         0x100009bd        0x3 
 .bss.debug1    0x100009c0       0x18 ./main.o
                0x100009c0                debug1
 .bss.debug2    0x100009d8       0x18 ./main.o
                0x100009d8                debug2
 .bss.debug3    0x100009f0       0x18 ./main.o
                0x100009f0                debug3
 .bss.errorFlg  0x10000a08        0x1 ./main.o
                0x10000a08                errorFlg
 *fill*         0x10000a09        0x3 
 .bss.R1        0x10000a0c        0x8 ./main.o
                0x10000a0c                R1
 .bss.R2        0x10000a14        0x8 ./main.o
                0x10000a14                R2
 .bss.ch1       0x10000a1c       0x58 ./main.o
                0x10000a1c                ch1
 .bss._ZL11filehandles
                0x10000a74      0x100 C:/Users/AGATSUMA/Documents/LPCXpresso_8.2.2_650/workspace/TestProject_ver2.1/mbed/TARGET_LPC1768/TOOLCHAIN_GCC_CR/retarget.o
 .bss.pwm_clock_mhz
                0x10000b74        0x4 C:\Users\AGATSUMA\Documents\LPCXpresso_8.2.2_650\workspace\TestProject_ver2.1\mbed\TARGET_LPC1768\TOOLCHAIN_GCC_CR\libmbed.a(pwmout_api.o)
 .bss.stdio_uart_inited
                0x10000b78        0x4 C:\Users\AGATSUMA\Documents\LPCXpresso_8.2.2_650\workspace\TestProject_ver2.1\mbed\TARGET_LPC1768\TOOLCHAIN_GCC_CR\libmbed.a(serial_api.o)
                0x10000b78                stdio_uart_inited
 .bss.irq_handler
                0x10000b7c        0x4 C:\Users\AGATSUMA\Documents\LPCXpresso_8.2.2_650\workspace\TestProject_ver2.1\mbed\TARGET_LPC1768\TOOLCHAIN_GCC_CR\libmbed.a(serial_api.o)
 .bss.uart_data
                0x10000b80       0xe0 C:\Users\AGATSUMA\Documents\LPCXpresso_8.2.2_650\workspace\TestProject_ver2.1\mbed\TARGET_LPC1768\TOOLCHAIN_GCC_CR\libmbed.a(serial_api.o)
 .bss.us_ticker_inited
                0x10000c60        0x4 C:\Users\AGATSUMA\Documents\LPCXpresso_8.2.2_650\workspace\TestProject_ver2.1\mbed\TARGET_LPC1768\TOOLCHAIN_GCC_CR\libmbed.a(us_ticker.o)
                0x10000c60                us_ticker_inited
 .bss._ZN4mbed8FileBase5_headE
                0x10000c64        0x4 C:\Users\AGATSUMA\Documents\LPCXpresso_8.2.2_650\workspace\TestProject_ver2.1\mbed\TARGET_LPC1768\TOOLCHAIN_GCC_CR\libmbed.a(FileBase.o)
                0x10000c64                mbed::FileBase::_head
 .bss.events    0x10000c68        0x8 C:\Users\AGATSUMA\Documents\LPCXpresso_8.2.2_650\workspace\TestProject_ver2.1\mbed\TARGET_LPC1768\TOOLCHAIN_GCC_CR\libmbed.a(us_ticker_api.o)